Archive member included to satisfy reference by file (symbol)

/home/pdsilva/.pico-sdk/toolchain/14_2_Rel1/bin/../lib/gcc/arm-none-eabi/14.2.1/../../../../arm-none-eabi/lib/thumb/v8-m.main+fp/softfp/libm.a(libm_a-wf_sqrt.o)
                              CMakeFiles/vgaPico2.dir/home/pdsilva/.pico-sdk/sdk/2.2.0/src/rp2_common/pico_float/float_math.c.o (sqrtf)
/home/pdsilva/.pico-sdk/toolchain/14_2_Rel1/bin/../lib/gcc/arm-none-eabi/14.2.1/../../../../arm-none-eabi/lib/thumb/v8-m.main+fp/softfp/libm.a(libm_a-ef_sqrt.o)
                              /home/pdsilva/.pico-sdk/toolchain/14_2_Rel1/bin/../lib/gcc/arm-none-eabi/14.2.1/../../../../arm-none-eabi/lib/thumb/v8-m.main+fp/softfp/libm.a(libm_a-wf_sqrt.o) (__ieee754_sqrtf)
/home/pdsilva/.pico-sdk/toolchain/14_2_Rel1/bin/../lib/gcc/arm-none-eabi/14.2.1/thumb/v8-m.main+fp/softfp/libgcc.a(_arm_addsubdf3.o)
                              CMakeFiles/vgaPico2.dir/home/pdsilva/.pico-sdk/sdk/2.2.0/src/rp2_common/pico_float/float_math.c.o (__aeabi_f2d)
/home/pdsilva/.pico-sdk/toolchain/14_2_Rel1/bin/../lib/gcc/arm-none-eabi/14.2.1/thumb/v8-m.main+fp/softfp/libgcc.a(_aeabi_ldivmod.o)
                              CMakeFiles/vgaPico2.dir/home/pdsilva/.pico-sdk/sdk/2.2.0/src/common/pico_time/time.c.o (__aeabi_ldivmod)
/home/pdsilva/.pico-sdk/toolchain/14_2_Rel1/bin/../lib/gcc/arm-none-eabi/14.2.1/thumb/v8-m.main+fp/softfp/libgcc.a(_aeabi_uldivmod.o)
                              CMakeFiles/vgaPico2.dir/home/pdsilva/.pico-sdk/sdk/2.2.0/src/rp2_common/hardware_clocks/clocks.c.o (__aeabi_uldivmod)
/home/pdsilva/.pico-sdk/toolchain/14_2_Rel1/bin/../lib/gcc/arm-none-eabi/14.2.1/thumb/v8-m.main+fp/softfp/libgcc.a(_udivmoddi4.o)
                              /home/pdsilva/.pico-sdk/toolchain/14_2_Rel1/bin/../lib/gcc/arm-none-eabi/14.2.1/thumb/v8-m.main+fp/softfp/libgcc.a(_aeabi_ldivmod.o) (__udivmoddi4)
/home/pdsilva/.pico-sdk/toolchain/14_2_Rel1/bin/../lib/gcc/arm-none-eabi/14.2.1/thumb/v8-m.main+fp/softfp/libgcc.a(_dvmd_tls.o)
                              /home/pdsilva/.pico-sdk/toolchain/14_2_Rel1/bin/../lib/gcc/arm-none-eabi/14.2.1/thumb/v8-m.main+fp/softfp/libgcc.a(_aeabi_ldivmod.o) (__aeabi_ldiv0)
/home/pdsilva/.pico-sdk/toolchain/14_2_Rel1/bin/../lib/gcc/arm-none-eabi/14.2.1/../../../../arm-none-eabi/lib/thumb/v8-m.main+fp/softfp/libg.a(libc_a-calloc.o)
                              CMakeFiles/vgaPico2.dir/home/pdsilva/.pico-sdk/sdk/2.2.0/src/rp2_common/pico_malloc/malloc.c.o (calloc)
/home/pdsilva/.pico-sdk/toolchain/14_2_Rel1/bin/../lib/gcc/arm-none-eabi/14.2.1/../../../../arm-none-eabi/lib/thumb/v8-m.main+fp/softfp/libg.a(libc_a-callocr.o)
                              /home/pdsilva/.pico-sdk/toolchain/14_2_Rel1/bin/../lib/gcc/arm-none-eabi/14.2.1/../../../../arm-none-eabi/lib/thumb/v8-m.main+fp/softfp/libg.a(libc_a-calloc.o) (_calloc_r)
/home/pdsilva/.pico-sdk/toolchain/14_2_Rel1/bin/../lib/gcc/arm-none-eabi/14.2.1/../../../../arm-none-eabi/lib/thumb/v8-m.main+fp/softfp/libg.a(libc_a-malloc.o)
                              CMakeFiles/vgaPico2.dir/home/pdsilva/.pico-sdk/sdk/2.2.0/src/rp2_common/pico_malloc/malloc.c.o (malloc)
/home/pdsilva/.pico-sdk/toolchain/14_2_Rel1/bin/../lib/gcc/arm-none-eabi/14.2.1/../../../../arm-none-eabi/lib/thumb/v8-m.main+fp/softfp/libg.a(libc_a-mallocr.o)
                              /home/pdsilva/.pico-sdk/toolchain/14_2_Rel1/bin/../lib/gcc/arm-none-eabi/14.2.1/../../../../arm-none-eabi/lib/thumb/v8-m.main+fp/softfp/libg.a(libc_a-callocr.o) (_malloc_r)
/home/pdsilva/.pico-sdk/toolchain/14_2_Rel1/bin/../lib/gcc/arm-none-eabi/14.2.1/../../../../arm-none-eabi/lib/thumb/v8-m.main+fp/softfp/libg.a(libc_a-mlock.o)
                              /home/pdsilva/.pico-sdk/toolchain/14_2_Rel1/bin/../lib/gcc/arm-none-eabi/14.2.1/../../../../arm-none-eabi/lib/thumb/v8-m.main+fp/softfp/libg.a(libc_a-mallocr.o) (__malloc_lock)
/home/pdsilva/.pico-sdk/toolchain/14_2_Rel1/bin/../lib/gcc/arm-none-eabi/14.2.1/../../../../arm-none-eabi/lib/thumb/v8-m.main+fp/softfp/libg.a(libc_a-realloc.o)
                              CMakeFiles/vgaPico2.dir/home/pdsilva/.pico-sdk/sdk/2.2.0/src/rp2_common/pico_malloc/malloc.c.o (realloc)
/home/pdsilva/.pico-sdk/toolchain/14_2_Rel1/bin/../lib/gcc/arm-none-eabi/14.2.1/../../../../arm-none-eabi/lib/thumb/v8-m.main+fp/softfp/libg.a(libc_a-reallocr.o)
                              /home/pdsilva/.pico-sdk/toolchain/14_2_Rel1/bin/../lib/gcc/arm-none-eabi/14.2.1/../../../../arm-none-eabi/lib/thumb/v8-m.main+fp/softfp/libg.a(libc_a-realloc.o) (_realloc_r)
/home/pdsilva/.pico-sdk/toolchain/14_2_Rel1/bin/../lib/gcc/arm-none-eabi/14.2.1/../../../../arm-none-eabi/lib/thumb/v8-m.main+fp/softfp/libg.a(libc_a-ctype_.o)
                              CMakeFiles/vgaPico2.dir/vga16_text_demo.c.o (_ctype_)
/home/pdsilva/.pico-sdk/toolchain/14_2_Rel1/bin/../lib/gcc/arm-none-eabi/14.2.1/../../../../arm-none-eabi/lib/thumb/v8-m.main+fp/softfp/libg.a(libc_a-memcmp.o)
[...]
Memory Configuration

Name             Origin             Length             Attributes
FLASH            0x10000000         0x00400000         xr
RAM              0x20000000         0x00080000         xrw
SCRATCH_X        0x20080000         0x00001000         xrw
SCRATCH_Y        0x20081000         0x00001000         xrw
*default*        0x00000000         0xffffffff

Linker script and memory map

LOAD /home/pdsilva/.pico-sdk/toolchain/14_2_Rel1/bin/../lib/gcc/arm-none-eabi/14.2.1/thumb/v8-m.main+fp/softfp/crti.o
LOAD /home/pdsilva/.pico-sdk/toolchain/14_2_Rel1/bin/../lib/gcc/arm-none-eabi/14.2.1/thumb/v8-m.main+fp/softfp/crtbegin.o
LOAD /home/pdsilva/.pico-sdk/toolchain/14_2_Rel1/bin/../lib/gcc/arm-none-eabi/14.2.1/../../../../arm-none-eabi/lib/thumb/v8-m.main+fp/softfp/crt0.o

.flash_begin    0x10000000        0x0
                0x10000000                        __flash_binary_start = .

.text           0x10000000     0x47c4
                0x10000000                        __logical_binary_start = .
 *(.vectors)
 .vectors       0x10000000      0x124 CMakeFiles/vgaPico2.dir/home/pdsilva/.pico-sdk/sdk/2.2.0/src/rp2_common/pico_crt0/crt0.S.o
                0x10000000                __vectors
                0x10000000                __VECTOR_TABLE
                0x10000110                isr_securefault
                0x10000110                isr_irq30
                0x10000110                __unhandled_user_irq
                0x10000110                isr_irq49
                0x10000110                isr_irq13
                0x10000110                isr_irq43
                0x10000110                isr_irq45
                0x10000110                isr_irq27
                0x10000110                isr_irq32
                0x10000110                isr_irq31
                0x10000110                isr_irq5
                0x10000110                isr_irq11
                0x10000110                isr_irq23
                0x10000110                isr_usagefault
                0x10000110                isr_irq48
                0x10000110                isr_irq35
                0x10000110                isr_irq18
                0x10000110                isr_irq50
                0x10000110                isr_irq40
                0x10000110                isr_irq28
                0x10000110                isr_irq19
                0x10000110                isr_irq36
                0x10000110                isr_irq41
                0x10000110                isr_irq0
                0x10000110                isr_irq6
                0x10000110                isr_memmanage
                0x10000110                isr_irq37
                0x10000110                isr_irq42
                0x10000110                isr_irq22
                0x10000110                isr_irq17
                0x10000110                isr_irq38
                0x10000110                isr_irq14
                0x10000110                __vectors_end
                0x10000110                __default_isrs_start
                0x10000110                isr_irq2
                0x10000110                isr_irq10
                0x10000110                isr_irq8
                0x10000110                isr_debugmonitor
                0x10000110                isr_irq24
                0x10000110                isr_irq46
                0x10000110                isr_irq1
                0x10000110                isr_irq47
                0x10000110                isr_irq51
                0x10000110                isr_irq7
                0x10000110                isr_irq21
                0x10000110                isr_irq39
                0x10000110                isr_irq20
                0x10000110                isr_irq15
                0x10000110                isr_irq25
                0x10000110                isr_irq34
                0x10000110                isr_irq4
                0x10000110                isr_busfault
                0x10000110                isr_irq16
                0x10000110                isr_irq44
                0x10000110                isr_irq29
                0x10000110                isr_irq26
                0x10000110                isr_irq33
                0x10000110                isr_irq3
                0x10000110                isr_irq12
                0x10000110                isr_irq9
                0x10000116                unhandled_user_irq_num_in_r0
                0x10000118                isr_invalid
                0x1000011a                isr_nmi
                0x1000011c                isr_hardfault
                0x1000011e                isr_svcall
                0x10000120                isr_pendsv
                0x10000122                isr_systick
                0x10000124                __default_isrs_end
 *(.binary_info_header)
 .binary_info_header
                0x10000124       0x14 CMakeFiles/vgaPico2.dir/home/pdsilva/.pico-sdk/sdk/2.2.0/src/rp2_common/pico_crt0/crt0.S.o
                0x10000138                        __binary_info_header_end = .
 *(.embedded_block)
 .embedded_block
                0x10000138       0x14 CMakeFiles/vgaPico2.dir/home/pdsilva/.pico-sdk/sdk/2.2.0/src/rp2_common/pico_crt0/crt0.S.o
                0x1000014c                        __embedded_block_end = .
 *(.reset)
 .reset         0x1000014c       0x98 CMakeFiles/vgaPico2.dir/home/pdsilva/.pico-sdk/sdk/2.2.0/src/rp2_common/pico_crt0/crt0.S.o
                0x1000014c                _entry_point
 *(.init)
 .init          0x100001e4        0x4 /home/pdsilva/.pico-sdk/toolchain/14_2_Rel1/bin/../lib/gcc/arm-none-eabi/14.2.1/thumb/v8-m.main+fp/softfp/crti.o
                0x100001e4                _init
 *libgcc.a:cmse_nonsecure_call.o()
 *(EXCLUDE_FILE(*libm.a: *libc.a:*lib_a-mem*.o *libgcc.a:) .text*)
 .text.register_tm_clones
                0x100001e8       0x28 /home/pdsilva/.pico-sdk/toolchain/14_2_Rel1/bin/../lib/gcc/arm-none-eabi/14.2.1/thumb/v8-m.main+fp/softfp/crtbegin.o
 .text.frame_dummy
                0x10000210       0x24 /home/pdsilva/.pico-sdk/toolchain/14_2_Rel1/bin/../lib/gcc/arm-none-eabi/14.2.1/thumb/v8-m.main+fp/softfp/crtbegin.o
 *fill*         0x10000234        0x4 
 .text.initVGA  0x10000238      0x258 CMakeFiles/vgaPico2.dir/vga16_drv.c.o
                0x10000238                initVGA
 .text.protothread_toggle25
                0x10000490       0x90 CMakeFiles/vgaPico2.dir/vga16_text_demo.c.o
 .text.protothread_sched.constprop.0.isra.0
                0x10000520      0x12c CMakeFiles/vgaPico2.dir/vga16_text_demo.c.o
 .text.protothread_sched1.constprop.0.isra.0
                0x1000064c      0x12c CMakeFiles/vgaPico2.dir/vga16_text_demo.c.o
 .text.startup.main
                0x10000778       0xfc CMakeFiles/vgaPico2.dir/vga16_text_demo.c.o
                0x10000778                main
 .text.msprintf
                0x10000874      0x248 CMakeFiles/vgaPico2.dir/vga16_text_demo.c.o
                0x10000874                msprintf
 .text.protothread_write_screen
                0x10000abc      0x140 CMakeFiles/vgaPico2.dir/vga16_text_demo.c.o
 .text.init_text_screen
                0x10000bfc       0x94 CMakeFiles/vgaPico2.dir/vga16_text.c.o
                0x10000bfc                init_text_screen
 .text.clrscr   0x10000c90       0x28 CMakeFiles/vgaPico2.dir/vga16_text.c.o
                0x10000c90                clrscr
 .text.fillRect
                0x10000cb8      0x130 CMakeFiles/vgaPico2.dir/vga16_text.c.o
                0x10000cb8                fillRect
 .text.drawChar.part.0
                0x10000de8      0x41c CMakeFiles/vgaPico2.dir/vga16_text.c.o
 .text.pchar    0x10001204       0xdc CMakeFiles/vgaPico2.dir/vga16_text.c.o
                0x10001204                pchar
 .text.get_cursor_y
                0x100012e0        0xc CMakeFiles/vgaPico2.dir/vga16_text.c.o
                0x100012e0                get_cursor_y
 .text.get_cursor_x
                0x100012ec        0xc CMakeFiles/vgaPico2.dir/vga16_text.c.o
                0x100012ec                get_cursor_x
 .text.setTextCursor
                0x100012f8       0x14 CMakeFiles/vgaPico2.dir/vga16_text.c.o
                0x100012f8                setTextCursor
 .text.setTextSize
                0x1000130c       0x10 CMakeFiles/vgaPico2.dir/vga16_text.c.o
                0x1000130c                setTextSize
 .text.setTextColor
                0x1000131c       0x14 CMakeFiles/vgaPico2.dir/vga16_text.c.o
                0x1000131c                setTextColor
 .text.printString
                0x10001330       0xf0 CMakeFiles/vgaPico2.dir/vga16_text.c.o
                0x10001330                printString
 .text.gpio_set_function
                0x10001420       0x3c CMakeFiles/vgaPico2.dir/home/pdsilva/.pico-sdk/sdk/2.2.0/src/rp2_common/hardware_gpio/gpio.c.o
                0x10001420                gpio_set_function
 .text.gpio_init
                0x1000145c       0x48 CMakeFiles/vgaPico2.dir/home/pdsilva/.pico-sdk/sdk/2.2.0/src/rp2_common/hardware_gpio/gpio.c.o
                0x1000145c                gpio_init
 .text.panic    0x100014a4       0x30 CMakeFiles/vgaPico2.dir/home/pdsilva/.pico-sdk/sdk/2.2.0/src/rp2_common/pico_platform_panic/panic.c.o
                0x100014a4                panic
 .text.hw_claim_lock
                0x100014d4       0x24 CMakeFiles/vgaPico2.dir/home/pdsilva/.pico-sdk/sdk/2.2.0/src/common/hardware_claim/claim.c.o
                0x100014d4                hw_claim_lock
 .text.hw_claim_unlock
                0x100014f8       0x14 CMakeFiles/vgaPico2.dir/home/pdsilva/.pico-sdk/sdk/2.2.0/src/common/hardware_claim/claim.c.o
                0x100014f8                hw_claim_unlock
 .text.hw_claim_or_assert
                0x1000150c       0x58 CMakeFiles/vgaPico2.dir/home/pdsilva/.pico-sdk/sdk/2.2.0/src/common/hardware_claim/claim.c.o
                0x1000150c                hw_claim_or_assert
 .text.hw_claim_unused_from_range
                0x10001564       0x80 CMakeFiles/vgaPico2.dir/home/pdsilva/.pico-sdk/sdk/2.2.0/src/common/hardware_claim/claim.c.o
                0x10001564                hw_claim_unused_from_range
 .text.next_striped_spin_lock_num
                0x100015e4       0x18 CMakeFiles/vgaPico2.dir/home/pdsilva/.pico-sdk/sdk/2.2.0/src/rp2_common/hardware_sync/sync.c.o
                0x100015e4                next_striped_spin_lock_num
 .text.spinlock_set_extexclall
                0x100015fc       0x10 CMakeFiles/vgaPico2.dir/home/pdsilva/.pico-sdk/sdk/2.2.0/src/rp2_common/hardware_sync_spin_lock/sync_spin_lock.c.o
 .text.spin_locks_reset
                0x1000160c       0x18 CMakeFiles/vgaPico2.dir/home/pdsilva/.pico-sdk/sdk/2.2.0/src/rp2_common/hardware_sync_spin_lock/sync_spin_lock.c.o
                0x1000160c                spin_locks_reset
 .text.runtime_init_per_core_irq_priorities
                0x10001624       0x40 CMakeFiles/vgaPico2.dir/home/pdsilva/.pico-sdk/sdk/2.2.0/src/rp2_common/hardware_irq/irq.c.o
                0x10001624                runtime_init_per_core_irq_priorities
 .text.irq_set_enabled
                0x10001664       0x2c CMakeFiles/vgaPico2.dir/home/pdsilva/.pico-sdk/sdk/2.2.0/src/rp2_common/hardware_irq/irq.c.o
                0x10001664                irq_set_enabled
 .text.irq_set_exclusive_handler
                0x10001690       0x60 CMakeFiles/vgaPico2.dir/home/pdsilva/.pico-sdk/sdk/2.2.0/src/rp2_common/hardware_irq/irq.c.o
                0x10001690                irq_set_exclusive_handler
 .text.lock_init
                0x100016f0        0xc CMakeFiles/vgaPico2.dir/home/pdsilva/.pico-sdk/sdk/2.2.0/src/common/pico_sync/lock_core.c.o
                0x100016f0                lock_init
 .text.runtime_init_mutex
                0x100016fc       0x4c CMakeFiles/vgaPico2.dir/home/pdsilva/.pico-sdk/sdk/2.2.0/src/common/pico_sync/mutex.c.o
                0x100016fc                runtime_init_mutex
 .text.sleep_until_callback
                0x10001748       0x3c CMakeFiles/vgaPico2.dir/home/pdsilva/.pico-sdk/sdk/2.2.0/src/common/pico_time/time.c.o
 *fill*         0x10001784        0x4 
 .text.alarm_pool_irq_handler
                0x10001788      0x2f0 CMakeFiles/vgaPico2.dir/home/pdsilva/.pico-sdk/sdk/2.2.0/src/common/pico_time/time.c.o
 .text.runtime_init_default_alarm_pool
                0x10001a78      0x100 CMakeFiles/vgaPico2.dir/home/pdsilva/.pico-sdk/sdk/2.2.0/src/common/pico_time/time.c.o
                0x10001a78                runtime_init_default_alarm_pool
 .text.alarm_pool_add_alarm_at_force_in_context
                0x10001b78       0xc8 CMakeFiles/vgaPico2.dir/home/pdsilva/.pico-sdk/sdk/2.2.0/src/common/pico_time/time.c.o
                0x10001b78                alarm_pool_add_alarm_at_force_in_context
 .text.alarm_pool_cancel_alarm
                0x10001c40       0x80 CMakeFiles/vgaPico2.dir/home/pdsilva/.pico-sdk/sdk/2.2.0/src/common/pico_time/time.c.o
                0x10001c40                alarm_pool_cancel_alarm
 .text.best_effort_wfe_or_timeout
                0x10001cc0       0xd4 CMakeFiles/vgaPico2.dir/home/pdsilva/.pico-sdk/sdk/2.2.0/src/common/pico_time/time.c.o
                0x10001cc0                best_effort_wfe_or_timeout
 .text.timer_hardware_alarm_claim
                0x10001d94       0x24 CMakeFiles/vgaPico2.dir/home/pdsilva/.pico-sdk/sdk/2.2.0/src/rp2_common/hardware_timer/timer.c.o
                0x10001d94                timer_hardware_alarm_claim
 .text.timer_time_us_64
                0x10001db8       0x10 CMakeFiles/vgaPico2.dir/home/pdsilva/.pico-sdk/sdk/2.2.0/src/rp2_common/hardware_timer/timer.c.o
                0x10001db8                timer_time_us_64
 .text.time_us_64
                0x10001dc8       0x14 CMakeFiles/vgaPico2.dir/home/pdsilva/.pico-sdk/sdk/2.2.0/src/rp2_common/hardware_timer/timer.c.o
                0x10001dc8                time_us_64
 .text.clock_configure_undivided
                0x10001ddc       0xd0 CMakeFiles/vgaPico2.dir/home/pdsilva/.pico-sdk/sdk/2.2.0/src/rp2_common/hardware_clocks/clocks.c.o
                0x10001ddc                clock_configure_undivided
 .text.clock_get_hz
                0x10001eac        0xc CMakeFiles/vgaPico2.dir/home/pdsilva/.pico-sdk/sdk/2.2.0/src/rp2_common/hardware_clocks/clocks.c.o
                0x10001eac                clock_get_hz
 .text.set_sys_clock_pll
                0x10001eb8      0x184 CMakeFiles/vgaPico2.dir/home/pdsilva/.pico-sdk/sdk/2.2.0/src/rp2_common/hardware_clocks/clocks.c.o
                0x10001eb8                set_sys_clock_pll
 .text.check_sys_clock_khz
                0x1000203c      0x19c CMakeFiles/vgaPico2.dir/home/pdsilva/.pico-sdk/sdk/2.2.0/src/rp2_common/hardware_clocks/clocks.c.o
                0x1000203c                check_sys_clock_khz
 .text.pll_init
                0x100021d8       0x8c CMakeFiles/vgaPico2.dir/home/pdsilva/.pico-sdk/sdk/2.2.0/src/rp2_common/hardware_pll/pll.c.o
                0x100021d8                pll_init
 .text.tick_start
                0x10002264       0x18 CMakeFiles/vgaPico2.dir/home/pdsilva/.pico-sdk/sdk/2.2.0/src/rp2_common/hardware_ticks/ticks.c.o
                0x10002264                tick_start
 .text.rom_func_lookup
                0x1000227c       0x18 CMakeFiles/vgaPico2.dir/home/pdsilva/.pico-sdk/sdk/2.2.0/src/rp2_common/pico_bootrom/bootrom.c.o
                0x1000227c                rom_func_lookup
 .text.runtime_init_bootrom_locking_enable
                0x10002294       0x14 CMakeFiles/vgaPico2.dir/home/pdsilva/.pico-sdk/sdk/2.2.0/src/rp2_common/pico_bootrom/bootrom_lock.c.o
                0x10002294                runtime_init_bootrom_locking_enable
 .text.runtime_init_boot_locks_reset
                0x100022a8       0x1c CMakeFiles/vgaPico2.dir/home/pdsilva/.pico-sdk/sdk/2.2.0/src/rp2_common/hardware_boot_lock/boot_lock.c.o
                0x100022a8                runtime_init_boot_locks_reset
 .text.xosc_init
                0x100022c4       0x30 CMakeFiles/vgaPico2.dir/home/pdsilva/.pico-sdk/sdk/2.2.0/src/rp2_common/hardware_xosc/xosc.c.o
                0x100022c4                xosc_init
 .text.first_per_core_initializer
                0x100022f4        0x4 CMakeFiles/vgaPico2.dir/home/pdsilva/.pico-sdk/sdk/2.2.0/src/rp2_common/pico_runtime/runtime.c.o
 .text.hard_assertion_failure
                0x100022f8        0xc CMakeFiles/vgaPico2.dir/home/pdsilva/.pico-sdk/sdk/2.2.0/src/rp2_common/pico_runtime/runtime.c.o
                0x100022f8                hard_assertion_failure
 .text.runtime_run_initializers
                0x10002304       0x20 CMakeFiles/vgaPico2.dir/home/pdsilva/.pico-sdk/sdk/2.2.0/src/rp2_common/pico_runtime/runtime.c.o
                0x10002304                runtime_run_initializers
 .text.runtime_init_early_resets
                0x10002324       0x34 CMakeFiles/vgaPico2.dir/home/pdsilva/.pico-sdk/sdk/2.2.0/src/rp2_common/pico_runtime_init/runtime_init.c.o
                0x10002324                runtime_init_early_resets
 .text.runtime_init_usb_power_down
                0x10002358       0x1c CMakeFiles/vgaPico2.dir/home/pdsilva/.pico-sdk/sdk/2.2.0/src/rp2_common/pico_runtime_init/runtime_init.c.o
                0x10002358                runtime_init_usb_power_down
 .text.runtime_init_per_core_enable_coprocessors
                0x10002374       0x1c CMakeFiles/vgaPico2.dir/home/pdsilva/.pico-sdk/sdk/2.2.0/src/rp2_common/pico_runtime_init/runtime_init.c.o
                0x10002374                runtime_init_per_core_enable_coprocessors
 .text.runtime_init_post_clock_resets
                0x10002390       0x20 CMakeFiles/vgaPico2.dir/home/pdsilva/.pico-sdk/sdk/2.2.0/src/rp2_common/pico_runtime_init/runtime_init.c.o
                0x10002390                runtime_init_post_clock_resets
 .text.runtime_init_bootrom_reset
                0x100023b0       0x14 CMakeFiles/vgaPico2.dir/home/pdsilva/.pico-sdk/sdk/2.2.0/src/rp2_common/pico_runtime_init/runtime_init.c.o
                0x100023b0                runtime_init_bootrom_reset
 .text.runtime_init_per_core_bootrom_reset
                0x100023c4       0x14 CMakeFiles/vgaPico2.dir/home/pdsilva/.pico-sdk/sdk/2.2.0/src/rp2_common/pico_runtime_init/runtime_init.c.o
                0x100023c4                runtime_init_per_core_bootrom_reset
 .text.runtime_init_spin_locks_reset
                0x100023d8        0x4 CMakeFiles/vgaPico2.dir/home/pdsilva/.pico-sdk/sdk/2.2.0/src/rp2_common/pico_runtime_init/runtime_init.c.o
                0x100023d8                runtime_init_spin_locks_reset
 .text.runtime_init_install_ram_vector_table
                0x100023dc       0x68 CMakeFiles/vgaPico2.dir/home/pdsilva/.pico-sdk/sdk/2.2.0/src/rp2_common/pico_runtime_init/runtime_init.c.o
                0x100023dc                runtime_init_install_ram_vector_table
 .text.runtime_init_clocks
                0x10002444       0xdc CMakeFiles/vgaPico2.dir/home/pdsilva/.pico-sdk/sdk/2.2.0/src/rp2_common/pico_runtime_init/runtime_init_clocks.c.o
                0x10002444                runtime_init_clocks
 .text.__rp2350_dcp_engaged_state_save_restore
                0x10002520       0x3a CMakeFiles/vgaPico2.dir/home/pdsilva/.pico-sdk/sdk/2.2.0/src/rp2_common/pico_double/double_aeabi_dcp.S.o
 *fill*         0x1000255a        0x2 
 .text.__wrap___aeabi_dadd
                0x1000255c       0x28 CMakeFiles/vgaPico2.dir/home/pdsilva/.pico-sdk/sdk/2.2.0/src/rp2_common/pico_double/double_aeabi_dcp.S.o
                0x10002564                __wrap___aeabi_dadd
 .text.__wrap___aeabi_dsub
                0x10002584       0x28 CMakeFiles/vgaPico2.dir/home/pdsilva/.pico-sdk/sdk/2.2.0/src/rp2_common/pico_double/double_aeabi_dcp.S.o
                0x1000258c                __wrap___aeabi_dsub
 .text.__wrap___aeabi_dmul
                0x100025ac       0x4c CMakeFiles/vgaPico2.dir/home/pdsilva/.pico-sdk/sdk/2.2.0/src/rp2_common/pico_double/double_aeabi_dcp.S.o
                0x100025b4                __wrap___aeabi_dmul
 .text.__wrap___aeabi_ddiv
                0x100025f8       0x9c CMakeFiles/vgaPico2.dir/home/pdsilva/.pico-sdk/sdk/2.2.0/src/rp2_common/pico_double/double_aeabi_dcp.S.o
                0x10002600                __wrap___aeabi_ddiv
 .text.__wrap___aeabi_i2d
                0x10002694       0x24 CMakeFiles/vgaPico2.dir/home/pdsilva/.pico-sdk/sdk/2.2.0/src/rp2_common/pico_double/double_aeabi_dcp.S.o
                0x1000269c                __wrap___aeabi_i2d
                0x1000269c                int2double
 .text.__wrap___aeabi_ui2d
                0x100026b8       0x24 CMakeFiles/vgaPico2.dir/home/pdsilva/.pico-sdk/sdk/2.2.0/src/rp2_common/pico_double/double_aeabi_dcp.S.o
                0x100026c0                __wrap___aeabi_ui2d
                0x100026c0                uint2double
 .text.__wrap___aeabi_d2iz
                0x100026dc       0x24 CMakeFiles/vgaPico2.dir/home/pdsilva/.pico-sdk/sdk/2.2.0/src/rp2_common/pico_double/double_aeabi_dcp.S.o
                0x100026e4                __wrap___aeabi_d2iz
                0x100026e4                double2int_z
 .text.__wrap___aeabi_d2uiz
                0x10002700       0x24 CMakeFiles/vgaPico2.dir/home/pdsilva/.pico-sdk/sdk/2.2.0/src/rp2_common/pico_double/double_aeabi_dcp.S.o
                0x10002708                double2uint_z
                0x10002708                double2uint
                0x10002708                __wrap___aeabi_d2uiz
 .text.__wrap___aeabi_dcmpun
                0x10002724       0x24 CMakeFiles/vgaPico2.dir/home/pdsilva/.pico-sdk/sdk/2.2.0/src/rp2_common/pico_double/double_aeabi_dcp.S.o
                0x1000272c                __wrap___aeabi_dcmpun
 .text.__wrap___aeabi_dcmplt
                0x10002748       0x28 CMakeFiles/vgaPico2.dir/home/pdsilva/.pico-sdk/sdk/2.2.0/src/rp2_common/pico_double/double_aeabi_dcp.S.o
                0x10002750                __wrap___aeabi_dcmplt
 .text.__wrap___aeabi_dcmple
                0x10002770       0x28 CMakeFiles/vgaPico2.dir/home/pdsilva/.pico-sdk/sdk/2.2.0/src/rp2_common/pico_double/double_aeabi_dcp.S.o
                0x10002778                __wrap___aeabi_dcmple
 .text.__wrap___aeabi_dcmpge
                0x10002798       0x28 CMakeFiles/vgaPico2.dir/home/pdsilva/.pico-sdk/sdk/2.2.0/src/rp2_common/pico_double/double_aeabi_dcp.S.o
                0x100027a0                __wrap___aeabi_dcmpge
 .text.__wrap___aeabi_dcmpgt
                0x100027c0       0x28 CMakeFiles/vgaPico2.dir/home/pdsilva/.pico-sdk/sdk/2.2.0/src/rp2_common/pico_double/double_aeabi_dcp.S.o
                0x100027c8                __wrap___aeabi_dcmpgt
 .text._out_buffer
                0x100027e8        0x8 CMakeFiles/vgaPico2.dir/home/pdsilva/.pico-sdk/sdk/2.2.0/src/rp2_common/pico_printf/printf.c.o
 .text._out_null
                0x100027f0        0x4 CMakeFiles/vgaPico2.dir/home/pdsilva/.pico-sdk/sdk/2.2.0/src/rp2_common/pico_printf/printf.c.o
 .text._out_rev
                0x100027f4       0x9c CMakeFiles/vgaPico2.dir/home/pdsilva/.pico-sdk/sdk/2.2.0/src/rp2_common/pico_printf/printf.c.o
 .text._ntoa_format
                0x10002890      0x1d4 CMakeFiles/vgaPico2.dir/home/pdsilva/.pico-sdk/sdk/2.2.0/src/rp2_common/pico_printf/printf.c.o
 .text._out_char
                0x10002a64        0x8 CMakeFiles/vgaPico2.dir/home/pdsilva/.pico-sdk/sdk/2.2.0/src/rp2_common/pico_printf/printf.c.o
 .text._out_fct
                0x10002a6c        0xc CMakeFiles/vgaPico2.dir/home/pdsilva/.pico-sdk/sdk/2.2.0/src/rp2_common/pico_printf/printf.c.o
 .text._ftoa    0x10002a78      0x4bc CMakeFiles/vgaPico2.dir/home/pdsilva/.pico-sdk/sdk/2.2.0/src/rp2_common/pico_printf/printf.c.o
 *fill*         0x10002f34        0x4 
 .text._etoa    0x10002f38      0x574 CMakeFiles/vgaPico2.dir/home/pdsilva/.pico-sdk/sdk/2.2.0/src/rp2_common/pico_printf/printf.c.o
 .text._vsnprintf
                0x100034ac      0x9e4 CMakeFiles/vgaPico2.dir/home/pdsilva/.pico-sdk/sdk/2.2.0/src/rp2_common/pico_printf/printf.c.o
 .text.__wrap_snprintf
                0x10003e90       0x2c CMakeFiles/vgaPico2.dir/home/pdsilva/.pico-sdk/sdk/2.2.0/src/rp2_common/pico_printf/printf.c.o
                0x10003e90                __wrap_snprintf
 .text.vfctprintf
                0x10003ebc       0x28 CMakeFiles/vgaPico2.dir/home/pdsilva/.pico-sdk/sdk/2.2.0/src/rp2_common/pico_printf/printf.c.o
                0x10003ebc                vfctprintf
 .text.weak_raw_vprintf
                0x10003ee4       0x30 CMakeFiles/vgaPico2.dir/home/pdsilva/.pico-sdk/sdk/2.2.0/src/rp2_common/pico_printf/printf.c.o
                0x10003ee4                weak_raw_vprintf
 .text._exit    0x10003f14        0x4 CMakeFiles/vgaPico2.dir/home/pdsilva/.pico-sdk/sdk/2.2.0/src/rp2_common/pico_clib_interface/newlib_interface.c.o
                0x10003f14                _exit
 .text.exit     0x10003f18        0x8 CMakeFiles/vgaPico2.dir/home/pdsilva/.pico-sdk/sdk/2.2.0/src/rp2_common/pico_clib_interface/newlib_interface.c.o
                0x10003f18                exit
 .text.runtime_init
                0x10003f20       0x24 CMakeFiles/vgaPico2.dir/home/pdsilva/.pico-sdk/sdk/2.2.0/src/rp2_common/pico_clib_interface/newlib_interface.c.o
                0x10003f20                runtime_init
 .text.stdio_out_chars_no_crlf
                0x10003f44        0x8 CMakeFiles/vgaPico2.dir/home/pdsilva/.pico-sdk/sdk/2.2.0/src/rp2_common/pico_stdio/stdio.c.o
 .text.stdio_out_chars_crlf
                0x10003f4c       0xb0 CMakeFiles/vgaPico2.dir/home/pdsilva/.pico-sdk/sdk/2.2.0/src/rp2_common/pico_stdio/stdio.c.o
 .text.stdio_buffered_printer
                0x10003ffc       0x60 CMakeFiles/vgaPico2.dir/home/pdsilva/.pico-sdk/sdk/2.2.0/src/rp2_common/pico_stdio/stdio.c.o
 .text.stdio_put_string
                0x1000405c       0xec CMakeFiles/vgaPico2.dir/home/pdsilva/.pico-sdk/sdk/2.2.0/src/rp2_common/pico_stdio/stdio.c.o
                0x1000405c                stdio_put_string
 .text.stdio_init_all
                0x10004148        0x4 CMakeFiles/vgaPico2.dir/home/pdsilva/.pico-sdk/sdk/2.2.0/src/rp2_common/pico_stdio/stdio.c.o
                0x10004148                stdio_init_all
 .text.__wrap_putchar
                0x1000414c       0x84 CMakeFiles/vgaPico2.dir/home/pdsilva/.pico-sdk/sdk/2.2.0/src/rp2_common/pico_stdio/stdio.c.o
                0x1000414c                stdio_putchar
                0x1000414c                __wrap_putchar
 .text.__wrap_puts
                0x100041d0       0x3c CMakeFiles/vgaPico2.dir/home/pdsilva/.pico-sdk/sdk/2.2.0/src/rp2_common/pico_stdio/stdio.c.o
                0x100041d0                __wrap_puts
                0x100041d0                stdio_puts
 .text.__wrap_vprintf
                0x1000420c       0xc4 CMakeFiles/vgaPico2.dir/home/pdsilva/.pico-sdk/sdk/2.2.0/src/rp2_common/pico_stdio/stdio.c.o
                0x1000420c                __wrap_vprintf
                0x1000420c                stdio_vprintf
 .text.__wrap_printf
                0x100042d0       0x1c CMakeFiles/vgaPico2.dir/home/pdsilva/.pico-sdk/sdk/2.2.0/src/rp2_common/pico_stdio/stdio.c.o
                0x100042d0                stdio_printf
                0x100042d0                __wrap_printf
 .text.pio_sm_claim
                0x100042ec       0x48 CMakeFiles/vgaPico2.dir/home/pdsilva/.pico-sdk/sdk/2.2.0/src/rp2_common/hardware_pio/pio.c.o
                0x100042ec                pio_sm_claim
 .text.pio_add_program
                0x10004334       0xf4 CMakeFiles/vgaPico2.dir/home/pdsilva/.pico-sdk/sdk/2.2.0/src/rp2_common/hardware_pio/pio.c.o
                0x10004334                pio_add_program
 .text.pio_sm_set_consecutive_pindirs
                0x10004428       0x8c CMakeFiles/vgaPico2.dir/home/pdsilva/.pico-sdk/sdk/2.2.0/src/rp2_common/hardware_pio/pio.c.o
                0x10004428                pio_sm_set_consecutive_pindirs
 .text.pio_sm_init
                0x100044b4       0xa8 CMakeFiles/vgaPico2.dir/home/pdsilva/.pico-sdk/sdk/2.2.0/src/rp2_common/hardware_pio/pio.c.o
                0x100044b4                pio_sm_init
 .text.dma_claim_unused_channel
                0x1000455c       0x20 CMakeFiles/vgaPico2.dir/home/pdsilva/.pico-sdk/sdk/2.2.0/src/rp2_common/hardware_dma/dma.c.o
                0x1000455c                dma_claim_unused_channel
 .text.memset   0x1000457c       0x9c /home/pdsilva/.pico-sdk/toolchain/14_2_Rel1/bin/../lib/gcc/arm-none-eabi/14.2.1/../../../../arm-none-eabi/lib/thumb/v8-m.main+fp/softfp/libg.a(libc_a-memset.o)
                0x1000457c                memset
 .text          0x10004618       0xec /home/pdsilva/.pico-sdk/toolchain/14_2_Rel1/bin/../lib/gcc/arm-none-eabi/14.2.1/../../../../arm-none-eabi/lib/thumb/v8-m.main+fp/softfp/libg.a(libc_a-memcpy.o)
                0x10004618                memcpy
 .text.strlen   0x10004704       0x5c /home/pdsilva/.pico-sdk/toolchain/14_2_Rel1/bin/../lib/gcc/arm-none-eabi/14.2.1/../../../../arm-none-eabi/lib/thumb/v8-m.main+fp/softfp/libg.a(libc_a-strlen-stub.o)
                0x10004704                strlen
 *(.fini)
 .fini          0x10004760        0x4 /home/pdsilva/.pico-sdk/toolchain/14_2_Rel1/bin/../lib/gcc/arm-none-eabi/14.2.1/thumb/v8-m.main+fp/softfp/crti.o
                0x10004760                _fini
 *fill*         0x10004764        0x4 
 .fini.__stub   0x10004768       0x18 linker stubs
 *crtbegin.o(.ctors)
 *crtbegin?.o(.ctors)
 *(EXCLUDE_FILE(*crtend.o *crtend?.o) .ctors)
 *(SORT_BY_NAME(.ctors.*))
 *(.ctors)
 *crtbegin.o(.dtors)
 *crtbegin?.o(.dtors)
 *(EXCLUDE_FILE(*crtend.o *crtend?.o) .dtors)
 *(SORT_BY_NAME(.dtors.*))
 *(.dtors)
                0x10004780                        . = ALIGN (0x4)
                0x10004780                        PROVIDE (__preinit_array_start = .)
 *(SORT_BY_NAME(.preinit_array.*))
 .preinit_array.00050
                0x10004780        0x4 CMakeFiles/vgaPico2.dir/home/pdsilva/.pico-sdk/sdk/2.2.0/src/rp2_common/pico_runtime_init/runtime_init.c.o
                0x10004780                __pre_init_runtime_init_bootrom_reset
 .preinit_array.00100
                0x10004784        0x4 CMakeFiles/vgaPico2.dir/home/pdsilva/.pico-sdk/sdk/2.2.0/src/rp2_common/pico_runtime_init/runtime_init.c.o
                0x10004784                __pre_init_runtime_init_early_resets
 .preinit_array.00101
                0x10004788        0x4 CMakeFiles/vgaPico2.dir/home/pdsilva/.pico-sdk/sdk/2.2.0/src/rp2_common/pico_runtime_init/runtime_init.c.o
                0x10004788                __pre_init_runtime_init_usb_power_down
 .preinit_array.00500
                0x1000478c        0x4 CMakeFiles/vgaPico2.dir/home/pdsilva/.pico-sdk/sdk/2.2.0/src/rp2_common/pico_runtime_init/runtime_init.c.o
                0x1000478c                __pre_init_runtime_init_clocks
 .preinit_array.00600
                0x10004790        0x4 CMakeFiles/vgaPico2.dir/home/pdsilva/.pico-sdk/sdk/2.2.0/src/rp2_common/pico_runtime_init/runtime_init.c.o
                0x10004790                __pre_init_runtime_init_post_clock_resets
 .preinit_array.01000
                0x10004794        0x4 CMakeFiles/vgaPico2.dir/home/pdsilva/.pico-sdk/sdk/2.2.0/src/rp2_common/hardware_boot_lock/boot_lock.c.o
                0x10004794                __pre_init_runtime_init_boot_locks_reset
 .preinit_array.01000
                0x10004798        0x4 CMakeFiles/vgaPico2.dir/home/pdsilva/.pico-sdk/sdk/2.2.0/src/rp2_common/pico_runtime_init/runtime_init.c.o
                0x10004798                __pre_init_runtime_init_spin_locks_reset
 .preinit_array.01010
                0x1000479c        0x4 CMakeFiles/vgaPico2.dir/home/pdsilva/.pico-sdk/sdk/2.2.0/src/rp2_common/pico_bootrom/bootrom_lock.c.o
                0x1000479c                __pre_init_runtime_init_bootrom_locking_enable
 .preinit_array.01100
                0x100047a0        0x4 CMakeFiles/vgaPico2.dir/home/pdsilva/.pico-sdk/sdk/2.2.0/src/common/pico_sync/mutex.c.o
                0x100047a0                __pre_init_runtime_init_mutex
 .preinit_array.10080
                0x100047a4        0x4 CMakeFiles/vgaPico2.dir/home/pdsilva/.pico-sdk/sdk/2.2.0/src/rp2_common/pico_runtime_init/runtime_init.c.o
                0x100047a4                __pre_init_runtime_init_install_ram_vector_table
 .preinit_array.11000
                0x100047a8        0x4 CMakeFiles/vgaPico2.dir/home/pdsilva/.pico-sdk/sdk/2.2.0/src/common/pico_time/time.c.o
                0x100047a8                __pre_init_runtime_init_default_alarm_pool
 .preinit_array.YYYYY
                0x100047ac        0x4 CMakeFiles/vgaPico2.dir/home/pdsilva/.pico-sdk/sdk/2.2.0/src/rp2_common/pico_runtime/runtime.c.o
                0x100047ac                __pre_init_first_per_core_initializer
 .preinit_array.ZZZZZ.00051
                0x100047b0        0x4 CMakeFiles/vgaPico2.dir/home/pdsilva/.pico-sdk/sdk/2.2.0/src/rp2_common/pico_runtime_init/runtime_init.c.o
                0x100047b0                __pre_init_runtime_init_per_core_bootrom_reset
 .preinit_array.ZZZZZ.00200
                0x100047b4        0x4 CMakeFiles/vgaPico2.dir/home/pdsilva/.pico-sdk/sdk/2.2.0/src/rp2_common/pico_runtime_init/runtime_init.c.o
                0x100047b4                __pre_init_runtime_init_per_core_enable_coprocessors
 .preinit_array.ZZZZZ.01000
                0x100047b8        0x4 CMakeFiles/vgaPico2.dir/home/pdsilva/.pico-sdk/sdk/2.2.0/src/rp2_common/hardware_sync_spin_lock/sync_spin_lock.c.o
                0x100047b8                __pre_init_spinlock_set_extexclall
 .preinit_array.ZZZZZ.01200
                0x100047bc        0x4 CMakeFiles/vgaPico2.dir/home/pdsilva/.pico-sdk/sdk/2.2.0/src/rp2_common/hardware_irq/irq.c.o
                0x100047bc                __pre_init_runtime_init_per_core_irq_priorities
 *(.preinit_array)
                0x100047c0                        PROVIDE (__preinit_array_end = .)
                0x100047c0                        . = ALIGN (0x4)
                0x100047c0                        PROVIDE (__init_array_start = .)
 *(SORT_BY_NAME(.init_array.*))
 *(.init_array)
 .init_array    0x100047c0        0x4 /home/pdsilva/.pico-sdk/toolchain/14_2_Rel1/bin/../lib/gcc/arm-none-eabi/14.2.1/thumb/v8-m.main+fp/softfp/crtbegin.o
                0x100047c4                        PROVIDE (__init_array_end = .)
                0x100047c4                        . = ALIGN (0x4)
                [!provide]                        PROVIDE (__fini_array_start = .)
 *(SORT_BY_NAME(.fini_array.*))
 *(.fini_array)
                [!provide]                        PROVIDE (__fini_array_end = .)
 *(.eh_frame*)
 .eh_frame      0x100047c4        0x0 /home/pdsilva/.pico-sdk/toolchain/14_2_Rel1/bin/../lib/gcc/arm-none-eabi/14.2.1/thumb/v8-m.main+fp/softfp/crtbegin.o
                0x100047c4                        . = ALIGN (0x4)

.glue_7         0x100047c4        0x0
 .glue_7        0x100047c4        0x0 linker stubs

.glue_7t        0x100047c4        0x0
 .glue_7t       0x100047c4        0x0 linker stubs

.vfp11_veneer   0x100047c4        0x0
 .vfp11_veneer  0x100047c4        0x0 linker stubs

.v4_bx          0x100047c4        0x0
 .v4_bx         0x100047c4        0x0 linker stubs

.iplt           0x100047c4        0x0
 .iplt          0x100047c4        0x0 /home/pdsilva/.pico-sdk/toolchain/14_2_Rel1/bin/../lib/gcc/arm-none-eabi/14.2.1/thumb/v8-m.main+fp/softfp/crtbegin.o

.boot2          0x100047c4        0x0
                0x100047c4                        __boot2_start__ = .
 *(.boot2)
                0x100047c4                        __boot2_end__ = .
                0x00000001                        ASSERT (((__boot2_end__ - __boot2_start__) <= 0x100), ERROR: Pico second stage bootloader must be no more than 256 bytes in size)

.rodata         0x100047c8      0x8b8
 *(EXCLUDE_FILE(*libm.a: *libc.a:*lib_a-mem*.o *libgcc.a:) .rodata*)
 .rodata.rgb_program
                0x100047c8        0x8 CMakeFiles/vgaPico2.dir/vga16_drv.c.o
 .rodata.rgb_program_instructions
                0x100047d0       0x12 CMakeFiles/vgaPico2.dir/vga16_drv.c.o
 *fill*         0x100047e2        0x2 
 .rodata.vsync_program
                0x100047e4        0x8 CMakeFiles/vgaPico2.dir/vga16_drv.c.o
 .rodata.vsync_program_instructions
                0x100047ec       0x1c CMakeFiles/vgaPico2.dir/vga16_drv.c.o
 .rodata.hsync_program
                0x10004808        0x8 CMakeFiles/vgaPico2.dir/vga16_drv.c.o
 .rodata.hsync_program_instructions
                0x10004810       0x12 CMakeFiles/vgaPico2.dir/vga16_drv.c.o
 *fill*         0x10004822        0x2 
 .rodata.main.str1.4
                0x10004824      0x1a2 CMakeFiles/vgaPico2.dir/vga16_text_demo.c.o
                                 0x56 (size before relaxing)
 .rodata.msprintf.str1.4
                0x100049c6        0xb CMakeFiles/vgaPico2.dir/vga16_text_demo.c.o
 .rodata.protothread_write_screen.str1.4
                0x100049c6       0x17 CMakeFiles/vgaPico2.dir/vga16_text_demo.c.o
 *fill*         0x100049c6        0x2 
 .rodata.font   0x100049c8      0x4fb CMakeFiles/vgaPico2.dir/vga16_text.c.o
 .rodata.panic.str1.4
                0x10004ec3       0x12 CMakeFiles/vgaPico2.dir/home/pdsilva/.pico-sdk/sdk/2.2.0/src/rp2_common/pico_platform_panic/panic.c.o
 .rodata.timer_hardware_alarm_claim.str1.4
                0x10004ec3       0x22 CMakeFiles/vgaPico2.dir/home/pdsilva/.pico-sdk/sdk/2.2.0/src/rp2_common/hardware_timer/timer.c.o
 .rodata.hard_assertion_failure.str1.4
                0x10004ec3        0xc CMakeFiles/vgaPico2.dir/home/pdsilva/.pico-sdk/sdk/2.2.0/src/rp2_common/pico_runtime/runtime.c.o
 .rodata.str1.4
                0x10004ec3       0x44 CMakeFiles/vgaPico2.dir/home/pdsilva/.pico-sdk/sdk/2.2.0/src/rp2_common/pico_standard_binary_info/standard_binary_info.c.o
 *fill*         0x10004ec3        0x1 
 .rodata.__bi_84
                0x10004ec4        0xc CMakeFiles/vgaPico2.dir/home/pdsilva/.pico-sdk/sdk/2.2.0/src/rp2_common/pico_standard_binary_info/standard_binary_info.c.o
 .rodata.__bi_78
                0x10004ed0        0xc CMakeFiles/vgaPico2.dir/home/pdsilva/.pico-sdk/sdk/2.2.0/src/rp2_common/pico_standard_binary_info/standard_binary_info.c.o
 .rodata.__bi_60
                0x10004edc        0xc CMakeFiles/vgaPico2.dir/home/pdsilva/.pico-sdk/sdk/2.2.0/src/rp2_common/pico_standard_binary_info/standard_binary_info.c.o
 .rodata.__bi_54
                0x10004ee8        0xc CMakeFiles/vgaPico2.dir/home/pdsilva/.pico-sdk/sdk/2.2.0/src/rp2_common/pico_standard_binary_info/standard_binary_info.c.o
 .rodata.__bi_48
                0x10004ef4        0xc CMakeFiles/vgaPico2.dir/home/pdsilva/.pico-sdk/sdk/2.2.0/src/rp2_common/pico_standard_binary_info/standard_binary_info.c.o
 .rodata.__bi_42
                0x10004f00        0xc CMakeFiles/vgaPico2.dir/home/pdsilva/.pico-sdk/sdk/2.2.0/src/rp2_common/pico_standard_binary_info/standard_binary_info.c.o
 .rodata.__bi_34
                0x10004f0c        0xc CMakeFiles/vgaPico2.dir/home/pdsilva/.pico-sdk/sdk/2.2.0/src/rp2_common/pico_standard_binary_info/standard_binary_info.c.o
 .rodata.__bi_26
                0x10004f18        0xc CMakeFiles/vgaPico2.dir/home/pdsilva/.pico-sdk/sdk/2.2.0/src/rp2_common/pico_standard_binary_info/standard_binary_info.c.o
 .rodata._ftoa.str1.4
                0x10004f24       0x15 CMakeFiles/vgaPico2.dir/home/pdsilva/.pico-sdk/sdk/2.2.0/src/rp2_common/pico_printf/printf.c.o
 *fill*         0x10004f24        0x4 
 .rodata.pow10.0
                0x10004f28       0x50 CMakeFiles/vgaPico2.dir/home/pdsilva/.pico-sdk/sdk/2.2.0/src/rp2_common/pico_printf/printf.c.o
 .rodata.crlf_str.0
                0x10004f78        0x2 CMakeFiles/vgaPico2.dir/home/pdsilva/.pico-sdk/sdk/2.2.0/src/rp2_common/pico_stdio/stdio.c.o
 .rodata.pio_sm_claim.str1.4
                0x10004f7a       0x62 CMakeFiles/vgaPico2.dir/home/pdsilva/.pico-sdk/sdk/2.2.0/src/rp2_common/hardware_pio/pio.c.o
 .rodata.dma_claim_unused_channel.str1.4
                0x10004f7a       0x1e CMakeFiles/vgaPico2.dir/home/pdsilva/.pico-sdk/sdk/2.2.0/src/rp2_common/hardware_dma/dma.c.o
 *fill*         0x10004f7a        0x2 
 .rodata._ctype_
                0x10004f7c      0x101 /home/pdsilva/.pico-sdk/toolchain/14_2_Rel1/bin/../lib/gcc/arm-none-eabi/14.2.1/../../../../arm-none-eabi/lib/thumb/v8-m.main+fp/softfp/libg.a(libc_a-ctype_.o)
                0x10004f7c                _ctype_
 *(.srodata*)
                0x10005080                        . = ALIGN (0x4)
 *fill*         0x1000507d        0x3 
 *(SORT_BY_ALIGNMENT(SORT_BY_NAME(.flashdata*)))
                0x10005080                        . = ALIGN (0x4)

.ARM.extab
 *(.ARM.extab* .gnu.linkonce.armextab.*)
                0x10005080                        __exidx_start = .

.ARM.exidx      0x10005080        0x8
 *(.ARM.exidx* .gnu.linkonce.armexidx.*)
 .ARM.exidx     0x10005080        0x8 /home/pdsilva/.pico-sdk/toolchain/14_2_Rel1/bin/../lib/gcc/arm-none-eabi/14.2.1/../../../../arm-none-eabi/lib/thumb/v8-m.main+fp/softfp/libg.a(libc_a-memcpy.o)
 .ARM.exidx.text.__udivmoddi4
                0x10005088        0x0 /home/pdsilva/.pico-sdk/toolchain/14_2_Rel1/bin/../lib/gcc/arm-none-eabi/14.2.1/thumb/v8-m.main+fp/softfp/libgcc.a(_udivmoddi4.o)
                                  0x8 (size before relaxing)
                0x10005088                        __exidx_end = .
                0x10005088                        . = ALIGN (0x4)
                0x10005088                        __binary_info_start = .

.binary_info    0x10005088       0x20
 *(.binary_info.keep.*)
 .binary_info.keep.__bi_ptr84
                0x10005088        0x4 CMakeFiles/vgaPico2.dir/home/pdsilva/.pico-sdk/sdk/2.2.0/src/rp2_common/pico_standard_binary_info/standard_binary_info.c.o
 .binary_info.keep.__bi_ptr78
                0x1000508c        0x4 CMakeFiles/vgaPico2.dir/home/pdsilva/.pico-sdk/sdk/2.2.0/src/rp2_common/pico_standard_binary_info/standard_binary_info.c.o
 .binary_info.keep.__bi_ptr60
                0x10005090        0x4 CMakeFiles/vgaPico2.dir/home/pdsilva/.pico-sdk/sdk/2.2.0/src/rp2_common/pico_standard_binary_info/standard_binary_info.c.o
 .binary_info.keep.__bi_ptr54
                0x10005094        0x4 CMakeFiles/vgaPico2.dir/home/pdsilva/.pico-sdk/sdk/2.2.0/src/rp2_common/pico_standard_binary_info/standard_binary_info.c.o
 .binary_info.keep.__bi_ptr48
                0x10005098        0x4 CMakeFiles/vgaPico2.dir/home/pdsilva/.pico-sdk/sdk/2.2.0/src/rp2_common/pico_standard_binary_info/standard_binary_info.c.o
 .binary_info.keep.__bi_ptr42
                0x1000509c        0x4 CMakeFiles/vgaPico2.dir/home/pdsilva/.pico-sdk/sdk/2.2.0/src/rp2_common/pico_standard_binary_info/standard_binary_info.c.o
 .binary_info.keep.__bi_ptr34
                0x100050a0        0x4 CMakeFiles/vgaPico2.dir/home/pdsilva/.pico-sdk/sdk/2.2.0/src/rp2_common/pico_standard_binary_info/standard_binary_info.c.o
 .binary_info.keep.__bi_ptr26
                0x100050a4        0x4 CMakeFiles/vgaPico2.dir/home/pdsilva/.pico-sdk/sdk/2.2.0/src/rp2_common/pico_standard_binary_info/standard_binary_info.c.o
 *(.binary_info.*)
                0x100050a8                        __binary_info_end = .
                0x100050a8                        . = ALIGN (0x4)

.ram_vector_table
                0x20000000      0x110
 *(.ram_vector_table)
 .ram_vector_table
                0x20000000      0x110 CMakeFiles/vgaPico2.dir/home/pdsilva/.pico-sdk/sdk/2.2.0/src/rp2_common/pico_runtime_init/runtime_init.c.o
                0x20000000                ram_vector_table

.uninitialized_data
                0x20000110        0x0
                0x20000110                        . = ALIGN (0x4)
 *(.uninitialized_data*)

.data           0x20000110      0x4c8 load address 0x100050a8
                0x20000110                        __data_start__ = .
 *(vtable)
 *(.time_critical*)
 .time_critical.mutex_enter_block_until
                0x20000110       0x6c CMakeFiles/vgaPico2.dir/home/pdsilva/.pico-sdk/sdk/2.2.0/src/common/pico_sync/mutex.c.o
                0x20000110                mutex_enter_block_until
 .time_critical.mutex_try_enter_block_until
                0x2000017c       0x68 CMakeFiles/vgaPico2.dir/home/pdsilva/.pico-sdk/sdk/2.2.0/src/common/pico_sync/mutex.c.o
                0x2000017c                mutex_try_enter_block_until
 .time_critical.mutex_exit
                0x200001e4       0x3c CMakeFiles/vgaPico2.dir/home/pdsilva/.pico-sdk/sdk/2.2.0/src/common/pico_sync/mutex.c.o
                0x200001e4                mutex_exit
 *(.text*)
 .text          0x20000220       0x30 /home/pdsilva/.pico-sdk/toolchain/14_2_Rel1/bin/../lib/gcc/arm-none-eabi/14.2.1/thumb/v8-m.main+fp/softfp/libgcc.a(_aeabi_uldivmod.o)
                0x20000220                __aeabi_uldivmod
 .text.__udivmoddi4
                0x20000250      0x34c /home/pdsilva/.pico-sdk/toolchain/14_2_Rel1/bin/../lib/gcc/arm-none-eabi/14.2.1/thumb/v8-m.main+fp/softfp/libgcc.a(_udivmoddi4.o)
                0x20000250                __udivmoddi4
 .text          0x2000059c        0x4 /home/pdsilva/.pico-sdk/toolchain/14_2_Rel1/bin/../lib/gcc/arm-none-eabi/14.2.1/thumb/v8-m.main+fp/softfp/libgcc.a(_dvmd_tls.o)
                0x2000059c                __aeabi_ldiv0
                0x2000059c                __aeabi_idiv0
 .text.__stub   0x200005a0        0x8 linker stubs
                0x200005a8                        . = ALIGN (0x4)
 *(.rodata*)
                0x200005a8                        . = ALIGN (0x4)
 *(.data*)
 .data.address_pointer
                0x200005a8        0x4 CMakeFiles/vgaPico2.dir/vga16_drv.c.o
                0x200005a8                address_pointer
 .data.striped_spin_lock_num
                0x200005ac        0x1 CMakeFiles/vgaPico2.dir/home/pdsilva/.pico-sdk/sdk/2.2.0/src/rp2_common/hardware_sync/sync.c.o
 *fill*         0x200005ad        0x3 
 .data.default_alarm_pool
                0x200005b0       0x18 CMakeFiles/vgaPico2.dir/home/pdsilva/.pico-sdk/sdk/2.2.0/src/common/pico_time/time.c.o
 *(.sdata*)
                0x200005c8                        . = ALIGN (0x4)
 *(.after_data.*)
                0x200005c8                        . = ALIGN (0x4)
                0x200005c8                        PROVIDE (__mutex_array_start = .)
 *(SORT_BY_NAME(.mutex_array.*))
 *(.mutex_array)
 .mutex_array   0x200005c8        0x8 CMakeFiles/vgaPico2.dir/home/pdsilva/.pico-sdk/sdk/2.2.0/src/rp2_common/pico_malloc/malloc.c.o
 .mutex_array   0x200005d0        0x8 CMakeFiles/vgaPico2.dir/home/pdsilva/.pico-sdk/sdk/2.2.0/src/rp2_common/pico_stdio/stdio.c.o
                0x200005d8                        PROVIDE (__mutex_array_end = .)
 *(.jcr)
                0x200005d8                        . = ALIGN (0x4)

.tm_clone_table
                0x200005d8        0x0 load address 0x10005570
 .tm_clone_table
                0x200005d8        0x0 /home/pdsilva/.pico-sdk/toolchain/14_2_Rel1/bin/../lib/gcc/arm-none-eabi/14.2.1/thumb/v8-m.main+fp/softfp/crtbegin.o
 .tm_clone_table
                0x200005d8        0x0 /home/pdsilva/.pico-sdk/toolchain/14_2_Rel1/bin/../lib/gcc/arm-none-eabi/14.2.1/thumb/v8-m.main+fp/softfp/crtend.o

.igot.plt       0x200005d8        0x0 load address 0x10005570
 .igot.plt      0x200005d8        0x0 /home/pdsilva/.pico-sdk/toolchain/14_2_Rel1/bin/../lib/gcc/arm-none-eabi/14.2.1/thumb/v8-m.main+fp/softfp/crtbegin.o

.tdata          0x200005d8        0x0 load address 0x10005570
                0x200005d8                        . = ALIGN (0x4)
 *(.tdata .tdata.* .gnu.linkonce.td.*)
                0x200005d8                        __tdata_end = .
                0x200005d8                        PROVIDE (__data_end__ = .)
                0x100050a8                        __etext = LOADADDR (.data)

.tbss           0x200005d8        0x0 load address 0x10005570
                0x200005d8                        . = ALIGN (0x4)
                0x200005d8                        __bss_start__ = .
                0x200005d8                        __tls_base = .
 *(.tbss .tbss.* .gnu.linkonce.tb.*)
 *(.tcommon)
                0x200005d8                        __tls_end = .

.bss            0x200005d8    0x25c6c load address 0x10005570
                0x200005d8                        . = ALIGN (0x4)
                0x200005d8                        __tbss_end = .
 *(SORT_BY_ALIGNMENT(SORT_BY_NAME(.bss*)))
 .bss.default_alarm_pool_entries
                0x200005d8      0x180 CMakeFiles/vgaPico2.dir/home/pdsilva/.pico-sdk/sdk/2.2.0/src/common/pico_time/time.c.o
 .bss.pt_interval_marker.2
                0x20000758        0x8 CMakeFiles/vgaPico2.dir/vga16_text_demo.c.o
 .bss.pt_interval_marker.4
                0x20000760        0x8 CMakeFiles/vgaPico2.dir/vga16_text_demo.c.o
 .bss.sched_thread_time
                0x20000768       0x50 CMakeFiles/vgaPico2.dir/vga16_text_demo.c.o
                0x20000768                sched_thread_time
 .bss.sched_thread_time1
                0x200007b8       0x50 CMakeFiles/vgaPico2.dir/vga16_text_demo.c.o
                0x200007b8                sched_thread_time1
 .bss.thread_time
                0x20000808        0x8 CMakeFiles/vgaPico2.dir/vga16_text_demo.c.o
                0x20000808                thread_time
 .bss.thread_time1
                0x20000810        0x8 CMakeFiles/vgaPico2.dir/vga16_text_demo.c.o
                0x20000810                thread_time1
 .bss._height   0x20000818        0x4 CMakeFiles/vgaPico2.dir/vga16_text.c.o
                0x20000818                _height
 .bss._sw_spin_locks
                0x2000081c       0x20 CMakeFiles/vgaPico2.dir/home/pdsilva/.pico-sdk/sdk/2.2.0/src/rp2_common/hardware_sync_spin_lock/sync_spin_lock.c.o
                0x2000081c                _sw_spin_locks
 .bss._used_instruction_space
                0x2000083c        0xc CMakeFiles/vgaPico2.dir/home/pdsilva/.pico-sdk/sdk/2.2.0/src/rp2_common/hardware_pio/pio.c.o
 .bss._width    0x20000848        0x4 CMakeFiles/vgaPico2.dir/vga16_text.c.o
                0x20000848                _width
 .bss.claimed   0x2000084c        0x2 CMakeFiles/vgaPico2.dir/home/pdsilva/.pico-sdk/sdk/2.2.0/src/rp2_common/hardware_timer/timer.c.o
 *fill*         0x2000084e        0x2 
 .bss.claimed   0x20000850        0x2 CMakeFiles/vgaPico2.dir/home/pdsilva/.pico-sdk/sdk/2.2.0/src/rp2_common/hardware_pio/pio.c.o
 *fill*         0x20000852        0x2 
 .bss.configured_freq
                0x20000854       0x28 CMakeFiles/vgaPico2.dir/home/pdsilva/.pico-sdk/sdk/2.2.0/src/rp2_common/hardware_clocks/clocks.c.o
 .bss.cursorx   0x2000087c        0x4 CMakeFiles/vgaPico2.dir/vga16_text_demo.c.o
                0x2000087c                cursorx
 .bss.cursory   0x20000880        0x4 CMakeFiles/vgaPico2.dir/vga16_text_demo.c.o
                0x20000880                cursory
 .bss.drivers   0x20000884        0x4 CMakeFiles/vgaPico2.dir/home/pdsilva/.pico-sdk/sdk/2.2.0/src/rp2_common/pico_stdio/stdio.c.o
 .bss.filter    0x20000888        0x4 CMakeFiles/vgaPico2.dir/home/pdsilva/.pico-sdk/sdk/2.2.0/src/rp2_common/pico_stdio/stdio.c.o
 .bss.i.0       0x2000088c        0x4 CMakeFiles/vgaPico2.dir/vga16_text_demo.c.o
 .bss.i.1       0x20000890        0x4 CMakeFiles/vgaPico2.dir/vga16_text_demo.c.o
 .bss.lazy_vsnprintf
                0x20000894        0x4 CMakeFiles/vgaPico2.dir/home/pdsilva/.pico-sdk/sdk/2.2.0/src/rp2_common/pico_printf/printf.c.o
 .bss.object.0  0x20000898       0x18 /home/pdsilva/.pico-sdk/toolchain/14_2_Rel1/bin/../lib/gcc/arm-none-eabi/14.2.1/thumb/v8-m.main+fp/softfp/crtbegin.o
 .bss.pools     0x200008b0       0x20 CMakeFiles/vgaPico2.dir/home/pdsilva/.pico-sdk/sdk/2.2.0/src/common/pico_time/time.c.o
 .bss.pt_executed
                0x200008d0        0x4 CMakeFiles/vgaPico2.dir/vga16_text_demo.c.o
                0x200008d0                pt_executed
 .bss.pt_executed1
                0x200008d4        0x4 CMakeFiles/vgaPico2.dir/vga16_text_demo.c.o
                0x200008d4                pt_executed1
 .bss.pt_sched  0x200008d8        0x4 CMakeFiles/vgaPico2.dir/vga16_text_demo.c.o
 .bss.pt_sched1
                0x200008dc        0x4 CMakeFiles/vgaPico2.dir/vga16_text_demo.c.o
 .bss.pt_sched_method
                0x200008e0        0x4 CMakeFiles/vgaPico2.dir/vga16_text_demo.c.o
                0x200008e0                pt_sched_method
 .bss.pt_task_count
                0x200008e4        0x4 CMakeFiles/vgaPico2.dir/vga16_text_demo.c.o
                0x200008e4                pt_task_count
 .bss.pt_task_count1
                0x200008e8        0x4 CMakeFiles/vgaPico2.dir/vga16_text_demo.c.o
                0x200008e8                pt_task_count1
 .bss.pt_thread_list
                0x200008ec       0x78 CMakeFiles/vgaPico2.dir/vga16_text_demo.c.o
 .bss.pt_thread_list1
                0x20000964       0x78 CMakeFiles/vgaPico2.dir/vga16_text_demo.c.o
 .bss.sched_count
                0x200009dc        0x4 CMakeFiles/vgaPico2.dir/vga16_text_demo.c.o
                0x200009dc                sched_count
 .bss.sched_count1
                0x200009e0        0x4 CMakeFiles/vgaPico2.dir/vga16_text_demo.c.o
                0x200009e0                sched_count1
 .bss.sched_thread_stats
                0x200009e4       0x28 CMakeFiles/vgaPico2.dir/vga16_text_demo.c.o
                0x200009e4                sched_thread_stats
 .bss.sched_thread_stats1
                0x20000a0c       0x28 CMakeFiles/vgaPico2.dir/vga16_text_demo.c.o
                0x20000a0c                sched_thread_stats1
 .bss.sleep_notifier
                0x20000a34        0x4 CMakeFiles/vgaPico2.dir/home/pdsilva/.pico-sdk/sdk/2.2.0/src/common/pico_time/time.c.o
 .bss.vga_data_array
                0x20000a38    0x25800 CMakeFiles/vgaPico2.dir/vga16_drv.c.o
                0x20000a38                vga_data_array
 .bss._claimed  0x20026238        0x2 CMakeFiles/vgaPico2.dir/home/pdsilva/.pico-sdk/sdk/2.2.0/src/rp2_common/hardware_dma/dma.c.o
 .bss.cursor_x  0x2002623a        0x2 CMakeFiles/vgaPico2.dir/vga16_text.c.o
                0x2002623a                cursor_x
 .bss.cursor_y  0x2002623c        0x2 CMakeFiles/vgaPico2.dir/vga16_text.c.o
                0x2002623c                cursor_y
 .bss.textsize  0x2002623e        0x2 CMakeFiles/vgaPico2.dir/vga16_text.c.o
                0x2002623e                textsize
 .bss.LED_state.3
                0x20026240        0x1 CMakeFiles/vgaPico2.dir/vga16_text_demo.c.o
 .bss.textbgcolor
                0x20026241        0x1 CMakeFiles/vgaPico2.dir/vga16_text.c.o
                0x20026241                textbgcolor
 .bss.textcolor
                0x20026242        0x1 CMakeFiles/vgaPico2.dir/vga16_text.c.o
                0x20026242                textcolor
 .bss.wrap      0x20026243        0x1 CMakeFiles/vgaPico2.dir/vga16_text.c.o
                0x20026243                wrap
 *(COMMON)
                [!provide]                        PROVIDE (__global_pointer$ = (. + 0x800))
 *(.sbss*)
                0x20026244                        . = ALIGN (0x4)
                0x20026244                        __bss_end__ = .

.heap           0x20026244      0x800 load address 0x10005570
                0x20026244                        __end__ = .
                0x20026244                        end = __end__
 *(.heap*)
 .heap          0x20026244      0x800 CMakeFiles/vgaPico2.dir/home/pdsilva/.pico-sdk/sdk/2.2.0/src/rp2_common/pico_crt0/crt0.S.o
                0x20080000                        __HeapLimit = (ORIGIN (RAM) + LENGTH (RAM))

.scratch_x      0x20080000        0x0 load address 0x10005570
                0x20080000                        __scratch_x_start__ = .
 *(.scratch_x.*)
                0x20080000                        . = ALIGN (0x4)
                0x20080000                        __scratch_x_end__ = .
                0x10005570                        __scratch_x_source__ = LOADADDR (.scratch_x)

.scratch_y      0x20081000        0x0 load address 0x10005570
                0x20081000                        __scratch_y_start__ = .
 *(.scratch_y.*)
                0x20081000                        . = ALIGN (0x4)
                0x20081000                        __scratch_y_end__ = .
                0x10005570                        __scratch_y_source__ = LOADADDR (.scratch_y)

.stack1_dummy   0x20080000      0x800
 *(.stack1*)
 .stack1        0x20080000      0x800 CMakeFiles/vgaPico2.dir/home/pdsilva/.pico-sdk/sdk/2.2.0/src/rp2_common/pico_multicore/multicore.c.o

.stack_dummy    0x20081000      0x800
 *(.stack*)
 .stack         0x20081000      0x800 CMakeFiles/vgaPico2.dir/home/pdsilva/.pico-sdk/sdk/2.2.0/src/rp2_common/pico_crt0/crt0.S.o

.flash_end      0x10005570       0x14
 *(.embedded_end_block*)
 .embedded_end_block
                0x10005570       0x14 CMakeFiles/vgaPico2.dir/home/pdsilva/.pico-sdk/sdk/2.2.0/src/rp2_common/pico_crt0/crt0.S.o
                0x10005584                        PROVIDE (__flash_binary_end = .)
                0x20080000                        __StackLimit = (ORIGIN (RAM) + LENGTH (RAM))
                0x20081000                        __StackOneTop = (ORIGIN (SCRATCH_X) + LENGTH (SCRATCH_X))
                0x20082000                        __StackTop = (ORIGIN (SCRATCH_Y) + LENGTH (SCRATCH_Y))
                0x20080800                        __StackOneBottom = (__StackOneTop - SIZEOF (.stack1_dummy))
                0x20081800                        __StackBottom = (__StackTop - SIZEOF (.stack_dummy))
                0x20082000                        PROVIDE (__stack = __StackTop)
                [!provide]                        PROVIDE (__heap_start = __end__)
                [!provide]                        PROVIDE (__heap_end = __HeapLimit)
                [!provide]                        PROVIDE (__tls_align = MAX (ALIGNOF (.tdata), ALIGNOF (.tbss)))
                [!provide]                        PROVIDE (__tls_size_align = (((__tls_size + __tls_align) - 0x1) & ~ ((__tls_align - 0x1))))
                [!provide]                        PROVIDE (__arm32_tls_tcb_offset = MAX (0x8, __tls_align))
                [!provide]                        PROVIDE (_end = __end__)
                [!provide]                        PROVIDE (__llvm_libc_heap_limit = __HeapLimit)
                0x00000001                        ASSERT ((__StackLimit >= __HeapLimit), region RAM overflowed)
                0x00000001                        ASSERT (((__binary_info_header_end - __logical_binary_start) <= 0x400), Binary info must be in first 1024 bytes of the binary)
                0x00000001                        ASSERT (((__embedded_block_end - __logical_binary_start) <= 0x1000), Embedded block must be in first 4096 bytes of the binary)
LOAD CMakeFiles/vgaPico2.dir/vga16_drv.c.o
LOAD CMakeFiles/vgaPico2.dir/vga16_text_demo.c.o
LOAD CMakeFiles/vgaPico2.dir/vga16_text.c.o
LOAD CMakeFiles/vgaPico2.dir/home/pdsilva/.pico-sdk/sdk/2.2.0/src/rp2_common/pico_stdlib/stdlib.c.o
LOAD CMakeFiles/vgaPico2.dir/home/pdsilva/.pico-sdk/sdk/2.2.0/src/rp2_common/hardware_gpio/gpio.c.o
LOAD CMakeFiles/vgaPico2.dir/home/pdsilva/.pico-sdk/sdk/2.2.0/src/rp2350/pico_platform/platform.c.o
LOAD CMakeFiles/vgaPico2.dir/home/pdsilva/.pico-sdk/sdk/2.2.0/src/rp2_common/pico_platform_common/common.c.o
LOAD CMakeFiles/vgaPico2.dir/home/pdsilva/.pico-sdk/sdk/2.2.0/src/rp2_common/pico_platform_panic/panic.c.o
LOAD CMakeFiles/vgaPico2.dir/home/pdsilva/.pico-sdk/sdk/2.2.0/src/common/hardware_claim/claim.c.o
LOAD CMakeFiles/vgaPico2.dir/home/pdsilva/.pico-sdk/sdk/2.2.0/src/rp2_common/hardware_sync/sync.c.o
LOAD CMakeFiles/vgaPico2.dir/home/pdsilva/.pico-sdk/sdk/2.2.0/src/rp2_common/hardware_sync_spin_lock/sync_spin_lock.c.o
LOAD CMakeFiles/vgaPico2.dir/home/pdsilva/.pico-sdk/sdk/2.2.0/src/rp2_common/hardware_irq/irq.c.o
LOAD CMakeFiles/vgaPico2.dir/home/pdsilva/.pico-sdk/sdk/2.2.0/src/rp2_common/hardware_irq/irq_handler_chain.S.o
LOAD CMakeFiles/vgaPico2.dir/home/pdsilva/.pico-sdk/sdk/2.2.0/src/common/pico_sync/sem.c.o
LOAD CMakeFiles/vgaPico2.dir/home/pdsilva/.pico-sdk/sdk/2.2.0/src/common/pico_sync/lock_core.c.o
LOAD CMakeFiles/vgaPico2.dir/home/pdsilva/.pico-sdk/sdk/2.2.0/src/common/pico_sync/mutex.c.o
LOAD CMakeFiles/vgaPico2.dir/home/pdsilva/.pico-sdk/sdk/2.2.0/src/common/pico_sync/critical_section.c.o
LOAD CMakeFiles/vgaPico2.dir/home/pdsilva/.pico-sdk/sdk/2.2.0/src/common/pico_time/time.c.o
LOAD CMakeFiles/vgaPico2.dir/home/pdsilva/.pico-sdk/sdk/2.2.0/src/common/pico_time/timeout_helper.c.o
LOAD CMakeFiles/vgaPico2.dir/home/pdsilva/.pico-sdk/sdk/2.2.0/src/rp2_common/hardware_timer/timer.c.o
LOAD CMakeFiles/vgaPico2.dir/home/pdsilva/.pico-sdk/sdk/2.2.0/src/common/pico_util/datetime.c.o
LOAD CMakeFiles/vgaPico2.dir/home/pdsilva/.pico-sdk/sdk/2.2.0/src/common/pico_util/pheap.c.o
LOAD CMakeFiles/vgaPico2.dir/home/pdsilva/.pico-sdk/sdk/2.2.0/src/common/pico_util/queue.c.o
LOAD CMakeFiles/vgaPico2.dir/home/pdsilva/.pico-sdk/sdk/2.2.0/src/rp2_common/hardware_uart/uart.c.o
LOAD CMakeFiles/vgaPico2.dir/home/pdsilva/.pico-sdk/sdk/2.2.0/src/rp2_common/hardware_clocks/clocks.c.o
LOAD CMakeFiles/vgaPico2.dir/home/pdsilva/.pico-sdk/sdk/2.2.0/src/rp2_common/hardware_pll/pll.c.o
LOAD CMakeFiles/vgaPico2.dir/home/pdsilva/.pico-sdk/sdk/2.2.0/src/rp2_common/hardware_vreg/vreg.c.o
LOAD CMakeFiles/vgaPico2.dir/home/pdsilva/.pico-sdk/sdk/2.2.0/src/rp2_common/hardware_watchdog/watchdog.c.o
LOAD CMakeFiles/vgaPico2.dir/home/pdsilva/.pico-sdk/sdk/2.2.0/src/rp2_common/hardware_ticks/ticks.c.o
LOAD CMakeFiles/vgaPico2.dir/home/pdsilva/.pico-sdk/sdk/2.2.0/src/rp2_common/pico_bootrom/bootrom.c.o
LOAD CMakeFiles/vgaPico2.dir/home/pdsilva/.pico-sdk/sdk/2.2.0/src/rp2_common/pico_bootrom/bootrom_lock.c.o
LOAD CMakeFiles/vgaPico2.dir/home/pdsilva/.pico-sdk/sdk/2.2.0/src/rp2_common/hardware_boot_lock/boot_lock.c.o
LOAD CMakeFiles/vgaPico2.dir/home/pdsilva/.pico-sdk/sdk/2.2.0/src/rp2_common/pico_flash/flash.c.o
LOAD CMakeFiles/vgaPico2.dir/home/pdsilva/.pico-sdk/sdk/2.2.0/src/rp2_common/hardware_xosc/xosc.c.o
LOAD CMakeFiles/vgaPico2.dir/home/pdsilva/.pico-sdk/sdk/2.2.0/src/rp2_common/hardware_divider/divider.c.o
LOAD CMakeFiles/vgaPico2.dir/home/pdsilva/.pico-sdk/sdk/2.2.0/src/rp2_common/pico_runtime/runtime.c.o
LOAD CMakeFiles/vgaPico2.dir/home/pdsilva/.pico-sdk/sdk/2.2.0/src/rp2_common/pico_runtime_init/runtime_init.c.o
LOAD CMakeFiles/vgaPico2.dir/home/pdsilva/.pico-sdk/sdk/2.2.0/src/rp2_common/pico_runtime_init/runtime_init_clocks.c.o
LOAD CMakeFiles/vgaPico2.dir/home/pdsilva/.pico-sdk/sdk/2.2.0/src/rp2_common/pico_runtime_init/runtime_init_stack_guard.c.o
LOAD CMakeFiles/vgaPico2.dir/home/pdsilva/.pico-sdk/sdk/2.2.0/src/rp2_common/pico_bit_ops/bit_ops_aeabi.S.o
LOAD CMakeFiles/vgaPico2.dir/home/pdsilva/.pico-sdk/sdk/2.2.0/src/rp2_common/pico_divider/divider_compiler.c.o
LOAD CMakeFiles/vgaPico2.dir/home/pdsilva/.pico-sdk/sdk/2.2.0/src/rp2_common/pico_double/double_math.c.o
LOAD CMakeFiles/vgaPico2.dir/home/pdsilva/.pico-sdk/sdk/2.2.0/src/rp2_common/pico_double/double_aeabi_dcp.S.o
LOAD CMakeFiles/vgaPico2.dir/home/pdsilva/.pico-sdk/sdk/2.2.0/src/rp2_common/pico_double/double_fma_dcp.S.o
LOAD CMakeFiles/vgaPico2.dir/home/pdsilva/.pico-sdk/sdk/2.2.0/src/rp2_common/pico_double/double_sci_m33.S.o
LOAD CMakeFiles/vgaPico2.dir/home/pdsilva/.pico-sdk/sdk/2.2.0/src/rp2_common/pico_double/double_conv_m33.S.o
LOAD CMakeFiles/vgaPico2.dir/home/pdsilva/.pico-sdk/sdk/2.2.0/src/rp2_common/pico_float/float_math.c.o
LOAD CMakeFiles/vgaPico2.dir/home/pdsilva/.pico-sdk/sdk/2.2.0/src/rp2_common/pico_float/float_conv32_vfp.S.o
LOAD CMakeFiles/vgaPico2.dir/home/pdsilva/.pico-sdk/sdk/2.2.0/src/rp2_common/pico_float/float_common_m33.S.o
LOAD CMakeFiles/vgaPico2.dir/home/pdsilva/.pico-sdk/sdk/2.2.0/src/rp2_common/pico_float/float_sci_m33_vfp.S.o
LOAD CMakeFiles/vgaPico2.dir/home/pdsilva/.pico-sdk/sdk/2.2.0/src/rp2_common/pico_malloc/malloc.c.o
LOAD CMakeFiles/vgaPico2.dir/home/pdsilva/.pico-sdk/sdk/2.2.0/src/rp2_common/pico_atomic/atomic.c.o
LOAD CMakeFiles/vgaPico2.dir/home/pdsilva/.pico-sdk/sdk/2.2.0/src/rp2_common/pico_cxx_options/new_delete.cpp.o
LOAD CMakeFiles/vgaPico2.dir/home/pdsilva/.pico-sdk/sdk/2.2.0/src/rp2_common/pico_standard_binary_info/standard_binary_info.c.o
LOAD CMakeFiles/vgaPico2.dir/home/pdsilva/.pico-sdk/sdk/2.2.0/src/rp2_common/pico_printf/printf.c.o
LOAD CMakeFiles/vgaPico2.dir/home/pdsilva/.pico-sdk/sdk/2.2.0/src/rp2_common/pico_crt0/crt0.S.o
LOAD CMakeFiles/vgaPico2.dir/home/pdsilva/.pico-sdk/sdk/2.2.0/src/rp2_common/pico_clib_interface/newlib_interface.c.o
LOAD CMakeFiles/vgaPico2.dir/home/pdsilva/.pico-sdk/sdk/2.2.0/src/rp2_common/pico_stdio/stdio.c.o
LOAD CMakeFiles/vgaPico2.dir/home/pdsilva/.pico-sdk/sdk/2.2.0/src/rp2_common/hardware_pio/pio.c.o
LOAD CMakeFiles/vgaPico2.dir/home/pdsilva/.pico-sdk/sdk/2.2.0/src/rp2_common/hardware_dma/dma.c.o
LOAD CMakeFiles/vgaPico2.dir/home/pdsilva/.pico-sdk/sdk/2.2.0/src/rp2_common/pico_multicore/multicore.c.o
LOAD pico-sdk/src/rp2350/boot_stage2/CMakeFiles/bs2_default_library.dir/bs2_default_padded_checksummed.S.o
LOAD /home/pdsilva/.pico-sdk/toolchain/14_2_Rel1/bin/../lib/gcc/arm-none-eabi/14.2.1/../../../../arm-none-eabi/lib/thumb/v8-m.main+fp/softfp/libstdc++.a
LOAD /home/pdsilva/.pico-sdk/toolchain/14_2_Rel1/bin/../lib/gcc/arm-none-eabi/14.2.1/../../../../arm-none-eabi/lib/thumb/v8-m.main+fp/softfp/libm.a
START GROUP
LOAD /home/pdsilva/.pico-sdk/toolchain/14_2_Rel1/bin/../lib/gcc/arm-none-eabi/14.2.1/thumb/v8-m.main+fp/softfp/libgcc.a
LOAD /home/pdsilva/.pico-sdk/toolchain/14_2_Rel1/bin/../lib/gcc/arm-none-eabi/14.2.1/../../../../arm-none-eabi/lib/thumb/v8-m.main+fp/softfp/libg.a
LOAD /home/pdsilva/.pico-sdk/toolchain/14_2_Rel1/bin/../lib/gcc/arm-none-eabi/14.2.1/../../../../arm-none-eabi/lib/thumb/v8-m.main+fp/softfp/libc.a
END GROUP
START GROUP
LOAD /home/pdsilva/.pico-sdk/toolchain/14_2_Rel1/bin/../lib/gcc/arm-none-eabi/14.2.1/thumb/v8-m.main+fp/softfp/libgcc.a
LOAD /home/pdsilva/.pico-sdk/toolchain/14_2_Rel1/bin/../lib/gcc/arm-none-eabi/14.2.1/../../../../arm-none-eabi/lib/thumb/v8-m.main+fp/softfp/libc.a
LOAD /home/pdsilva/.pico-sdk/toolchain/14_2_Rel1/bin/../lib/gcc/arm-none-eabi/14.2.1/../../../../arm-none-eabi/lib/thumb/v8-m.main+fp/softfp/libnosys.a
END GROUP
LOAD /home/pdsilva/.pico-sdk/toolchain/14_2_Rel1/bin/../lib/gcc/arm-none-eabi/14.2.1/thumb/v8-m.main+fp/softfp/crtend.o
LOAD /home/pdsilva/.pico-sdk/toolchain/14_2_Rel1/bin/../lib/gcc/arm-none-eabi/14.2.1/thumb/v8-m.main+fp/softfp/crtn.o
OUTPUT(vgaPico2.elf elf32-littlearm)
LOAD linker stubs

.rel.dyn        0x10005584        0x0
 .rel.iplt      0x10005584        0x0 /home/pdsilva/.pico-sdk/toolchain/14_2_Rel1/bin/../lib/gcc/arm-none-eabi/14.2.1/thumb/v8-m.main+fp/softfp/crtbegin.o

.ARM.attributes
                0x00000000       0x34
 .ARM.attributes
                0x00000000       0x26 /home/pdsilva/.pico-sdk/toolchain/14_2_Rel1/bin/../lib/gcc/arm-none-eabi/14.2.1/thumb/v8-m.main+fp/softfp/crti.o
 .ARM.attributes
                0x00000026       0x36 /home/pdsilva/.pico-sdk/toolchain/14_2_Rel1/bin/../lib/gcc/arm-none-eabi/14.2.1/thumb/v8-m.main+fp/softfp/crtbegin.o
 .ARM.attributes
                0x0000005c       0x38 CMakeFiles/vgaPico2.dir/vga16_drv.c.o
 .ARM.attributes
                0x00000094       0x38 CMakeFiles/vgaPico2.dir/vga16_text_demo.c.o
 .ARM.attributes
                0x000000cc       0x38 CMakeFiles/vgaPico2.dir/vga16_text.c.o
 .ARM.attributes
                0x00000104       0x38 CMakeFiles/vgaPico2.dir/home/pdsilva/.pico-sdk/sdk/2.2.0/src/rp2_common/hardware_gpio/gpio.c.o
 .ARM.attributes
                0x0000013c       0x38 CMakeFiles/vgaPico2.dir/home/pdsilva/.pico-sdk/sdk/2.2.0/src/rp2_common/pico_platform_panic/panic.c.o
 .ARM.attributes
                0x00000174       0x38 CMakeFiles/vgaPico2.dir/home/pdsilva/.pico-sdk/sdk/2.2.0/src/common/hardware_claim/claim.c.o
 .ARM.attributes
                0x000001ac       0x38 CMakeFiles/vgaPico2.dir/home/pdsilva/.pico-sdk/sdk/2.2.0/src/rp2_common/hardware_sync/sync.c.o
 .ARM.attributes
                0x000001e4       0x38 CMakeFiles/vgaPico2.dir/home/pdsilva/.pico-sdk/sdk/2.2.0/src/rp2_common/hardware_sync_spin_lock/sync_spin_lock.c.o
 .ARM.attributes
                0x0000021c       0x38 CMakeFiles/vgaPico2.dir/home/pdsilva/.pico-sdk/sdk/2.2.0/src/rp2_common/hardware_irq/irq.c.o
 .ARM.attributes
                0x00000254       0x38 CMakeFiles/vgaPico2.dir/home/pdsilva/.pico-sdk/sdk/2.2.0/src/common/pico_sync/lock_core.c.o
 .ARM.attributes
                0x0000028c       0x38 CMakeFiles/vgaPico2.dir/home/pdsilva/.pico-sdk/sdk/2.2.0/src/common/pico_sync/mutex.c.o
 .ARM.attributes
                0x000002c4       0x38 CMakeFiles/vgaPico2.dir/home/pdsilva/.pico-sdk/sdk/2.2.0/src/common/pico_time/time.c.o
 .ARM.attributes
                0x000002fc       0x38 CMakeFiles/vgaPico2.dir/home/pdsilva/.pico-sdk/sdk/2.2.0/src/rp2_common/hardware_timer/timer.c.o
 .ARM.attributes
                0x00000334       0x38 CMakeFiles/vgaPico2.dir/home/pdsilva/.pico-sdk/sdk/2.2.0/src/rp2_common/hardware_clocks/clocks.c.o
 .ARM.attributes
                0x0000036c       0x38 CMakeFiles/vgaPico2.dir/home/pdsilva/.pico-sdk/sdk/2.2.0/src/rp2_common/hardware_pll/pll.c.o
 .ARM.attributes
                0x000003a4       0x38 CMakeFiles/vgaPico2.dir/home/pdsilva/.pico-sdk/sdk/2.2.0/src/rp2_common/hardware_ticks/ticks.c.o
 .ARM.attributes
                0x000003dc       0x38 CMakeFiles/vgaPico2.dir/home/pdsilva/.pico-sdk/sdk/2.2.0/src/rp2_common/pico_bootrom/bootrom.c.o
 .ARM.attributes
                0x00000414       0x38 CMakeFiles/vgaPico2.dir/home/pdsilva/.pico-sdk/sdk/2.2.0/src/rp2_common/pico_bootrom/bootrom_lock.c.o
 .ARM.attributes
                0x0000044c       0x38 CMakeFiles/vgaPico2.dir/home/pdsilva/.pico-sdk/sdk/2.2.0/src/rp2_common/hardware_boot_lock/boot_lock.c.o
 .ARM.attributes
                0x00000484       0x38 CMakeFiles/vgaPico2.dir/home/pdsilva/.pico-sdk/sdk/2.2.0/src/rp2_common/hardware_xosc/xosc.c.o
 .ARM.attributes
                0x000004bc       0x38 CMakeFiles/vgaPico2.dir/home/pdsilva/.pico-sdk/sdk/2.2.0/src/rp2_common/pico_runtime/runtime.c.o
 .ARM.attributes
                0x000004f4       0x38 CMakeFiles/vgaPico2.dir/home/pdsilva/.pico-sdk/sdk/2.2.0/src/rp2_common/pico_runtime_init/runtime_init.c.o
 .ARM.attributes
                0x0000052c       0x38 CMakeFiles/vgaPico2.dir/home/pdsilva/.pico-sdk/sdk/2.2.0/src/rp2_common/pico_runtime_init/runtime_init_clocks.c.o
 .ARM.attributes
                0x00000564       0x28 CMakeFiles/vgaPico2.dir/home/pdsilva/.pico-sdk/sdk/2.2.0/src/rp2_common/pico_double/double_aeabi_dcp.S.o
 .ARM.attributes
                0x0000058c       0x38 CMakeFiles/vgaPico2.dir/home/pdsilva/.pico-sdk/sdk/2.2.0/src/rp2_common/pico_malloc/malloc.c.o
 .ARM.attributes
                0x000005c4       0x38 CMakeFiles/vgaPico2.dir/home/pdsilva/.pico-sdk/sdk/2.2.0/src/rp2_common/pico_standard_binary_info/standard_binary_info.c.o
 .ARM.attributes
                0x000005fc       0x38 CMakeFiles/vgaPico2.dir/home/pdsilva/.pico-sdk/sdk/2.2.0/src/rp2_common/pico_printf/printf.c.o
 .ARM.attributes
                0x00000634       0x28 CMakeFiles/vgaPico2.dir/home/pdsilva/.pico-sdk/sdk/2.2.0/src/rp2_common/pico_crt0/crt0.S.o
 .ARM.attributes
                0x0000065c       0x38 CMakeFiles/vgaPico2.dir/home/pdsilva/.pico-sdk/sdk/2.2.0/src/rp2_common/pico_clib_interface/newlib_interface.c.o
 .ARM.attributes
                0x00000694       0x38 CMakeFiles/vgaPico2.dir/home/pdsilva/.pico-sdk/sdk/2.2.0/src/rp2_common/pico_stdio/stdio.c.o
 .ARM.attributes
                0x000006cc       0x38 CMakeFiles/vgaPico2.dir/home/pdsilva/.pico-sdk/sdk/2.2.0/src/rp2_common/hardware_pio/pio.c.o
 .ARM.attributes
                0x00000704       0x38 CMakeFiles/vgaPico2.dir/home/pdsilva/.pico-sdk/sdk/2.2.0/src/rp2_common/hardware_dma/dma.c.o
 .ARM.attributes
                0x0000073c       0x38 CMakeFiles/vgaPico2.dir/home/pdsilva/.pico-sdk/sdk/2.2.0/src/rp2_common/pico_multicore/multicore.c.o
 .ARM.attributes
                0x00000774       0x26 /home/pdsilva/.pico-sdk/toolchain/14_2_Rel1/bin/../lib/gcc/arm-none-eabi/14.2.1/thumb/v8-m.main+fp/softfp/libgcc.a(_aeabi_uldivmod.o)
 .ARM.attributes
                0x0000079a       0x36 /home/pdsilva/.pico-sdk/toolchain/14_2_Rel1/bin/../lib/gcc/arm-none-eabi/14.2.1/thumb/v8-m.main+fp/softfp/libgcc.a(_udivmoddi4.o)
 .ARM.attributes
                0x000007d0       0x26 /home/pdsilva/.pico-sdk/toolchain/14_2_Rel1/bin/../lib/gcc/arm-none-eabi/14.2.1/thumb/v8-m.main+fp/softfp/libgcc.a(_dvmd_tls.o)
 .ARM.attributes
                0x000007f6       0x36 /home/pdsilva/.pico-sdk/toolchain/14_2_Rel1/bin/../lib/gcc/arm-none-eabi/14.2.1/../../../../arm-none-eabi/lib/thumb/v8-m.main+fp/softfp/libg.a(libc_a-ctype_.o)
 .ARM.attributes
                0x0000082c       0x36 /home/pdsilva/.pico-sdk/toolchain/14_2_Rel1/bin/../lib/gcc/arm-none-eabi/14.2.1/../../../../arm-none-eabi/lib/thumb/v8-m.main+fp/softfp/libg.a(libc_a-memset.o)
 .ARM.attributes
                0x00000862       0x24 /home/pdsilva/.pico-sdk/toolchain/14_2_Rel1/bin/../lib/gcc/arm-none-eabi/14.2.1/../../../../arm-none-eabi/lib/thumb/v8-m.main+fp/softfp/libg.a(libc_a-memcpy.o)
 .ARM.attributes
                0x00000886       0x36 /home/pdsilva/.pico-sdk/toolchain/14_2_Rel1/bin/../lib/gcc/arm-none-eabi/14.2.1/../../../../arm-none-eabi/lib/thumb/v8-m.main+fp/softfp/libg.a(libc_a-strlen-stub.o)
 .ARM.attributes
                0x000008bc       0x36 /home/pdsilva/.pico-sdk/toolchain/14_2_Rel1/bin/../lib/gcc/arm-none-eabi/14.2.1/thumb/v8-m.main+fp/softfp/crtend.o

.comment        0x00000000       0x45
 .comment       0x00000000       0x45 CMakeFiles/vgaPico2.dir/vga16_drv.c.o
                                 0x46 (size before relaxing)
 .comment       0x00000045       0x46 CMakeFiles/vgaPico2.dir/vga16_text_demo.c.o
 .comment       0x00000045       0x46 CMakeFiles/vgaPico2.dir/vga16_text.c.o
 .comment       0x00000045       0x46 CMakeFiles/vgaPico2.dir/home/pdsilva/.pico-sdk/sdk/2.2.0/src/rp2_common/hardware_gpio/gpio.c.o
 .comment       0x00000045       0x46 CMakeFiles/vgaPico2.dir/home/pdsilva/.pico-sdk/sdk/2.2.0/src/rp2_common/pico_platform_panic/panic.c.o
 .comment       0x00000045       0x46 CMakeFiles/vgaPico2.dir/home/pdsilva/.pico-sdk/sdk/2.2.0/src/common/hardware_claim/claim.c.o
 .comment       0x00000045       0x46 CMakeFiles/vgaPico2.dir/home/pdsilva/.pico-sdk/sdk/2.2.0/src/rp2_common/hardware_sync/sync.c.o
 .comment       0x00000045       0x46 CMakeFiles/vgaPico2.dir/home/pdsilva/.pico-sdk/sdk/2.2.0/src/rp2_common/hardware_sync_spin_lock/sync_spin_lock.c.o
 .comment       0x00000045       0x46 CMakeFiles/vgaPico2.dir/home/pdsilva/.pico-sdk/sdk/2.2.0/src/rp2_common/hardware_irq/irq.c.o
 .comment       0x00000045       0x46 CMakeFiles/vgaPico2.dir/home/pdsilva/.pico-sdk/sdk/2.2.0/src/common/pico_sync/lock_core.c.o
 .comment       0x00000045       0x46 CMakeFiles/vgaPico2.dir/home/pdsilva/.pico-sdk/sdk/2.2.0/src/common/pico_sync/mutex.c.o
 .comment       0x00000045       0x46 CMakeFiles/vgaPico2.dir/home/pdsilva/.pico-sdk/sdk/2.2.0/src/common/pico_time/time.c.o
 .comment       0x00000045       0x46 CMakeFiles/vgaPico2.dir/home/pdsilva/.pico-sdk/sdk/2.2.0/src/rp2_common/hardware_timer/timer.c.o
 .comment       0x00000045       0x46 CMakeFiles/vgaPico2.dir/home/pdsilva/.pico-sdk/sdk/2.2.0/src/rp2_common/hardware_clocks/clocks.c.o
 .comment       0x00000045       0x46 CMakeFiles/vgaPico2.dir/home/pdsilva/.pico-sdk/sdk/2.2.0/src/rp2_common/hardware_pll/pll.c.o
 .comment       0x00000045       0x46 CMakeFiles/vgaPico2.dir/home/pdsilva/.pico-sdk/sdk/2.2.0/src/rp2_common/hardware_ticks/ticks.c.o
 .comment       0x00000045       0x46 CMakeFiles/vgaPico2.dir/home/pdsilva/.pico-sdk/sdk/2.2.0/src/rp2_common/pico_bootrom/bootrom.c.o
 .comment       0x00000045       0x46 CMakeFiles/vgaPico2.dir/home/pdsilva/.pico-sdk/sdk/2.2.0/src/rp2_common/pico_bootrom/bootrom_lock.c.o
 .comment       0x00000045       0x46 CMakeFiles/vgaPico2.dir/home/pdsilva/.pico-sdk/sdk/2.2.0/src/rp2_common/hardware_boot_lock/boot_lock.c.o
 .comment       0x00000045       0x46 CMakeFiles/vgaPico2.dir/home/pdsilva/.pico-sdk/sdk/2.2.0/src/rp2_common/hardware_xosc/xosc.c.o
 .comment       0x00000045       0x46 CMakeFiles/vgaPico2.dir/home/pdsilva/.pico-sdk/sdk/2.2.0/src/rp2_common/pico_runtime/runtime.c.o
 .comment       0x00000045       0x46 CMakeFiles/vgaPico2.dir/home/pdsilva/.pico-sdk/sdk/2.2.0/src/rp2_common/pico_runtime_init/runtime_init.c.o
 .comment       0x00000045       0x46 CMakeFiles/vgaPico2.dir/home/pdsilva/.pico-sdk/sdk/2.2.0/src/rp2_common/pico_runtime_init/runtime_init_clocks.c.o
 .comment       0x00000045       0x46 CMakeFiles/vgaPico2.dir/home/pdsilva/.pico-sdk/sdk/2.2.0/src/rp2_common/pico_malloc/malloc.c.o
 .comment       0x00000045       0x46 CMakeFiles/vgaPico2.dir/home/pdsilva/.pico-sdk/sdk/2.2.0/src/rp2_common/pico_standard_binary_info/standard_binary_info.c.o
 .comment       0x00000045       0x46 CMakeFiles/vgaPico2.dir/home/pdsilva/.pico-sdk/sdk/2.2.0/src/rp2_common/pico_printf/printf.c.o
 .comment       0x00000045       0x46 CMakeFiles/vgaPico2.dir/home/pdsilva/.pico-sdk/sdk/2.2.0/src/rp2_common/pico_clib_interface/newlib_interface.c.o
 .comment       0x00000045       0x46 CMakeFiles/vgaPico2.dir/home/pdsilva/.pico-sdk/sdk/2.2.0/src/rp2_common/pico_stdio/stdio.c.o
 .comment       0x00000045       0x46 CMakeFiles/vgaPico2.dir/home/pdsilva/.pico-sdk/sdk/2.2.0/src/rp2_common/hardware_pio/pio.c.o
 .comment       0x00000045       0x46 CMakeFiles/vgaPico2.dir/home/pdsilva/.pico-sdk/sdk/2.2.0/src/rp2_common/hardware_dma/dma.c.o
 .comment       0x00000045       0x46 CMakeFiles/vgaPico2.dir/home/pdsilva/.pico-sdk/sdk/2.2.0/src/rp2_common/pico_multicore/multicore.c.o

.debug_info     0x00000000    0x29a07
 .debug_info    0x00000000     0x27d3 CMakeFiles/vgaPico2.dir/vga16_drv.c.o
 .debug_info    0x000027d3     0x1904 CMakeFiles/vgaPico2.dir/vga16_text_demo.c.o
 .debug_info    0x000040d7     0x16dd CMakeFiles/vgaPico2.dir/vga16_text.c.o
 .debug_info    0x000057b4     0x2416 CMakeFiles/vgaPico2.dir/home/pdsilva/.pico-sdk/sdk/2.2.0/src/rp2_common/hardware_gpio/gpio.c.o
 .debug_info    0x00007bca      0x1be CMakeFiles/vgaPico2.dir/home/pdsilva/.pico-sdk/sdk/2.2.0/src/rp2_common/pico_platform_panic/panic.c.o
 .debug_info    0x00007d88      0xb78 CMakeFiles/vgaPico2.dir/home/pdsilva/.pico-sdk/sdk/2.2.0/src/common/hardware_claim/claim.c.o
 .debug_info    0x00008900      0x46f CMakeFiles/vgaPico2.dir/home/pdsilva/.pico-sdk/sdk/2.2.0/src/rp2_common/hardware_sync/sync.c.o
 .debug_info    0x00008d6f     0x145e CMakeFiles/vgaPico2.dir/home/pdsilva/.pico-sdk/sdk/2.2.0/src/rp2_common/hardware_sync_spin_lock/sync_spin_lock.c.o
 .debug_info    0x0000a1cd     0x262d CMakeFiles/vgaPico2.dir/home/pdsilva/.pico-sdk/sdk/2.2.0/src/rp2_common/hardware_irq/irq.c.o
 .debug_info    0x0000c7fa      0x187 CMakeFiles/vgaPico2.dir/home/pdsilva/.pico-sdk/sdk/2.2.0/src/common/pico_sync/lock_core.c.o
 .debug_info    0x0000c981     0x1e7c CMakeFiles/vgaPico2.dir/home/pdsilva/.pico-sdk/sdk/2.2.0/src/common/pico_sync/mutex.c.o
 .debug_info    0x0000e7fd     0x5492 CMakeFiles/vgaPico2.dir/home/pdsilva/.pico-sdk/sdk/2.2.0/src/common/pico_time/time.c.o
 .debug_info    0x00013c8f     0x30c6 CMakeFiles/vgaPico2.dir/home/pdsilva/.pico-sdk/sdk/2.2.0/src/rp2_common/hardware_timer/timer.c.o
 .debug_info    0x00016d55     0x28c2 CMakeFiles/vgaPico2.dir/home/pdsilva/.pico-sdk/sdk/2.2.0/src/rp2_common/hardware_clocks/clocks.c.o
 .debug_info    0x00019617      0x507 CMakeFiles/vgaPico2.dir/home/pdsilva/.pico-sdk/sdk/2.2.0/src/rp2_common/hardware_pll/pll.c.o
 .debug_info    0x00019b1e      0x26c CMakeFiles/vgaPico2.dir/home/pdsilva/.pico-sdk/sdk/2.2.0/src/rp2_common/hardware_ticks/ticks.c.o
 .debug_info    0x00019d8a     0x10ab CMakeFiles/vgaPico2.dir/home/pdsilva/.pico-sdk/sdk/2.2.0/src/rp2_common/pico_bootrom/bootrom.c.o
 .debug_info    0x0001ae35      0x1c4 CMakeFiles/vgaPico2.dir/home/pdsilva/.pico-sdk/sdk/2.2.0/src/rp2_common/pico_bootrom/bootrom_lock.c.o
 .debug_info    0x0001aff9      0x316 CMakeFiles/vgaPico2.dir/home/pdsilva/.pico-sdk/sdk/2.2.0/src/rp2_common/hardware_boot_lock/boot_lock.c.o
 .debug_info    0x0001b30f      0x1b1 CMakeFiles/vgaPico2.dir/home/pdsilva/.pico-sdk/sdk/2.2.0/src/rp2_common/hardware_xosc/xosc.c.o
 .debug_info    0x0001b4c0      0x21a CMakeFiles/vgaPico2.dir/home/pdsilva/.pico-sdk/sdk/2.2.0/src/rp2_common/pico_runtime/runtime.c.o
 .debug_info    0x0001b6da     0x1c34 CMakeFiles/vgaPico2.dir/home/pdsilva/.pico-sdk/sdk/2.2.0/src/rp2_common/pico_runtime_init/runtime_init.c.o
 .debug_info    0x0001d30e      0x7c9 CMakeFiles/vgaPico2.dir/home/pdsilva/.pico-sdk/sdk/2.2.0/src/rp2_common/pico_runtime_init/runtime_init_clocks.c.o
 .debug_info    0x0001dad7       0x23 CMakeFiles/vgaPico2.dir/home/pdsilva/.pico-sdk/sdk/2.2.0/src/rp2_common/pico_double/double_aeabi_dcp.S.o
 .debug_info    0x0001dafa      0x6c1 CMakeFiles/vgaPico2.dir/home/pdsilva/.pico-sdk/sdk/2.2.0/src/rp2_common/pico_malloc/malloc.c.o
 .debug_info    0x0001e1bb      0x2e2 CMakeFiles/vgaPico2.dir/home/pdsilva/.pico-sdk/sdk/2.2.0/src/rp2_common/pico_standard_binary_info/standard_binary_info.c.o
 .debug_info    0x0001e49d     0x22ff CMakeFiles/vgaPico2.dir/home/pdsilva/.pico-sdk/sdk/2.2.0/src/rp2_common/pico_printf/printf.c.o
 .debug_info    0x0002079c       0x23 CMakeFiles/vgaPico2.dir/home/pdsilva/.pico-sdk/sdk/2.2.0/src/rp2_common/pico_crt0/crt0.S.o
 .debug_info    0x000207bf      0xc25 CMakeFiles/vgaPico2.dir/home/pdsilva/.pico-sdk/sdk/2.2.0/src/rp2_common/pico_clib_interface/newlib_interface.c.o
 .debug_info    0x000213e4     0x1c24 CMakeFiles/vgaPico2.dir/home/pdsilva/.pico-sdk/sdk/2.2.0/src/rp2_common/pico_stdio/stdio.c.o
 .debug_info    0x00023008     0x3636 CMakeFiles/vgaPico2.dir/home/pdsilva/.pico-sdk/sdk/2.2.0/src/rp2_common/hardware_pio/pio.c.o
 .debug_info    0x0002663e      0xb64 CMakeFiles/vgaPico2.dir/home/pdsilva/.pico-sdk/sdk/2.2.0/src/rp2_common/hardware_dma/dma.c.o
 .debug_info    0x000271a2     0x2865 CMakeFiles/vgaPico2.dir/home/pdsilva/.pico-sdk/sdk/2.2.0/src/rp2_common/pico_multicore/multicore.c.o

.debug_abbrev   0x00000000     0x6d27
 .debug_abbrev  0x00000000      0x497 CMakeFiles/vgaPico2.dir/vga16_drv.c.o
 .debug_abbrev  0x00000497      0x667 CMakeFiles/vgaPico2.dir/vga16_text_demo.c.o
 .debug_abbrev  0x00000afe      0x3d2 CMakeFiles/vgaPico2.dir/vga16_text.c.o
 .debug_abbrev  0x00000ed0      0x558 CMakeFiles/vgaPico2.dir/home/pdsilva/.pico-sdk/sdk/2.2.0/src/rp2_common/hardware_gpio/gpio.c.o
 .debug_abbrev  0x00001428      0x12b CMakeFiles/vgaPico2.dir/home/pdsilva/.pico-sdk/sdk/2.2.0/src/rp2_common/pico_platform_panic/panic.c.o
 .debug_abbrev  0x00001553      0x35e CMakeFiles/vgaPico2.dir/home/pdsilva/.pico-sdk/sdk/2.2.0/src/common/hardware_claim/claim.c.o
 .debug_abbrev  0x000018b1      0x22f CMakeFiles/vgaPico2.dir/home/pdsilva/.pico-sdk/sdk/2.2.0/src/rp2_common/hardware_sync/sync.c.o
 .debug_abbrev  0x00001ae0      0x26e CMakeFiles/vgaPico2.dir/home/pdsilva/.pico-sdk/sdk/2.2.0/src/rp2_common/hardware_sync_spin_lock/sync_spin_lock.c.o
 .debug_abbrev  0x00001d4e      0x63b CMakeFiles/vgaPico2.dir/home/pdsilva/.pico-sdk/sdk/2.2.0/src/rp2_common/hardware_irq/irq.c.o
 .debug_abbrev  0x00002389      0x11e CMakeFiles/vgaPico2.dir/home/pdsilva/.pico-sdk/sdk/2.2.0/src/common/pico_sync/lock_core.c.o
 .debug_abbrev  0x000024a7      0x49b CMakeFiles/vgaPico2.dir/home/pdsilva/.pico-sdk/sdk/2.2.0/src/common/pico_sync/mutex.c.o
 .debug_abbrev  0x00002942      0x644 CMakeFiles/vgaPico2.dir/home/pdsilva/.pico-sdk/sdk/2.2.0/src/common/pico_time/time.c.o
 .debug_abbrev  0x00002f86      0x4f9 CMakeFiles/vgaPico2.dir/home/pdsilva/.pico-sdk/sdk/2.2.0/src/rp2_common/hardware_timer/timer.c.o
 .debug_abbrev  0x0000347f      0x517 CMakeFiles/vgaPico2.dir/home/pdsilva/.pico-sdk/sdk/2.2.0/src/rp2_common/hardware_clocks/clocks.c.o
 .debug_abbrev  0x00003996      0x1a8 CMakeFiles/vgaPico2.dir/home/pdsilva/.pico-sdk/sdk/2.2.0/src/rp2_common/hardware_pll/pll.c.o
 .debug_abbrev  0x00003b3e      0x146 CMakeFiles/vgaPico2.dir/home/pdsilva/.pico-sdk/sdk/2.2.0/src/rp2_common/hardware_ticks/ticks.c.o
 .debug_abbrev  0x00003c84      0x458 CMakeFiles/vgaPico2.dir/home/pdsilva/.pico-sdk/sdk/2.2.0/src/rp2_common/pico_bootrom/bootrom.c.o
 .debug_abbrev  0x000040dc       0xfb CMakeFiles/vgaPico2.dir/home/pdsilva/.pico-sdk/sdk/2.2.0/src/rp2_common/pico_bootrom/bootrom_lock.c.o
 .debug_abbrev  0x000041d7      0x1de CMakeFiles/vgaPico2.dir/home/pdsilva/.pico-sdk/sdk/2.2.0/src/rp2_common/hardware_boot_lock/boot_lock.c.o
 .debug_abbrev  0x000043b5      0x109 CMakeFiles/vgaPico2.dir/home/pdsilva/.pico-sdk/sdk/2.2.0/src/rp2_common/hardware_xosc/xosc.c.o
 .debug_abbrev  0x000044be      0x182 CMakeFiles/vgaPico2.dir/home/pdsilva/.pico-sdk/sdk/2.2.0/src/rp2_common/pico_runtime/runtime.c.o
 .debug_abbrev  0x00004640      0x310 CMakeFiles/vgaPico2.dir/home/pdsilva/.pico-sdk/sdk/2.2.0/src/rp2_common/pico_runtime_init/runtime_init.c.o
 .debug_abbrev  0x00004950      0x2b8 CMakeFiles/vgaPico2.dir/home/pdsilva/.pico-sdk/sdk/2.2.0/src/rp2_common/pico_runtime_init/runtime_init_clocks.c.o
 .debug_abbrev  0x00004c08       0x12 CMakeFiles/vgaPico2.dir/home/pdsilva/.pico-sdk/sdk/2.2.0/src/rp2_common/pico_double/double_aeabi_dcp.S.o
 .debug_abbrev  0x00004c1a      0x21d CMakeFiles/vgaPico2.dir/home/pdsilva/.pico-sdk/sdk/2.2.0/src/rp2_common/pico_malloc/malloc.c.o
 .debug_abbrev  0x00004e37       0xb8 CMakeFiles/vgaPico2.dir/home/pdsilva/.pico-sdk/sdk/2.2.0/src/rp2_common/pico_standard_binary_info/standard_binary_info.c.o
 .debug_abbrev  0x00004eef      0x505 CMakeFiles/vgaPico2.dir/home/pdsilva/.pico-sdk/sdk/2.2.0/src/rp2_common/pico_printf/printf.c.o
 .debug_abbrev  0x000053f4       0x12 CMakeFiles/vgaPico2.dir/home/pdsilva/.pico-sdk/sdk/2.2.0/src/rp2_common/pico_crt0/crt0.S.o
 .debug_abbrev  0x00005406      0x375 CMakeFiles/vgaPico2.dir/home/pdsilva/.pico-sdk/sdk/2.2.0/src/rp2_common/pico_clib_interface/newlib_interface.c.o
 .debug_abbrev  0x0000577b      0x5fd CMakeFiles/vgaPico2.dir/home/pdsilva/.pico-sdk/sdk/2.2.0/src/rp2_common/pico_stdio/stdio.c.o
 .debug_abbrev  0x00005d78      0x58a CMakeFiles/vgaPico2.dir/home/pdsilva/.pico-sdk/sdk/2.2.0/src/rp2_common/hardware_pio/pio.c.o
 .debug_abbrev  0x00006302      0x328 CMakeFiles/vgaPico2.dir/home/pdsilva/.pico-sdk/sdk/2.2.0/src/rp2_common/hardware_dma/dma.c.o
 .debug_abbrev  0x0000662a      0x6fd CMakeFiles/vgaPico2.dir/home/pdsilva/.pico-sdk/sdk/2.2.0/src/rp2_common/pico_multicore/multicore.c.o

.debug_loclists
                0x00000000    0x148fe
 .debug_loclists
                0x00000000      0x862 CMakeFiles/vgaPico2.dir/vga16_drv.c.o
 .debug_loclists
                0x00000862      0x6c3 CMakeFiles/vgaPico2.dir/vga16_text_demo.c.o
 .debug_loclists
                0x00000f25     0x15d0 CMakeFiles/vgaPico2.dir/vga16_text.c.o
 .debug_loclists
                0x000024f5     0x17d5 CMakeFiles/vgaPico2.dir/home/pdsilva/.pico-sdk/sdk/2.2.0/src/rp2_common/hardware_gpio/gpio.c.o
 .debug_loclists
                0x00003cca      0x42d CMakeFiles/vgaPico2.dir/home/pdsilva/.pico-sdk/sdk/2.2.0/src/common/hardware_claim/claim.c.o
 .debug_loclists
                0x000040f7      0x132 CMakeFiles/vgaPico2.dir/home/pdsilva/.pico-sdk/sdk/2.2.0/src/rp2_common/hardware_sync/sync.c.o
 .debug_loclists
                0x00004229       0xa2 CMakeFiles/vgaPico2.dir/home/pdsilva/.pico-sdk/sdk/2.2.0/src/rp2_common/hardware_sync_spin_lock/sync_spin_lock.c.o
 .debug_loclists
                0x000042cb     0x1034 CMakeFiles/vgaPico2.dir/home/pdsilva/.pico-sdk/sdk/2.2.0/src/rp2_common/hardware_irq/irq.c.o
 .debug_loclists
                0x000052ff       0x17 CMakeFiles/vgaPico2.dir/home/pdsilva/.pico-sdk/sdk/2.2.0/src/common/pico_sync/lock_core.c.o
 .debug_loclists
                0x00005316      0xae7 CMakeFiles/vgaPico2.dir/home/pdsilva/.pico-sdk/sdk/2.2.0/src/common/pico_sync/mutex.c.o
 .debug_loclists
                0x00005dfd     0x2c58 CMakeFiles/vgaPico2.dir/home/pdsilva/.pico-sdk/sdk/2.2.0/src/common/pico_time/time.c.o
 .debug_loclists
                0x00008a55     0x1a3f CMakeFiles/vgaPico2.dir/home/pdsilva/.pico-sdk/sdk/2.2.0/src/rp2_common/hardware_timer/timer.c.o
 .debug_loclists
                0x0000a494     0x2038 CMakeFiles/vgaPico2.dir/home/pdsilva/.pico-sdk/sdk/2.2.0/src/rp2_common/hardware_clocks/clocks.c.o
 .debug_loclists
                0x0000c4cc      0x1b7 CMakeFiles/vgaPico2.dir/home/pdsilva/.pico-sdk/sdk/2.2.0/src/rp2_common/hardware_pll/pll.c.o
 .debug_loclists
                0x0000c683       0x8b CMakeFiles/vgaPico2.dir/home/pdsilva/.pico-sdk/sdk/2.2.0/src/rp2_common/hardware_ticks/ticks.c.o
 .debug_loclists
                0x0000c70e      0x812 CMakeFiles/vgaPico2.dir/home/pdsilva/.pico-sdk/sdk/2.2.0/src/rp2_common/pico_bootrom/bootrom.c.o
 .debug_loclists
                0x0000cf20       0x28 CMakeFiles/vgaPico2.dir/home/pdsilva/.pico-sdk/sdk/2.2.0/src/rp2_common/pico_bootrom/bootrom_lock.c.o
 .debug_loclists
                0x0000cf48       0x78 CMakeFiles/vgaPico2.dir/home/pdsilva/.pico-sdk/sdk/2.2.0/src/rp2_common/hardware_boot_lock/boot_lock.c.o
 .debug_loclists
                0x0000cfc0       0x48 CMakeFiles/vgaPico2.dir/home/pdsilva/.pico-sdk/sdk/2.2.0/src/rp2_common/hardware_xosc/xosc.c.o
 .debug_loclists
                0x0000d008       0x7e CMakeFiles/vgaPico2.dir/home/pdsilva/.pico-sdk/sdk/2.2.0/src/rp2_common/pico_runtime/runtime.c.o
 .debug_loclists
                0x0000d086      0x129 CMakeFiles/vgaPico2.dir/home/pdsilva/.pico-sdk/sdk/2.2.0/src/rp2_common/pico_runtime_init/runtime_init.c.o
 .debug_loclists
                0x0000d1af       0x74 CMakeFiles/vgaPico2.dir/home/pdsilva/.pico-sdk/sdk/2.2.0/src/rp2_common/pico_runtime_init/runtime_init_clocks.c.o
 .debug_loclists
                0x0000d223      0x1d0 CMakeFiles/vgaPico2.dir/home/pdsilva/.pico-sdk/sdk/2.2.0/src/rp2_common/pico_malloc/malloc.c.o
 .debug_loclists
                0x0000d3f3     0x2e21 CMakeFiles/vgaPico2.dir/home/pdsilva/.pico-sdk/sdk/2.2.0/src/rp2_common/pico_printf/printf.c.o
 .debug_loclists
                0x00010214      0x425 CMakeFiles/vgaPico2.dir/home/pdsilva/.pico-sdk/sdk/2.2.0/src/rp2_common/pico_clib_interface/newlib_interface.c.o
 .debug_loclists
                0x00010639      0xb26 CMakeFiles/vgaPico2.dir/home/pdsilva/.pico-sdk/sdk/2.2.0/src/rp2_common/pico_stdio/stdio.c.o
 .debug_loclists
                0x0001115f     0x2026 CMakeFiles/vgaPico2.dir/home/pdsilva/.pico-sdk/sdk/2.2.0/src/rp2_common/hardware_pio/pio.c.o
 .debug_loclists
                0x00013185      0x3c4 CMakeFiles/vgaPico2.dir/home/pdsilva/.pico-sdk/sdk/2.2.0/src/rp2_common/hardware_dma/dma.c.o
 .debug_loclists
                0x00013549     0x13b5 CMakeFiles/vgaPico2.dir/home/pdsilva/.pico-sdk/sdk/2.2.0/src/rp2_common/pico_multicore/multicore.c.o

.debug_aranges  0x00000000      0xe90
 .debug_aranges
                0x00000000       0x38 CMakeFiles/vgaPico2.dir/vga16_drv.c.o
 .debug_aranges
                0x00000038       0x60 CMakeFiles/vgaPico2.dir/vga16_text_demo.c.o
 .debug_aranges
                0x00000098       0xc0 CMakeFiles/vgaPico2.dir/vga16_text.c.o
 .debug_aranges
                0x00000158      0x118 CMakeFiles/vgaPico2.dir/home/pdsilva/.pico-sdk/sdk/2.2.0/src/rp2_common/hardware_gpio/gpio.c.o
 .debug_aranges
                0x00000270       0x28 CMakeFiles/vgaPico2.dir/home/pdsilva/.pico-sdk/sdk/2.2.0/src/rp2_common/pico_platform_panic/panic.c.o
 .debug_aranges
                0x00000298       0x48 CMakeFiles/vgaPico2.dir/home/pdsilva/.pico-sdk/sdk/2.2.0/src/common/hardware_claim/claim.c.o
 .debug_aranges
                0x000002e0       0x48 CMakeFiles/vgaPico2.dir/home/pdsilva/.pico-sdk/sdk/2.2.0/src/rp2_common/hardware_sync/sync.c.o
 .debug_aranges
                0x00000328       0x30 CMakeFiles/vgaPico2.dir/home/pdsilva/.pico-sdk/sdk/2.2.0/src/rp2_common/hardware_sync_spin_lock/sync_spin_lock.c.o
 .debug_aranges
                0x00000358       0xb8 CMakeFiles/vgaPico2.dir/home/pdsilva/.pico-sdk/sdk/2.2.0/src/rp2_common/hardware_irq/irq.c.o
 .debug_aranges
                0x00000410       0x20 CMakeFiles/vgaPico2.dir/home/pdsilva/.pico-sdk/sdk/2.2.0/src/common/pico_sync/lock_core.c.o
 .debug_aranges
                0x00000430       0x98 CMakeFiles/vgaPico2.dir/home/pdsilva/.pico-sdk/sdk/2.2.0/src/common/pico_sync/mutex.c.o
 .debug_aranges
                0x000004c8       0xe0 CMakeFiles/vgaPico2.dir/home/pdsilva/.pico-sdk/sdk/2.2.0/src/common/pico_time/time.c.o
 .debug_aranges
                0x000005a8       0xf0 CMakeFiles/vgaPico2.dir/home/pdsilva/.pico-sdk/sdk/2.2.0/src/rp2_common/hardware_timer/timer.c.o
 .debug_aranges
                0x00000698       0x90 CMakeFiles/vgaPico2.dir/home/pdsilva/.pico-sdk/sdk/2.2.0/src/rp2_common/hardware_clocks/clocks.c.o
 .debug_aranges
                0x00000728       0x28 CMakeFiles/vgaPico2.dir/home/pdsilva/.pico-sdk/sdk/2.2.0/src/rp2_common/hardware_pll/pll.c.o
 .debug_aranges
                0x00000750       0x30 CMakeFiles/vgaPico2.dir/home/pdsilva/.pico-sdk/sdk/2.2.0/src/rp2_common/hardware_ticks/ticks.c.o
 .debug_aranges
                0x00000780       0x60 CMakeFiles/vgaPico2.dir/home/pdsilva/.pico-sdk/sdk/2.2.0/src/rp2_common/pico_bootrom/bootrom.c.o
 .debug_aranges
                0x000007e0       0x20 CMakeFiles/vgaPico2.dir/home/pdsilva/.pico-sdk/sdk/2.2.0/src/rp2_common/pico_bootrom/bootrom_lock.c.o
 .debug_aranges
                0x00000800       0x30 CMakeFiles/vgaPico2.dir/home/pdsilva/.pico-sdk/sdk/2.2.0/src/rp2_common/hardware_boot_lock/boot_lock.c.o
 .debug_aranges
                0x00000830       0x30 CMakeFiles/vgaPico2.dir/home/pdsilva/.pico-sdk/sdk/2.2.0/src/rp2_common/hardware_xosc/xosc.c.o
 .debug_aranges
                0x00000860       0x38 CMakeFiles/vgaPico2.dir/home/pdsilva/.pico-sdk/sdk/2.2.0/src/rp2_common/pico_runtime/runtime.c.o
 .debug_aranges
                0x00000898       0x58 CMakeFiles/vgaPico2.dir/home/pdsilva/.pico-sdk/sdk/2.2.0/src/rp2_common/pico_runtime_init/runtime_init.c.o
 .debug_aranges
                0x000008f0       0x20 CMakeFiles/vgaPico2.dir/home/pdsilva/.pico-sdk/sdk/2.2.0/src/rp2_common/pico_runtime_init/runtime_init_clocks.c.o
 .debug_aranges
                0x00000910       0xf8 CMakeFiles/vgaPico2.dir/home/pdsilva/.pico-sdk/sdk/2.2.0/src/rp2_common/pico_double/double_aeabi_dcp.S.o
 .debug_aranges
                0x00000a08       0x38 CMakeFiles/vgaPico2.dir/home/pdsilva/.pico-sdk/sdk/2.2.0/src/rp2_common/pico_malloc/malloc.c.o
 .debug_aranges
                0x00000a40       0x18 CMakeFiles/vgaPico2.dir/home/pdsilva/.pico-sdk/sdk/2.2.0/src/rp2_common/pico_standard_binary_info/standard_binary_info.c.o
 .debug_aranges
                0x00000a58       0x90 CMakeFiles/vgaPico2.dir/home/pdsilva/.pico-sdk/sdk/2.2.0/src/rp2_common/pico_printf/printf.c.o
 .debug_aranges
                0x00000ae8       0x28 CMakeFiles/vgaPico2.dir/home/pdsilva/.pico-sdk/sdk/2.2.0/src/rp2_common/pico_crt0/crt0.S.o
 .debug_aranges