Archive member included to satisfy reference by file (symbol)

c:/progra~2/gnuarm~1/102020~1/bin/../lib/gcc/arm-none-eabi/10.2.1/thumb/v6-m/nofp\libgcc.a(_dvmd_tls.o)
                              CMakeFiles/mandelbrot.dir/C_/Users/vha3/Pico/pico-sdk/src/rp2_common/pico_divider/divider.S.obj (__aeabi_idiv0)
c:/progra~2/gnuarm~1/102020~1/bin/../lib/gcc/arm-none-eabi/10.2.1/../../../../arm-none-eabi/lib/thumb/v6-m/nofp\libc.a(lib_a-calloc.o)
                              CMakeFiles/mandelbrot.dir/C_/Users/vha3/Pico/pico-sdk/src/rp2_common/pico_malloc/pico_malloc.c.obj (calloc)
c:/progra~2/gnuarm~1/102020~1/bin/../lib/gcc/arm-none-eabi/10.2.1/../../../../arm-none-eabi/lib/thumb/v6-m/nofp\libc.a(lib_a-callocr.o)
                              c:/progra~2/gnuarm~1/102020~1/bin/../lib/gcc/arm-none-eabi/10.2.1/../../../../arm-none-eabi/lib/thumb/v6-m/nofp\libc.a(lib_a-calloc.o) (_calloc_r)
c:/progra~2/gnuarm~1/102020~1/bin/../lib/gcc/arm-none-eabi/10.2.1/../../../../arm-none-eabi/lib/thumb/v6-m/nofp\libc.a(lib_a-impure.o)
                              c:/progra~2/gnuarm~1/102020~1/bin/../lib/gcc/arm-none-eabi/10.2.1/../../../../arm-none-eabi/lib/thumb/v6-m/nofp\libc.a(lib_a-calloc.o) (_impure_ptr)
c:/progra~2/gnuarm~1/102020~1/bin/../lib/gcc/arm-none-eabi/10.2.1/../../../../arm-none-eabi/lib/thumb/v6-m/nofp\libc.a(lib_a-init.o)
                              c:/progra~2/gnuarm~1/102020~1/bin/../lib/gcc/arm-none-eabi/10.2.1/../../../../arm-none-eabi/lib/thumb/v6-m/nofp/crt0.o (__libc_init_array)
c:/progra~2/gnuarm~1/102020~1/bin/../lib/gcc/arm-none-eabi/10.2.1/../../../../arm-none-eabi/lib/thumb/v6-m/nofp\libc.a(lib_a-malloc.o)
                              CMakeFiles/mandelbrot.dir/C_/Users/vha3/Pico/pico-sdk/src/rp2_common/pico_malloc/pico_malloc.c.obj (malloc)
c:/progra~2/gnuarm~1/102020~1/bin/../lib/gcc/arm-none-eabi/10.2.1/../../../../arm-none-eabi/lib/thumb/v6-m/nofp\libc.a(lib_a-mallocr.o)
                              c:/progra~2/gnuarm~1/102020~1/bin/../lib/gcc/arm-none-eabi/10.2.1/../../../../arm-none-eabi/lib/thumb/v6-m/nofp\libc.a(lib_a-callocr.o) (_malloc_r)
c:/progra~2/gnuarm~1/102020~1/bin/../lib/gcc/arm-none-eabi/10.2.1/../../../../arm-none-eabi/lib/thumb/v6-m/nofp\libc.a(lib_a-mlock.o)
                              c:/progra~2/gnuarm~1/102020~1/bin/../lib/gcc/arm-none-eabi/10.2.1/../../../../arm-none-eabi/lib/thumb/v6-m/nofp\libc.a(lib_a-mallocr.o) (__malloc_lock)
c:/progra~2/gnuarm~1/102020~1/bin/../lib/gcc/arm-none-eabi/10.2.1/../../../../arm-none-eabi/lib/thumb/v6-m/nofp\libc.a(lib_a-sbrkr.o)
                              c:/progra~2/gnuarm~1/102020~1/bin/../lib/gcc/arm-none-eabi/10.2.1/../../../../arm-none-eabi/lib/thumb/v6-m/nofp\libc.a(lib_a-mallocr.o) (_sbrk_r)
c:/progra~2/gnuarm~1/102020~1/bin/../lib/gcc/arm-none-eabi/10.2.1/../../../../arm-none-eabi/lib/thumb/v6-m/nofp\libc.a(lib_a-strlen-stub.o)
                              CMakeFiles/mandelbrot.dir/C_/Users/vha3/Pico/pico-sdk/src/rp2_common/pico_stdio/stdio.c.obj (strlen)
c:/progra~2/gnuarm~1/102020~1/bin/../lib/gcc/arm-none-eabi/10.2.1/../../../../arm-none-eabi/lib/thumb/v6-m/nofp\libc.a(lib_a-freer.o)
                              c:/progra~2/gnuarm~1/102020~1/bin/../lib/gcc/arm-none-eabi/10.2.1/../../../../arm-none-eabi/lib/thumb/v6-m/nofp\libc.a(lib_a-malloc.o) (_free_r)
c:/progra~2/gnuarm~1/102020~1/bin/../lib/gcc/arm-none-eabi/10.2.1/../../../../arm-none-eabi/lib/thumb/v6-m/nofp\libc.a(lib_a-lock.o)
                              c:/progra~2/gnuarm~1/102020~1/bin/../lib/gcc/arm-none-eabi/10.2.1/../../../../arm-none-eabi/lib/thumb/v6-m/nofp\libc.a(lib_a-mlock.o) (__retarget_lock_acquire_recursive)
c:/progra~2/gnuarm~1/102020~1/bin/../lib/gcc/arm-none-eabi/10.2.1/../../../../arm-none-eabi/lib/thumb/v6-m/nofp\libc.a(lib_a-reent.o)
                              c:/progra~2/gnuarm~1/102020~1/bin/../lib/gcc/arm-none-eabi/10.2.1/../../../../arm-none-eabi/lib/thumb/v6-m/nofp\libc.a(lib_a-sbrkr.o) (errno)

Discarded input sections

 .text          0x00000000        0x0 c:/progra~2/gnuarm~1/102020~1/bin/../lib/gcc/arm-none-eabi/10.2.1/thumb/v6-m/nofp/crti.o
 .data          0x00000000        0x0 c:/progra~2/gnuarm~1/102020~1/bin/../lib/gcc/arm-none-eabi/10.2.1/thumb/v6-m/nofp/crti.o
 .bss           0x00000000        0x0 c:/progra~2/gnuarm~1/102020~1/bin/../lib/gcc/arm-none-eabi/10.2.1/thumb/v6-m/nofp/crti.o
 .data          0x00000000        0x4 c:/progra~2/gnuarm~1/102020~1/bin/../lib/gcc/arm-none-eabi/10.2.1/thumb/v6-m/nofp/crtbegin.o
 .rodata        0x00000000       0x24 c:/progra~2/gnuarm~1/102020~1/bin/../lib/gcc/arm-none-eabi/10.2.1/thumb/v6-m/nofp/crtbegin.o
 .fini_array    0x00000000        0x4 c:/progra~2/gnuarm~1/102020~1/bin/../lib/gcc/arm-none-eabi/10.2.1/thumb/v6-m/nofp/crtbegin.o
 .text          0x00000000       0x80 c:/progra~2/gnuarm~1/102020~1/bin/../lib/gcc/arm-none-eabi/10.2.1/../../../../arm-none-eabi/lib/thumb/v6-m/nofp/crt0.o
[...]
Memory Configuration

Name             Origin             Length             Attributes
FLASH            0x10000000         0x00200000         xr
RAM              0x20000000         0x00040000         xrw
SCRATCH_X        0x20040000         0x00001000         xrw
SCRATCH_Y        0x20041000         0x00001000         xrw
*default*        0x00000000         0xffffffff

Linker script and memory map

LOAD c:/progra~2/gnuarm~1/102020~1/bin/../lib/gcc/arm-none-eabi/10.2.1/thumb/v6-m/nofp/crti.o
LOAD c:/progra~2/gnuarm~1/102020~1/bin/../lib/gcc/arm-none-eabi/10.2.1/thumb/v6-m/nofp/crtbegin.o
LOAD c:/progra~2/gnuarm~1/102020~1/bin/../lib/gcc/arm-none-eabi/10.2.1/../../../../arm-none-eabi/lib/thumb/v6-m/nofp/crt0.o

.flash_begin    0x10000000        0x0
                0x10000000                __flash_binary_start = .

.boot2          0x10000000      0x100
                0x10000000                __boot2_start__ = .
 *(.boot2)
 .boot2         0x10000000      0x100 C:\Users\vha3\AppData\Local\Temp\ccSPS44T.o
                0x10000100                __boot2_end__ = .
                0x00000001                ASSERT (((__boot2_end__ - __boot2_start__) == 0x100), ERROR: Pico second stage bootloader must be 256 bytes in size)

.text           0x10000100     0x50a8
                0x10000100                __logical_binary_start = .
 *(.vectors)
 .vectors       0x10000100       0xd4 CMakeFiles/mandelbrot.dir/C_/Users/vha3/Pico/pico-sdk/src/rp2_common/pico_standard_link/crt0.S.obj
                0x10000100                __vectors
                0x100001c0                isr_invalid
                0x100001c2                isr_nmi
                0x100001c4                isr_hardfault
                0x100001c6                isr_svcall
                0x100001c8                isr_pendsv
                0x100001ca                isr_systick
                0x100001cc                isr_irq11
                0x100001cc                isr_irq5
                0x100001cc                isr_irq23
                0x100001cc                isr_irq18
                0x100001cc                isr_irq31
                0x100001cc                isr_irq28
                0x100001cc                isr_irq19
                0x100001cc                isr_irq0
                0x100001cc                isr_irq6
                0x100001cc                isr_irq27
                0x100001cc                isr_irq12
                0x100001cc                isr_irq22
                0x100001cc                isr_irq13
                0x100001cc                isr_irq17
                0x100001cc                isr_irq14
                0x100001cc                isr_irq2
                0x100001cc                isr_irq10
                0x100001cc                isr_irq8
                0x100001cc                isr_irq24
                0x100001cc                isr_irq1
                0x100001cc                isr_irq7
                0x100001cc                isr_irq21
                0x100001cc                isr_irq20
                0x100001cc                isr_irq15
                0x100001cc                isr_irq25
                0x100001cc                __unhandled_user_irq
                0x100001cc                isr_irq4
                0x100001cc                isr_irq16
                0x100001cc                isr_irq29
                0x100001cc                isr_irq26
                0x100001cc                isr_irq3
                0x100001cc                isr_irq30
                0x100001cc                isr_irq9
                0x100001d2                unhandled_user_irq_num_in_r0
 *(.binary_info_header)
 .binary_info_header
                0x100001d4       0x14 CMakeFiles/mandelbrot.dir/C_/Users/vha3/Pico/pico-sdk/src/rp2_common/pico_standard_link/crt0.S.obj
                0x100001e8                __binary_info_header_end = .
 *(.reset)
 .reset         0x100001e8       0xa8 CMakeFiles/mandelbrot.dir/C_/Users/vha3/Pico/pico-sdk/src/rp2_common/pico_standard_link/crt0.S.obj
                0x100001e8                _entry_point
                0x10000266                __get_current_exception
 .reset         0x10000290       0x30 CMakeFiles/mandelbrot.dir/C_/Users/vha3/Pico/pico-sdk/src/rp2_common/pico_standard_link/binary_info.c.obj
 *(.init)
 .init          0x100002c0        0x4 c:/progra~2/gnuarm~1/102020~1/bin/../lib/gcc/arm-none-eabi/10.2.1/thumb/v6-m/nofp/crti.o
                0x100002c0                _init
 *(EXCLUDE_FILE(*libm.a: *libc.a:*lib_a-mem*.o *libgcc.a:) .text*)
 .text          0x100002c4       0x48 c:/progra~2/gnuarm~1/102020~1/bin/../lib/gcc/arm-none-eabi/10.2.1/thumb/v6-m/nofp/crtbegin.o
 .text.startup.main
                0x1000030c      0x57c CMakeFiles/mandelbrot.dir/mandelbrot.c.obj
                0x1000030c                main
 .text.gpio_set_function
                0x10000888       0x30 CMakeFiles/mandelbrot.dir/C_/Users/vha3/Pico/pico-sdk/src/rp2_common/hardware_gpio/gpio.c.obj
                0x10000888                gpio_set_function
 .text.hw_claim_lock
                0x100008b8       0x18 CMakeFiles/mandelbrot.dir/C_/Users/vha3/Pico/pico-sdk/src/rp2_common/hardware_claim/claim.c.obj
                0x100008b8                hw_claim_lock
 .text.hw_claim_unlock
                0x100008d0       0x14 CMakeFiles/mandelbrot.dir/C_/Users/vha3/Pico/pico-sdk/src/rp2_common/hardware_claim/claim.c.obj
                0x100008d0                hw_claim_unlock
 .text.hw_claim_or_assert
                0x100008e4       0x58 CMakeFiles/mandelbrot.dir/C_/Users/vha3/Pico/pico-sdk/src/rp2_common/hardware_claim/claim.c.obj
                0x100008e4                hw_claim_or_assert
 .text.spin_locks_reset
                0x1000093c       0x1c CMakeFiles/mandelbrot.dir/C_/Users/vha3/Pico/pico-sdk/src/rp2_common/hardware_sync/sync.c.obj
                0x1000093c                spin_locks_reset
 .text.next_striped_spin_lock_num
                0x10000958       0x18 CMakeFiles/mandelbrot.dir/C_/Users/vha3/Pico/pico-sdk/src/rp2_common/hardware_sync/sync.c.obj
                0x10000958                next_striped_spin_lock_num
 .text.running_on_fpga
                0x10000970       0x10 CMakeFiles/mandelbrot.dir/C_/Users/vha3/Pico/pico-sdk/src/rp2_common/pico_platform/platform.c.obj
                0x10000970                running_on_fpga
 .text.uart_init
                0x10000980       0xe0 CMakeFiles/mandelbrot.dir/C_/Users/vha3/Pico/pico-sdk/src/rp2_common/hardware_uart/uart.c.obj
                0x10000980                uart_init
 .text.timer_pool_entry_comparator
                0x10000a60       0x34 CMakeFiles/mandelbrot.dir/C_/Users/vha3/Pico/pico-sdk/src/common/pico_time/time.c.obj
                0x10000a60                timer_pool_entry_comparator
 .text.add_alarm_under_lock.isra.0
                0x10000a94      0x120 CMakeFiles/mandelbrot.dir/C_/Users/vha3/Pico/pico-sdk/src/common/pico_time/time.c.obj
 .text.alarm_pool_alarm_callback
                0x10000bb4      0x1c8 CMakeFiles/mandelbrot.dir/C_/Users/vha3/Pico/pico-sdk/src/common/pico_time/time.c.obj
 .text.alarm_pool_init_default
                0x10000d7c       0x78 CMakeFiles/mandelbrot.dir/C_/Users/vha3/Pico/pico-sdk/src/common/pico_time/time.c.obj
                0x10000d7c                alarm_pool_init_default
 .text.hardware_alarm_irq_handler
                0x10000df4       0xb8 CMakeFiles/mandelbrot.dir/C_/Users/vha3/Pico/pico-sdk/src/rp2_common/hardware_timer/timer.c.obj
 .text.hardware_alarm_claim
                0x10000eac       0x18 CMakeFiles/mandelbrot.dir/C_/Users/vha3/Pico/pico-sdk/src/rp2_common/hardware_timer/timer.c.obj
                0x10000eac                hardware_alarm_claim
 .text.time_us_64
                0x10000ec4       0x14 CMakeFiles/mandelbrot.dir/C_/Users/vha3/Pico/pico-sdk/src/rp2_common/hardware_timer/timer.c.obj
                0x10000ec4                time_us_64
 .text.hardware_alarm_set_callback
                0x10000ed8       0x8c CMakeFiles/mandelbrot.dir/C_/Users/vha3/Pico/pico-sdk/src/rp2_common/hardware_timer/timer.c.obj
                0x10000ed8                hardware_alarm_set_callback
 .text.hardware_alarm_set_target
                0x10000f64       0xc4 CMakeFiles/mandelbrot.dir/C_/Users/vha3/Pico/pico-sdk/src/rp2_common/hardware_timer/timer.c.obj
                0x10000f64                hardware_alarm_set_target
 .text.hardware_alarm_cancel
                0x10001028       0x3c CMakeFiles/mandelbrot.dir/C_/Users/vha3/Pico/pico-sdk/src/rp2_common/hardware_timer/timer.c.obj
                0x10001028                hardware_alarm_cancel
 .text.lock_init
                0x10001064       0x10 CMakeFiles/mandelbrot.dir/C_/Users/vha3/Pico/pico-sdk/src/common/pico_sync/lock_core.c.obj
                0x10001064                lock_init
 .text.mutex_init
                0x10001074       0x1c CMakeFiles/mandelbrot.dir/C_/Users/vha3/Pico/pico-sdk/src/common/pico_sync/mutex.c.obj
                0x10001074                mutex_init
 .text.ph_merge_nodes
                0x10001090       0x68 CMakeFiles/mandelbrot.dir/C_/Users/vha3/Pico/pico-sdk/src/common/pico_util/pheap.c.obj
 .text.ph_create
                0x100010f8       0x64 CMakeFiles/mandelbrot.dir/C_/Users/vha3/Pico/pico-sdk/src/common/pico_util/pheap.c.obj
                0x100010f8                ph_create
 .text.ph_merge_two_pass
                0x1000115c       0x90 CMakeFiles/mandelbrot.dir/C_/Users/vha3/Pico/pico-sdk/src/common/pico_util/pheap.c.obj
                0x1000115c                ph_merge_two_pass
 .text.ph_remove_any_head
                0x100011ec       0xf8 CMakeFiles/mandelbrot.dir/C_/Users/vha3/Pico/pico-sdk/src/common/pico_util/pheap.c.obj
 .text.ph_remove_head_reserve
                0x100012e4       0xfc CMakeFiles/mandelbrot.dir/C_/Users/vha3/Pico/pico-sdk/src/common/pico_util/pheap.c.obj
                0x100012e4                ph_remove_head_reserve
 .text.ph_delete
                0x100013e0       0x7c CMakeFiles/mandelbrot.dir/C_/Users/vha3/Pico/pico-sdk/src/common/pico_util/pheap.c.obj
                0x100013e0                ph_delete
 .text.runtime_init
                0x1000145c       0xec CMakeFiles/mandelbrot.dir/C_/Users/vha3/Pico/pico-sdk/src/rp2_common/pico_runtime/runtime.c.obj
                0x1000145c                runtime_init
 .text._sbrk    0x10001548       0x34 CMakeFiles/mandelbrot.dir/C_/Users/vha3/Pico/pico-sdk/src/rp2_common/pico_runtime/runtime.c.obj
                0x10001548                _sbrk
 .text.exit     0x1000157c        0x4 CMakeFiles/mandelbrot.dir/C_/Users/vha3/Pico/pico-sdk/src/rp2_common/pico_runtime/runtime.c.obj
                0x1000157c                exit
 .text.panic    0x10001580       0x30 CMakeFiles/mandelbrot.dir/C_/Users/vha3/Pico/pico-sdk/src/rp2_common/pico_runtime/runtime.c.obj
                0x10001580                panic
 .text.hard_assertion_failure
                0x100015b0        0xc CMakeFiles/mandelbrot.dir/C_/Users/vha3/Pico/pico-sdk/src/rp2_common/pico_runtime/runtime.c.obj
                0x100015b0                hard_assertion_failure
 .text.clocks_init
                0x100015bc      0x2e0 CMakeFiles/mandelbrot.dir/C_/Users/vha3/Pico/pico-sdk/src/rp2_common/hardware_clocks/clocks.c.obj
                0x100015bc                clocks_init
 .text.clock_get_hz
                0x1000189c        0xc CMakeFiles/mandelbrot.dir/C_/Users/vha3/Pico/pico-sdk/src/rp2_common/hardware_clocks/clocks.c.obj
                0x1000189c                clock_get_hz
 .text.watchdog_start_tick
                0x100018a8       0x10 CMakeFiles/mandelbrot.dir/C_/Users/vha3/Pico/pico-sdk/src/rp2_common/hardware_watchdog/watchdog.c.obj
                0x100018a8                watchdog_start_tick
 .text.xosc_init
                0x100018b8       0x28 CMakeFiles/mandelbrot.dir/C_/Users/vha3/Pico/pico-sdk/src/rp2_common/hardware_xosc/xosc.c.obj
                0x100018b8                xosc_init
 .text.pll_init
                0x100018e0       0x5c CMakeFiles/mandelbrot.dir/C_/Users/vha3/Pico/pico-sdk/src/rp2_common/hardware_pll/pll.c.obj
                0x100018e0                pll_init
 .text.irq_set_enabled
                0x1000193c       0x24 CMakeFiles/mandelbrot.dir/C_/Users/vha3/Pico/pico-sdk/src/rp2_common/hardware_irq/irq.c.obj
                0x1000193c                irq_set_enabled
 .text.irq_get_vtable_handler
                0x10001960       0x10 CMakeFiles/mandelbrot.dir/C_/Users/vha3/Pico/pico-sdk/src/rp2_common/hardware_irq/irq.c.obj
                0x10001960                irq_get_vtable_handler
 .text.irq_set_exclusive_handler
                0x10001970       0x54 CMakeFiles/mandelbrot.dir/C_/Users/vha3/Pico/pico-sdk/src/rp2_common/hardware_irq/irq.c.obj
                0x10001970                irq_set_exclusive_handler
 .text.irq_remove_handler
                0x100019c4      0x1c0 CMakeFiles/mandelbrot.dir/C_/Users/vha3/Pico/pico-sdk/src/rp2_common/hardware_irq/irq.c.obj
                0x100019c4                irq_remove_handler
 .text.irq_add_tail_to_free_list
                0x10001b84       0xbc CMakeFiles/mandelbrot.dir/C_/Users/vha3/Pico/pico-sdk/src/rp2_common/hardware_irq/irq.c.obj
                0x10001b84                irq_add_tail_to_free_list
 .text.irq_init_priorities
                0x10001c40       0x38 CMakeFiles/mandelbrot.dir/C_/Users/vha3/Pico/pico-sdk/src/rp2_common/hardware_irq/irq.c.obj
                0x10001c40                irq_init_priorities
 .text._out_null
                0x10001c78        0x4 CMakeFiles/mandelbrot.dir/C_/Users/vha3/Pico/pico-sdk/src/rp2_common/pico_printf/printf.c.obj
 .text._out_rev
                0x10001c7c       0x9c CMakeFiles/mandelbrot.dir/C_/Users/vha3/Pico/pico-sdk/src/rp2_common/pico_printf/printf.c.obj
 .text._ntoa_format
                0x10001d18      0x1cc CMakeFiles/mandelbrot.dir/C_/Users/vha3/Pico/pico-sdk/src/rp2_common/pico_printf/printf.c.obj
 .text._out_char
                0x10001ee4       0x10 CMakeFiles/mandelbrot.dir/C_/Users/vha3/Pico/pico-sdk/src/rp2_common/pico_printf/printf.c.obj
 .text._out_fct
                0x10001ef4       0x10 CMakeFiles/mandelbrot.dir/C_/Users/vha3/Pico/pico-sdk/src/rp2_common/pico_printf/printf.c.obj
 .text._etoa    0x10001f04      0x424 CMakeFiles/mandelbrot.dir/C_/Users/vha3/Pico/pico-sdk/src/rp2_common/pico_printf/printf.c.obj
 .text._ftoa    0x10002328      0x398 CMakeFiles/mandelbrot.dir/C_/Users/vha3/Pico/pico-sdk/src/rp2_common/pico_printf/printf.c.obj
 .text._vsnprintf
                0x100026c0      0xb04 CMakeFiles/mandelbrot.dir/C_/Users/vha3/Pico/pico-sdk/src/rp2_common/pico_printf/printf.c.obj
 .text.vfctprintf
                0x100031c4       0x20 CMakeFiles/mandelbrot.dir/C_/Users/vha3/Pico/pico-sdk/src/rp2_common/pico_printf/printf.c.obj
                0x100031c4                vfctprintf
 .text.weak_raw_vprintf
                0x100031e4       0x30 CMakeFiles/mandelbrot.dir/C_/Users/vha3/Pico/pico-sdk/src/rp2_common/pico_printf/printf.c.obj
                0x100031e4                weak_raw_vprintf
 .text          0x10003214       0x10 CMakeFiles/mandelbrot.dir/C_/Users/vha3/Pico/pico-sdk/src/rp2_common/pico_bit_ops/bit_ops_aeabi.S.obj
 .text.rom_func_lookup
                0x10003224       0x10 CMakeFiles/mandelbrot.dir/C_/Users/vha3/Pico/pico-sdk/src/rp2_common/pico_bootrom/bootrom.c.obj
                0x10003224                rom_func_lookup
 .text.rom_data_lookup
                0x10003234       0x10 CMakeFiles/mandelbrot.dir/C_/Users/vha3/Pico/pico-sdk/src/rp2_common/pico_bootrom/bootrom.c.obj
                0x10003234                rom_data_lookup
 .text.rom_funcs_lookup
                0x10003244       0x44 CMakeFiles/mandelbrot.dir/C_/Users/vha3/Pico/pico-sdk/src/rp2_common/pico_bootrom/bootrom.c.obj
                0x10003244                rom_funcs_lookup
 .text.__wrap___aeabi_idiv
                0x10003288       0x58 CMakeFiles/mandelbrot.dir/C_/Users/vha3/Pico/pico-sdk/src/rp2_common/pico_divider/divider.S.obj
                0x10003288                __wrap___aeabi_idivmod
                0x10003288                divmod_s32s32
                0x10003288                div_s32s32
                0x10003288                __wrap___aeabi_idiv
                0x10003290                divmod_s32s32_unsafe
                0x100032bc                divmod_s32s32_savestate
 .text.__wrap___aeabi_uidiv
                0x100032e0       0x54 CMakeFiles/mandelbrot.dir/C_/Users/vha3/Pico/pico-sdk/src/rp2_common/pico_divider/divider.S.obj
                0x100032e0                __wrap___aeabi_uidiv
                0x100032e0                __wrap___aeabi_uidivmod
                0x100032e0                div_u32u32
                0x100032e0                divmod_u32u32
                0x100032e8                divmod_u32u32_unsafe
                0x10003310                divmod_u32u32_savestate
 .text.__wrap___aeabi_ldiv
                0x10003334      0x430 CMakeFiles/mandelbrot.dir/C_/Users/vha3/Pico/pico-sdk/src/rp2_common/pico_divider/divider.S.obj
                0x10003334                div_s64s64
                0x10003334                divmod_s64s64
                0x10003334                __wrap___aeabi_ldivmod
                0x1000336c                divmod_u64u64
                0x1000336c                div_u64u64
                0x1000336c                __wrap___aeabi_uldivmod
                0x1000337c                divmod_u64u64_savestate
                0x100033a4                divmod_s64s64_unsafe
                0x1000342c                divmod_u64u64_unsafe
 .text.__wrap___aeabi_darithmetic
                0x10003764       0x54 CMakeFiles/mandelbrot.dir/C_/Users/vha3/Pico/pico-sdk/src/rp2_common/pico_double/double_aeabi.S.obj
                0x10003764                __wrap___aeabi_drsub
                0x1000376a                __wrap___aeabi_dsub
                0x1000377c                __wrap___aeabi_dadd
                0x1000378e                __wrap___aeabi_ddiv
                0x100037a0                __wrap___aeabi_dmul
 .text.__wrap___aeabi_cdcmple
                0x100037b8       0x6c CMakeFiles/mandelbrot.dir/C_/Users/vha3/Pico/pico-sdk/src/rp2_common/pico_double/double_aeabi.S.obj
                0x100037b8                __wrap___aeabi_cdrcmple
                0x100037c8                __wrap___aeabi_cdcmpeq
                0x100037c8                __wrap___aeabi_cdcmple
 .text.__wrap___aeabi_dcmplt
                0x10003824        0xc CMakeFiles/mandelbrot.dir/C_/Users/vha3/Pico/pico-sdk/src/rp2_common/pico_double/double_aeabi.S.obj
                0x10003824                __wrap___aeabi_dcmplt
 .text.__wrap___aeabi_dcmple
                0x10003830       0x10 CMakeFiles/mandelbrot.dir/C_/Users/vha3/Pico/pico-sdk/src/rp2_common/pico_double/double_aeabi.S.obj
                0x10003830                __wrap___aeabi_dcmple
 .text.__wrap___aeabi_dcmpge
                0x10003840       0x10 CMakeFiles/mandelbrot.dir/C_/Users/vha3/Pico/pico-sdk/src/rp2_common/pico_double/double_aeabi.S.obj
                0x10003840                __wrap___aeabi_dcmpge
 .text.__wrap___aeabi_dcmpgt
                0x10003850        0xa CMakeFiles/mandelbrot.dir/C_/Users/vha3/Pico/pico-sdk/src/rp2_common/pico_double/double_aeabi.S.obj
                0x10003850                __wrap___aeabi_dcmpgt
 .text.__wrap___aeabi_dcmpun
                0x1000385a       0x1c CMakeFiles/mandelbrot.dir/C_/Users/vha3/Pico/pico-sdk/src/rp2_common/pico_double/double_aeabi.S.obj
                0x1000385a                __wrap___aeabi_dcmpun
 *fill*         0x10003876        0x2 
 .text.__wrap___aeabi_i2d
                0x10003878       0x38 CMakeFiles/mandelbrot.dir/C_/Users/vha3/Pico/pico-sdk/src/rp2_common/pico_double/double_aeabi.S.obj
                0x10003878                __wrap___aeabi_ui2d
                0x10003880                __wrap___aeabi_i2d
 .text.__wrap___aeabi_d2iz
                0x100038b0       0x48 CMakeFiles/mandelbrot.dir/C_/Users/vha3/Pico/pico-sdk/src/rp2_common/pico_double/double_aeabi.S.obj
                0x100038b0                double2int_z
                0x100038b0                __wrap___aeabi_d2iz
 .text.__wrap___aeabi_d2uiz
                0x100038f8       0x18 CMakeFiles/mandelbrot.dir/C_/Users/vha3/Pico/pico-sdk/src/rp2_common/pico_double/double_aeabi.S.obj
                0x100038f8                __wrap___aeabi_d2uiz
                0x100038f8                double2uint
 .text.__aeabi_double_init
                0x10003910       0x80 CMakeFiles/mandelbrot.dir/C_/Users/vha3/Pico/pico-sdk/src/rp2_common/pico_double/double_init_rom.c.obj
                0x10003910                __aeabi_double_init
 .text.double_table_shim_on_use_helper
                0x10003990       0x2c CMakeFiles/mandelbrot.dir/C_/Users/vha3/Pico/pico-sdk/src/rp2_common/pico_double/double_v1_rom_shim.S.obj
                0x10003990                double_table_shim_on_use_helper
 .text.__wrap___aeabi_dsub
                0x100039bc       0x10 CMakeFiles/mandelbrot.dir/C_/Users/vha3/Pico/pico-sdk/src/rp2_common/pico_double/double_v1_rom_shim.S.obj
                0x100039bc                drsub_shim
                0x100039c2                dsub_shim
 .text.dadd_shim
                0x100039cc      0x15c CMakeFiles/mandelbrot.dir/C_/Users/vha3/Pico/pico-sdk/src/rp2_common/pico_double/double_v1_rom_shim.S.obj
                0x100039cc                dadd_shim
 .text.dmul_shim
                0x10003b28      0x15c CMakeFiles/mandelbrot.dir/C_/Users/vha3/Pico/pico-sdk/src/rp2_common/pico_double/double_v1_rom_shim.S.obj
                0x10003b28                dmul_shim
 .text.ddiv_shim
                0x10003c84      0x1b0 CMakeFiles/mandelbrot.dir/C_/Users/vha3/Pico/pico-sdk/src/rp2_common/pico_double/double_v1_rom_shim.S.obj
                0x10003c84                ddiv_shim
 .text.dcordic_rot_step
                0x10003e34       0x7c CMakeFiles/mandelbrot.dir/C_/Users/vha3/Pico/pico-sdk/src/rp2_common/pico_double/double_v1_rom_shim.S.obj
                0x10003e34                dcordic_rot_step
 .text.double2uint_shim
                0x10003eb0        0xe CMakeFiles/mandelbrot.dir/C_/Users/vha3/Pico/pico-sdk/src/rp2_common/pico_double/double_v1_rom_shim.S.obj
                0x10003eb0                double2uint_shim
                0x10003eb2                double2ufix_shim
 *fill*         0x10003ebe        0x2 
 .text.double2uint64_shim
                0x10003ec0       0x6c CMakeFiles/mandelbrot.dir/C_/Users/vha3/Pico/pico-sdk/src/rp2_common/pico_double/double_v1_rom_shim.S.obj
                0x10003ec0                double2uint64_shim
                0x10003ec2                double2ufix64_shim
                0x10003edc                d2fix_a
 .text.dunpacks
                0x10003f2c       0x3c CMakeFiles/mandelbrot.dir/C_/Users/vha3/Pico/pico-sdk/src/rp2_common/pico_double/double_v1_rom_shim.S.obj
                0x10003f2c                dunpacks
 .text.__aeabi_lmul
                0x10003f68       0x32 CMakeFiles/mandelbrot.dir/C_/Users/vha3/Pico/pico-sdk/src/rp2_common/pico_int64_ops/pico_int64_ops_aeabi.S.obj
                0x10003f68                __wrap___aeabi_lmul
 *fill*         0x10003f9a        0x2 
 .text.__wrap___aeabi_farithmetic
                0x10003f9c       0x24 CMakeFiles/mandelbrot.dir/C_/Users/vha3/Pico/pico-sdk/src/rp2_common/pico_float/float_aeabi.S.obj
                0x10003f9c                __wrap___aeabi_frsub
                0x10003fa2                __wrap___aeabi_fsub
                0x10003fa8                __wrap___aeabi_fadd
                0x10003fae                __wrap___aeabi_fdiv
                0x10003fb4                __wrap___aeabi_fmul
 .text.__wrap___aeabi_ui2f
                0x10003fc0        0xa CMakeFiles/mandelbrot.dir/C_/Users/vha3/Pico/pico-sdk/src/rp2_common/pico_float/float_aeabi.S.obj
                0x10003fc0                __wrap___aeabi_ui2f
 *fill*         0x10003fca        0x2 
 .text.__wrap___aeabi_i2f
                0x10003fcc       0x44 CMakeFiles/mandelbrot.dir/C_/Users/vha3/Pico/pico-sdk/src/rp2_common/pico_float/float_aeabi.S.obj
                0x10003fcc                __wrap___aeabi_i2f
 .text.__wrap___aeabi_f2iz
                0x10004010       0x4e CMakeFiles/mandelbrot.dir/C_/Users/vha3/Pico/pico-sdk/src/rp2_common/pico_float/float_aeabi.S.obj
                0x10004010                float2int_z
                0x10004010                __wrap___aeabi_f2iz
 *fill*         0x1000405e        0x2 
 .text.float2int
                0x10004060       0x14 CMakeFiles/mandelbrot.dir/C_/Users/vha3/Pico/pico-sdk/src/rp2_common/pico_float/float_aeabi.S.obj
                0x10004060                float2int
 .text.__wrap___aeabi_f2uiz
                0x10004074        0xc CMakeFiles/mandelbrot.dir/C_/Users/vha3/Pico/pico-sdk/src/rp2_common/pico_float/float_aeabi.S.obj
                0x10004074                __wrap___aeabi_f2uiz
 .text.__wrap___aeabi_ul2f
                0x10004080       0x20 CMakeFiles/mandelbrot.dir/C_/Users/vha3/Pico/pico-sdk/src/rp2_common/pico_float/float_aeabi.S.obj
                0x10004084                __wrap___aeabi_ul2f
 .text.__wrap___aeabi_f2d
                0x100040a0       0x14 CMakeFiles/mandelbrot.dir/C_/Users/vha3/Pico/pico-sdk/src/rp2_common/pico_float/float_aeabi.S.obj
                0x100040a0                __wrap___aeabi_f2d
 .text.__aeabi_float_init
                0x100040b4       0x64 CMakeFiles/mandelbrot.dir/C_/Users/vha3/Pico/pico-sdk/src/rp2_common/pico_float/float_init_rom.c.obj
                0x100040b4                __aeabi_float_init
 .text.float_table_shim_on_use_helper
                0x10004118       0x2c CMakeFiles/mandelbrot.dir/C_/Users/vha3/Pico/pico-sdk/src/rp2_common/pico_float/float_v1_rom_shim.S.obj
                0x10004118                float_table_shim_on_use_helper
 .text.642float_shims
                0x10004144       0x44 CMakeFiles/mandelbrot.dir/C_/Users/vha3/Pico/pico-sdk/src/rp2_common/pico_float/float_v1_rom_shim.S.obj
                0x10004144                uint642float_shim
                0x10004146                ufix642float_shim
                0x10004156                int642float_shim
                0x10004158                fix642float_shim
 .text.float232_shims
                0x10004188       0x18 CMakeFiles/mandelbrot.dir/C_/Users/vha3/Pico/pico-sdk/src/rp2_common/pico_float/float_v1_rom_shim.S.obj
                0x10004188                float2int_shim
                0x1000418a                float2fix_shim
 .text.float2double_shim
                0x100041a0       0x30 CMakeFiles/mandelbrot.dir/C_/Users/vha3/Pico/pico-sdk/src/rp2_common/pico_float/float_v1_rom_shim.S.obj
                0x100041a0                float2double_shim
 .text.__wrap_malloc
                0x100041d0        0x8 CMakeFiles/mandelbrot.dir/C_/Users/vha3/Pico/pico-sdk/src/rp2_common/pico_malloc/pico_malloc.c.obj
                0x100041d0                __wrap_malloc
 .text.__wrap_calloc
                0x100041d8        0x8 CMakeFiles/mandelbrot.dir/C_/Users/vha3/Pico/pico-sdk/src/rp2_common/pico_malloc/pico_malloc.c.obj
                0x100041d8                __wrap_calloc
 .text          0x100041e0       0x10 CMakeFiles/mandelbrot.dir/C_/Users/vha3/Pico/pico-sdk/src/rp2_common/pico_mem_ops/mem_ops_aeabi.S.obj
                0x100041e0                __aeabi_mem_init
 .text.memset   0x100041f0        0xc CMakeFiles/mandelbrot.dir/C_/Users/vha3/Pico/pico-sdk/src/rp2_common/pico_mem_ops/mem_ops_aeabi.S.obj
                0x100041f0                __wrap_memset
 .text.memcpy   0x100041fc        0xc CMakeFiles/mandelbrot.dir/C_/Users/vha3/Pico/pico-sdk/src/rp2_common/pico_mem_ops/mem_ops_aeabi.S.obj
                0x100041fc                __wrap_memcpy
                0x100041fc                __wrap___aeabi_memcpy
 .text.stdio_out_chars_crlf.part.0
                0x10004208       0xa0 CMakeFiles/mandelbrot.dir/C_/Users/vha3/Pico/pico-sdk/src/rp2_common/pico_stdio/stdio.c.obj
 .text.stdio_buffered_printer
                0x100042a8       0x78 CMakeFiles/mandelbrot.dir/C_/Users/vha3/Pico/pico-sdk/src/rp2_common/pico_stdio/stdio.c.obj
 .text.stdio_put_string.isra.0
                0x10004320       0xf8 CMakeFiles/mandelbrot.dir/C_/Users/vha3/Pico/pico-sdk/src/rp2_common/pico_stdio/stdio.c.obj
 .text.__wrap_putchar
                0x10004418       0x1c CMakeFiles/mandelbrot.dir/C_/Users/vha3/Pico/pico-sdk/src/rp2_common/pico_stdio/stdio.c.obj
                0x10004418                __wrap_putchar
 .text.__wrap_puts
                0x10004434       0x3c CMakeFiles/mandelbrot.dir/C_/Users/vha3/Pico/pico-sdk/src/rp2_common/pico_stdio/stdio.c.obj
                0x10004434                __wrap_puts
 .text.stdio_set_driver_enabled
                0x10004470       0x3c CMakeFiles/mandelbrot.dir/C_/Users/vha3/Pico/pico-sdk/src/rp2_common/pico_stdio/stdio.c.obj
                0x10004470                stdio_set_driver_enabled
 .text.__wrap_vprintf
                0x100044ac       0xe8 CMakeFiles/mandelbrot.dir/C_/Users/vha3/Pico/pico-sdk/src/rp2_common/pico_stdio/stdio.c.obj
                0x100044ac                __wrap_vprintf
 .text.__wrap_printf
                0x10004594       0x18 CMakeFiles/mandelbrot.dir/C_/Users/vha3/Pico/pico-sdk/src/rp2_common/pico_stdio/stdio.c.obj
                0x10004594                __wrap_printf
 .text.stdio_init_all
                0x100045ac        0x8 CMakeFiles/mandelbrot.dir/C_/Users/vha3/Pico/pico-sdk/src/rp2_common/pico_stdio/stdio.c.obj
                0x100045ac                stdio_init_all
 .text.stdio_uart_out_chars
                0x100045b4       0x3c CMakeFiles/mandelbrot.dir/C_/Users/vha3/Pico/pico-sdk/src/rp2_common/pico_stdio_uart/stdio_uart.c.obj
 .text.stdio_uart_in_chars
                0x100045f0       0x38 CMakeFiles/mandelbrot.dir/C_/Users/vha3/Pico/pico-sdk/src/rp2_common/pico_stdio_uart/stdio_uart.c.obj
                0x100045f0                stdio_uart_in_chars
 .text.stdio_uart_init
                0x10004628       0x40 CMakeFiles/mandelbrot.dir/C_/Users/vha3/Pico/pico-sdk/src/rp2_common/pico_stdio_uart/stdio_uart.c.obj
                0x10004628                stdio_uart_init
 .text.pio_add_program
                0x10004668       0xc8 CMakeFiles/mandelbrot.dir/C_/Users/vha3/Pico/pico-sdk/src/rp2_common/hardware_pio/pio.c.obj
                0x10004668                pio_add_program
 .text.pio_sm_set_consecutive_pindirs
                0x10004730       0x84 CMakeFiles/mandelbrot.dir/C_/Users/vha3/Pico/pico-sdk/src/rp2_common/hardware_pio/pio.c.obj
                0x10004730                pio_sm_set_consecutive_pindirs
 .text.pio_sm_init
                0x100047b4       0x90 CMakeFiles/mandelbrot.dir/C_/Users/vha3/Pico/pico-sdk/src/rp2_common/hardware_pio/pio.c.obj
                0x100047b4                pio_sm_init
 .text.calloc   0x10004844       0x18 c:/progra~2/gnuarm~1/102020~1/bin/../lib/gcc/arm-none-eabi/10.2.1/../../../../arm-none-eabi/lib/thumb/v6-m/nofp\libc.a(lib_a-calloc.o)
                0x10004844                calloc
 .text._calloc_r
                0x1000485c       0x5c c:/progra~2/gnuarm~1/102020~1/bin/../lib/gcc/arm-none-eabi/10.2.1/../../../../arm-none-eabi/lib/thumb/v6-m/nofp\libc.a(lib_a-callocr.o)
                0x1000485c                _calloc_r
 .text.malloc   0x100048b8       0x14 c:/progra~2/gnuarm~1/102020~1/bin/../lib/gcc/arm-none-eabi/10.2.1/../../../../arm-none-eabi/lib/thumb/v6-m/nofp\libc.a(lib_a-malloc.o)
                0x100048b8                malloc
 .text._malloc_r
                0x100048cc      0x580 c:/progra~2/gnuarm~1/102020~1/bin/../lib/gcc/arm-none-eabi/10.2.1/../../../../arm-none-eabi/lib/thumb/v6-m/nofp\libc.a(lib_a-mallocr.o)
                0x100048cc                _malloc_r
 .text.__malloc_lock
                0x10004e4c       0x10 c:/progra~2/gnuarm~1/102020~1/bin/../lib/gcc/arm-none-eabi/10.2.1/../../../../arm-none-eabi/lib/thumb/v6-m/nofp\libc.a(lib_a-mlock.o)
                0x10004e4c                __malloc_lock
 .text.__malloc_unlock
                0x10004e5c       0x10 c:/progra~2/gnuarm~1/102020~1/bin/../lib/gcc/arm-none-eabi/10.2.1/../../../../arm-none-eabi/lib/thumb/v6-m/nofp\libc.a(lib_a-mlock.o)
                0x10004e5c                __malloc_unlock
 .text._sbrk_r  0x10004e6c       0x24 c:/progra~2/gnuarm~1/102020~1/bin/../lib/gcc/arm-none-eabi/10.2.1/../../../../arm-none-eabi/lib/thumb/v6-m/nofp\libc.a(lib_a-sbrkr.o)
                0x10004e6c                _sbrk_r
 .text.strlen   0x10004e90       0x5c c:/progra~2/gnuarm~1/102020~1/bin/../lib/gcc/arm-none-eabi/10.2.1/../../../../arm-none-eabi/lib/thumb/v6-m/nofp\libc.a(lib_a-strlen-stub.o)
                0x10004e90                strlen
 .text._malloc_trim_r
                0x10004eec       0x9c c:/progra~2/gnuarm~1/102020~1/bin/../lib/gcc/arm-none-eabi/10.2.1/../../../../arm-none-eabi/lib/thumb/v6-m/nofp\libc.a(lib_a-freer.o)
                0x10004eec                _malloc_trim_r
 .text._free_r  0x10004f88      0x1c4 c:/progra~2/gnuarm~1/102020~1/bin/../lib/gcc/arm-none-eabi/10.2.1/../../../../arm-none-eabi/lib/thumb/v6-m/nofp\libc.a(lib_a-freer.o)
                0x10004f88                _free_r
 .text.__retarget_lock_acquire_recursive
                0x1000514c        0x4 c:/progra~2/gnuarm~1/102020~1/bin/../lib/gcc/arm-none-eabi/10.2.1/../../../../arm-none-eabi/lib/thumb/v6-m/nofp\libc.a(lib_a-lock.o)
                0x1000514c                __retarget_lock_acquire_recursive
 .text.__retarget_lock_release_recursive
                0x10005150        0x4 c:/progra~2/gnuarm~1/102020~1/bin/../lib/gcc/arm-none-eabi/10.2.1/../../../../arm-none-eabi/lib/thumb/v6-m/nofp\libc.a(lib_a-lock.o)
                0x10005150                __retarget_lock_release_recursive
 *(.fini)
 .fini          0x10005154        0x4 c:/progra~2/gnuarm~1/102020~1/bin/../lib/gcc/arm-none-eabi/10.2.1/thumb/v6-m/nofp/crti.o
                0x10005154                _fini
 .fini.__stub   0x10005158       0x50 linker stubs
 *crtbegin.o(.ctors)
 *crtbegin?.o(.ctors)
 *(EXCLUDE_FILE(*crtend.o *crtend?.o) .ctors)
 *(SORT_BY_NAME(.ctors.*))
 *(.ctors)
 *crtbegin.o(.dtors)
 *crtbegin?.o(.dtors)
 *(EXCLUDE_FILE(*crtend.o *crtend?.o) .dtors)
 *(SORT_BY_NAME(.dtors.*))
 *(.dtors)
 *(.eh_frame*)
 .eh_frame      0x100051a8        0x0 c:/progra~2/gnuarm~1/102020~1/bin/../lib/gcc/arm-none-eabi/10.2.1/thumb/v6-m/nofp/crtbegin.o
                0x100051a8                . = ALIGN (0x4)

.glue_7         0x100051a8        0x0
 .glue_7        0x100051a8        0x0 linker stubs

.glue_7t        0x100051a8        0x0
 .glue_7t       0x100051a8        0x0 linker stubs

.vfp11_veneer   0x100051a8        0x0
 .vfp11_veneer  0x100051a8        0x0 linker stubs

.v4_bx          0x100051a8        0x0
 .v4_bx         0x100051a8        0x0 linker stubs

.iplt           0x100051a8        0x0
 .iplt          0x100051a8        0x0 c:/progra~2/gnuarm~1/102020~1/bin/../lib/gcc/arm-none-eabi/10.2.1/thumb/v6-m/nofp/crtbegin.o

.rodata         0x100051a8      0x3c0
 *(EXCLUDE_FILE(*libm.a: *libc.a:*lib_a-mem*.o *libgcc.a:) .rodata*)
 .rodata.main.str1.4
                0x100051a8       0x31 CMakeFiles/mandelbrot.dir/mandelbrot.c.obj
 *fill*         0x100051d9        0x3 
 .rodata.hsync_program
                0x100051dc        0x6 CMakeFiles/mandelbrot.dir/mandelbrot.c.obj
 *fill*         0x100051e2        0x2 
 .rodata.hsync_program_instructions
                0x100051e4       0x12 CMakeFiles/mandelbrot.dir/mandelbrot.c.obj
 *fill*         0x100051f6        0x2 
 .rodata.rgb_program
                0x100051f8        0x6 CMakeFiles/mandelbrot.dir/mandelbrot.c.obj
 *fill*         0x100051fe        0x2 
 .rodata.rgb_program_instructions
                0x10005200       0x12 CMakeFiles/mandelbrot.dir/mandelbrot.c.obj
 *fill*         0x10005212        0x2 
 .rodata.vsync_program
                0x10005214        0x6 CMakeFiles/mandelbrot.dir/mandelbrot.c.obj
 *fill*         0x1000521a        0x2 
 .rodata.vsync_program_instructions
                0x1000521c       0x1c CMakeFiles/mandelbrot.dir/mandelbrot.c.obj
 .rodata.hardware_alarm_claim.str1.4
                0x10005238       0x22 CMakeFiles/mandelbrot.dir/C_/Users/vha3/Pico/pico-sdk/src/rp2_common/hardware_timer/timer.c.obj
 *fill*         0x1000525a        0x2 
 .rodata.panic.str1.4
                0x1000525c       0x12 CMakeFiles/mandelbrot.dir/C_/Users/vha3/Pico/pico-sdk/src/rp2_common/pico_runtime/runtime.c.obj
 *fill*         0x1000526e        0x2 
 .rodata.hard_assertion_failure.str1.4
                0x10005270        0xc CMakeFiles/mandelbrot.dir/C_/Users/vha3/Pico/pico-sdk/src/rp2_common/pico_runtime/runtime.c.obj
 .rodata._ftoa.str1.4
                0x1000527c       0x15 CMakeFiles/mandelbrot.dir/C_/Users/vha3/Pico/pico-sdk/src/rp2_common/pico_printf/printf.c.obj
 *fill*         0x10005291        0x3 
 .rodata._vsnprintf
                0x10005294      0x1e0 CMakeFiles/mandelbrot.dir/C_/Users/vha3/Pico/pico-sdk/src/rp2_common/pico_printf/printf.c.obj
 *fill*         0x10005474        0x4 
 .rodata.pow10.0
                0x10005478       0x50 CMakeFiles/mandelbrot.dir/C_/Users/vha3/Pico/pico-sdk/src/rp2_common/pico_printf/printf.c.obj
 .rodata.str1.4
                0x100054c8       0x30 CMakeFiles/mandelbrot.dir/C_/Users/vha3/Pico/pico-sdk/src/rp2_common/pico_standard_link/binary_info.c.obj
 .rodata.__bi_40
                0x100054f8        0xc CMakeFiles/mandelbrot.dir/C_/Users/vha3/Pico/pico-sdk/src/rp2_common/pico_standard_link/binary_info.c.obj
 .rodata.__bi_71
                0x10005504        0xc CMakeFiles/mandelbrot.dir/C_/Users/vha3/Pico/pico-sdk/src/rp2_common/pico_standard_link/binary_info.c.obj
 .rodata.crlf_str.0
                0x10005510        0x2 CMakeFiles/mandelbrot.dir/C_/Users/vha3/Pico/pico-sdk/src/rp2_common/pico_stdio/stdio.c.obj
 *fill*         0x10005512        0x2 
 .rodata.str1.4
                0x10005514       0x2c CMakeFiles/mandelbrot.dir/C_/Users/vha3/Pico/pico-sdk/src/rp2_common/pico_stdio_uart/stdio_uart.c.obj
 .rodata.__bi_27.4
                0x10005540        0xc CMakeFiles/mandelbrot.dir/C_/Users/vha3/Pico/pico-sdk/src/rp2_common/pico_stdio_uart/stdio_uart.c.obj
 .rodata.__bi_28.5
                0x1000554c        0x8 CMakeFiles/mandelbrot.dir/C_/Users/vha3/Pico/pico-sdk/src/rp2_common/pico_stdio_uart/stdio_uart.c.obj
 .rodata.pio_add_program.str1.4
                0x10005554       0x11 CMakeFiles/mandelbrot.dir/C_/Users/vha3/Pico/pico-sdk/src/rp2_common/hardware_pio/pio.c.obj
                0x10005568                . = ALIGN (0x4)
 *fill*         0x10005565        0x3 
 *(SORT_BY_ALIGNMENT(SORT_BY_NAME(.flashdata*)))
                0x10005568                . = ALIGN (0x4)

.rel.dyn        0x10005568        0x0
 .rel.iplt      0x10005568        0x0 c:/progra~2/gnuarm~1/102020~1/bin/../lib/gcc/arm-none-eabi/10.2.1/thumb/v6-m/nofp/crtbegin.o

.ARM.extab
 *(.ARM.extab* .gnu.linkonce.armextab.*)
                0x10005568                __exidx_start = .

.ARM.exidx
 *(.ARM.exidx* .gnu.linkonce.armexidx.*)
                0x10005568                __exidx_end = .
                0x10005568                . = ALIGN (0x4)
                0x10005568                __binary_info_start = .

.binary_info    0x10005568       0x20
 *(.binary_info.keep.*)
 .binary_info.keep.__bi_ptr18
                0x10005568        0x4 CMakeFiles/mandelbrot.dir/C_/Users/vha3/Pico/pico-sdk/src/rp2_common/pico_standard_link/binary_info.c.obj
 .binary_info.keep.__bi_ptr26
                0x1000556c        0x4 CMakeFiles/mandelbrot.dir/C_/Users/vha3/Pico/pico-sdk/src/rp2_common/pico_standard_link/binary_info.c.obj
 .binary_info.keep.__bi_ptr34
                0x10005570        0x4 CMakeFiles/mandelbrot.dir/C_/Users/vha3/Pico/pico-sdk/src/rp2_common/pico_standard_link/binary_info.c.obj
 .binary_info.keep.__bi_ptr40
                0x10005574        0x4 CMakeFiles/mandelbrot.dir/C_/Users/vha3/Pico/pico-sdk/src/rp2_common/pico_standard_link/binary_info.c.obj
 .binary_info.keep.__bi_ptr46
                0x10005578        0x4 CMakeFiles/mandelbrot.dir/C_/Users/vha3/Pico/pico-sdk/src/rp2_common/pico_standard_link/binary_info.c.obj
 .binary_info.keep.__bi_ptr71
                0x1000557c        0x4 CMakeFiles/mandelbrot.dir/C_/Users/vha3/Pico/pico-sdk/src/rp2_common/pico_standard_link/binary_info.c.obj
 *(.binary_info.*)
 .binary_info.__bi_ptr27
                0x10005580        0x4 CMakeFiles/mandelbrot.dir/C_/Users/vha3/Pico/pico-sdk/src/rp2_common/pico_stdio_uart/stdio_uart.c.obj
 .binary_info.__bi_ptr28
                0x10005584        0x4 CMakeFiles/mandelbrot.dir/C_/Users/vha3/Pico/pico-sdk/src/rp2_common/pico_stdio_uart/stdio_uart.c.obj
                0x10005588                __binary_info_end = .
                0x10005588                . = ALIGN (0x4)
                0x10005588                __etext = .

.ram_vector_table
                0x20000000       0xc0
 *(.ram_vector_table)
 .ram_vector_table
                0x20000000       0xc0 CMakeFiles/mandelbrot.dir/C_/Users/vha3/Pico/pico-sdk/src/rp2_common/pico_runtime/runtime.c.obj
                0x20000000                ram_vector_table

.data           0x200000c0      0x99c load address 0x10005588
                0x200000c0                __data_start__ = .
 *(vtable)
 *(.time_critical*)
 .time_critical.mutex_enter_blocking
                0x200000c0       0x4c CMakeFiles/mandelbrot.dir/C_/Users/vha3/Pico/pico-sdk/src/common/pico_sync/mutex.c.obj
                0x200000c0                mutex_enter_blocking
 .time_critical.mutex_try_enter
                0x2000010c       0x44 CMakeFiles/mandelbrot.dir/C_/Users/vha3/Pico/pico-sdk/src/common/pico_sync/mutex.c.obj
                0x2000010c                mutex_try_enter
 .time_critical.mutex_exit
                0x20000150       0x28 CMakeFiles/mandelbrot.dir/C_/Users/vha3/Pico/pico-sdk/src/common/pico_sync/mutex.c.obj
                0x20000150                mutex_exit
 *(.text*)
 .text          0x20000178        0x4 c:/progra~2/gnuarm~1/102020~1/bin/../lib/gcc/arm-none-eabi/10.2.1/thumb/v6-m/nofp\libgcc.a(_dvmd_tls.o)
                0x20000178                __aeabi_idiv0
                0x20000178                __aeabi_ldiv0
                0x2000017c                . = ALIGN (0x4)
 *(.rodata*)
                0x2000017c                . = ALIGN (0x4)
 *(.data*)
 .data.address_pointer
                0x2000017c        0x4 CMakeFiles/mandelbrot.dir/mandelbrot.c.obj
                0x2000017c                address_pointer
 .data.striped_spin_lock_num
                0x20000180        0x1 CMakeFiles/mandelbrot.dir/C_/Users/vha3/Pico/pico-sdk/src/rp2_common/hardware_sync/sync.c.obj
 *fill*         0x20000181        0x3 
 .data          0x20000184       0x48 CMakeFiles/mandelbrot.dir/C_/Users/vha3/Pico/pico-sdk/src/rp2_common/hardware_irq/irq_handler_chain.S.obj
                0x20000184                irq_handler_chain_slots
                0x200001b4                irq_handler_chain_first_slot
                0x200001be                irq_handler_chain_remove_tail
 *fill*         0x200001cc        0x4 
 .data.aeabi_bits_funcs
                0x200001d0       0x10 CMakeFiles/mandelbrot.dir/C_/Users/vha3/Pico/pico-sdk/src/rp2_common/pico_bit_ops/bit_ops_aeabi.S.obj
                0x200001d0                aeabi_bits_funcs
                0x200001e0                aeabi_bits_funcs_end
 .data.aeabi_mem_funcs
                0x200001e0       0x10 CMakeFiles/mandelbrot.dir/C_/Users/vha3/Pico/pico-sdk/src/rp2_common/pico_mem_ops/mem_ops_aeabi.S.obj
                0x200001e0                aeabi_mem_funcs
                0x200001f0                aeabi_mem_funcs_end
 .data.stdio_uart
                0x200001f0       0x14 CMakeFiles/mandelbrot.dir/C_/Users/vha3/Pico/pico-sdk/src/rp2_common/pico_stdio_uart/stdio_uart.c.obj
                0x200001f0                stdio_uart
 .data._impure_ptr
                0x20000204        0x4 c:/progra~2/gnuarm~1/102020~1/bin/../lib/gcc/arm-none-eabi/10.2.1/../../../../arm-none-eabi/lib/thumb/v6-m/nofp\libc.a(lib_a-impure.o)
                0x20000204                _impure_ptr
 .data.impure_data
                0x20000208      0x428 c:/progra~2/gnuarm~1/102020~1/bin/../lib/gcc/arm-none-eabi/10.2.1/../../../../arm-none-eabi/lib/thumb/v6-m/nofp\libc.a(lib_a-impure.o)
 .data.__malloc_av_
                0x20000630      0x408 c:/progra~2/gnuarm~1/102020~1/bin/../lib/gcc/arm-none-eabi/10.2.1/../../../../arm-none-eabi/lib/thumb/v6-m/nofp\libc.a(lib_a-mallocr.o)
                0x20000630                __malloc_av_
 .data.__malloc_sbrk_base
                0x20000a38        0x4 c:/progra~2/gnuarm~1/102020~1/bin/../lib/gcc/arm-none-eabi/10.2.1/../../../../arm-none-eabi/lib/thumb/v6-m/nofp\libc.a(lib_a-mallocr.o)
                0x20000a38                __malloc_sbrk_base
 .data.__malloc_trim_threshold
                0x20000a3c        0x4 c:/progra~2/gnuarm~1/102020~1/bin/../lib/gcc/arm-none-eabi/10.2.1/../../../../arm-none-eabi/lib/thumb/v6-m/nofp\libc.a(lib_a-mallocr.o)
                0x20000a3c                __malloc_trim_threshold
                0x20000a40                . = ALIGN (0x4)
 *(.after_data.*)
                0x20000a40                . = ALIGN (0x4)
                0x20000a40                PROVIDE (__mutex_array_start = .)
 *(SORT_BY_NAME(.mutex_array.*))
 *(.mutex_array)
 .mutex_array   0x20000a40        0x8 CMakeFiles/mandelbrot.dir/C_/Users/vha3/Pico/pico-sdk/src/rp2_common/pico_stdio/stdio.c.obj
                0x20000a48                PROVIDE (__mutex_array_end = .)
                0x20000a48                . = ALIGN (0x4)
                0x20000a48                PROVIDE (__preinit_array_start = .)
 *(SORT_BY_NAME(.preinit_array.*))
 .preinit_array.00001
                0x20000a48        0x4 CMakeFiles/mandelbrot.dir/C_/Users/vha3/Pico/pico-sdk/src/rp2_common/pico_mem_ops/mem_ops_aeabi.S.obj
 .preinit_array.00010
                0x20000a4c        0x4 CMakeFiles/mandelbrot.dir/C_/Users/vha3/Pico/pico-sdk/src/rp2_common/pico_bit_ops/bit_ops_aeabi.S.obj
 .preinit_array.00020
                0x20000a50        0x4 CMakeFiles/mandelbrot.dir/C_/Users/vha3/Pico/pico-sdk/src/rp2_common/pico_double/double_aeabi.S.obj
 .preinit_array.00020
                0x20000a54        0x4 CMakeFiles/mandelbrot.dir/C_/Users/vha3/Pico/pico-sdk/src/rp2_common/pico_float/float_aeabi.S.obj
 *(.preinit_array)
                0x20000a58                PROVIDE (__preinit_array_end = .)
                0x20000a58                . = ALIGN (0x4)
                0x20000a58                PROVIDE (__init_array_start = .)
 *(SORT_BY_NAME(.init_array.*))
 *(.init_array)
 .init_array    0x20000a58        0x4 c:/progra~2/gnuarm~1/102020~1/bin/../lib/gcc/arm-none-eabi/10.2.1/thumb/v6-m/nofp/crtbegin.o
                0x20000a5c                PROVIDE (__init_array_end = .)
                0x20000a5c                . = ALIGN (0x4)
                [!provide]                PROVIDE (__fini_array_start = .)
 *(SORT_BY_NAME(.fini_array.*))
 *(.fini_array)
                [!provide]                PROVIDE (__fini_array_end = .)
 *(.jcr)
                0x20000a5c                . = ALIGN (0x4)
                0x20000a5c                __data_end__ = .

.igot.plt       0x20000a5c        0x0 load address 0x10005f24
 .igot.plt      0x20000a5c        0x0 c:/progra~2/gnuarm~1/102020~1/bin/../lib/gcc/arm-none-eabi/10.2.1/thumb/v6-m/nofp/crtbegin.o

.uninitialized_data
                0x20000a5c        0x0 load address 0x10005f24
                0x20000a5c                . = ALIGN (0x4)
 *(.uninitialized_data*)

.scratch_x      0x20040000        0x0 load address 0x10005f24
                0x20040000                __scratch_x_start__ = .
 *(.scratch_x.*)
                0x20040000                . = ALIGN (0x4)
                0x20040000                __scratch_x_end__ = .
                0x10005f24                __scratch_x_source__ = LOADADDR (.scratch_x)

.scratch_y      0x20041000        0x0 load address 0x10005f24
                0x20041000                __scratch_y_start__ = .
 *(.scratch_y.*)
                0x20041000                . = ALIGN (0x4)
                0x20041000                __scratch_y_end__ = .
                0x10005f24                __scratch_y_source__ = LOADADDR (.scratch_y)

.bss            0x20000a60    0x26c80
                0x20000a60                . = ALIGN (0x4)
                0x20000a60                __bss_start__ = .
 *(SORT_BY_ALIGNMENT(SORT_BY_NAME(.bss*)))
 .bss.sd_table  0x20000a60      0x100 CMakeFiles/mandelbrot.dir/C_/Users/vha3/Pico/pico-sdk/src/rp2_common/pico_double/double_init_rom.c.obj
                0x20000a60                sd_table
 .bss.sf_table  0x20000b60      0x100 CMakeFiles/mandelbrot.dir/C_/Users/vha3/Pico/pico-sdk/src/rp2_common/pico_float/float_init_rom.c.obj
                0x20000b60                sf_table
 .bss           0x20000c60       0x1c c:/progra~2/gnuarm~1/102020~1/bin/../lib/gcc/arm-none-eabi/10.2.1/thumb/v6-m/nofp/crtbegin.o
 .bss.Cim       0x20000c7c        0x4 CMakeFiles/mandelbrot.dir/mandelbrot.c.obj
                0x20000c7c                Cim
 .bss.Cre       0x20000c80        0x4 CMakeFiles/mandelbrot.dir/mandelbrot.c.obj
                0x20000c80                Cre
 .bss.Zim       0x20000c84        0x4 CMakeFiles/mandelbrot.dir/mandelbrot.c.obj
                0x20000c84                Zim
 .bss.Zim_sq    0x20000c88        0x4 CMakeFiles/mandelbrot.dir/mandelbrot.c.obj
                0x20000c88                Zim_sq
 .bss.Zre       0x20000c8c        0x4 CMakeFiles/mandelbrot.dir/mandelbrot.c.obj
                0x20000c8c                Zre
 .bss.Zre_sq    0x20000c90        0x4 CMakeFiles/mandelbrot.dir/mandelbrot.c.obj
                0x20000c90                Zre_sq
 .bss.__lock___malloc_recursive_mutex
                0x20000c94        0x1 c:/progra~2/gnuarm~1/102020~1/bin/../lib/gcc/arm-none-eabi/10.2.1/../../../../arm-none-eabi/lib/thumb/v6-m/nofp\libc.a(lib_a-lock.o)
                0x20000c94                __lock___malloc_recursive_mutex
 *fill*         0x20000c95        0x3 
 .bss.__malloc_current_mallinfo
                0x20000c98       0x28 c:/progra~2/gnuarm~1/102020~1/bin/../lib/gcc/arm-none-eabi/10.2.1/../../../../arm-none-eabi/lib/thumb/v6-m/nofp\libc.a(lib_a-mallocr.o)
                0x20000c98                __malloc_current_mallinfo
 .bss.__malloc_max_sbrked_mem
                0x20000cc0        0x4 c:/progra~2/gnuarm~1/102020~1/bin/../lib/gcc/arm-none-eabi/10.2.1/../../../../arm-none-eabi/lib/thumb/v6-m/nofp\libc.a(lib_a-mallocr.o)
                0x20000cc0                __malloc_max_sbrked_mem
 .bss.__malloc_max_total_mem
                0x20000cc4        0x4 c:/progra~2/gnuarm~1/102020~1/bin/../lib/gcc/arm-none-eabi/10.2.1/../../../../arm-none-eabi/lib/thumb/v6-m/nofp\libc.a(lib_a-mallocr.o)
                0x20000cc4                __malloc_max_total_mem
 .bss.__malloc_top_pad
                0x20000cc8        0x4 c:/progra~2/gnuarm~1/102020~1/bin/../lib/gcc/arm-none-eabi/10.2.1/../../../../arm-none-eabi/lib/thumb/v6-m/nofp\libc.a(lib_a-mallocr.o)
                0x20000cc8                __malloc_top_pad
 .bss._used_instruction_space
                0x20000ccc        0x8 CMakeFiles/mandelbrot.dir/C_/Users/vha3/Pico/pico-sdk/src/rp2_common/hardware_pio/pio.c.obj
 .bss.alarm_callbacks
                0x20000cd4       0x10 CMakeFiles/mandelbrot.dir/C_/Users/vha3/Pico/pico-sdk/src/rp2_common/hardware_timer/timer.c.obj
 .bss.configured_freq
                0x20000ce4       0x28 CMakeFiles/mandelbrot.dir/C_/Users/vha3/Pico/pico-sdk/src/rp2_common/hardware_clocks/clocks.c.obj
 .bss.count     0x20000d0c        0x4 CMakeFiles/mandelbrot.dir/mandelbrot.c.obj
                0x20000d0c                count
 .bss.default_alarm_pool
                0x20000d10        0x4 CMakeFiles/mandelbrot.dir/C_/Users/vha3/Pico/pico-sdk/src/common/pico_time/time.c.obj
 .bss.drivers   0x20000d14        0x4 CMakeFiles/mandelbrot.dir/C_/Users/vha3/Pico/pico-sdk/src/rp2_common/pico_stdio/stdio.c.obj
 .bss.errno     0x20000d18        0x4 c:/progra~2/gnuarm~1/102020~1/bin/../lib/gcc/arm-none-eabi/10.2.1/../../../../arm-none-eabi/lib/thumb/v6-m/nofp\libc.a(lib_a-reent.o)
                0x20000d18                errno
 .bss.filter    0x20000d1c        0x4 CMakeFiles/mandelbrot.dir/C_/Users/vha3/Pico/pico-sdk/src/rp2_common/pico_stdio/stdio.c.obj
 .bss.heap_end.0
                0x20000d20        0x4 CMakeFiles/mandelbrot.dir/C_/Users/vha3/Pico/pico-sdk/src/rp2_common/pico_runtime/runtime.c.obj
 .bss.i         0x20000d24        0x4 CMakeFiles/mandelbrot.dir/mandelbrot.c.obj
                0x20000d24                i
 .bss.j         0x20000d28        0x4 CMakeFiles/mandelbrot.dir/mandelbrot.c.obj
                0x20000d28                j
 .bss.lazy_vsnprintf
                0x20000d2c        0x4 CMakeFiles/mandelbrot.dir/C_/Users/vha3/Pico/pico-sdk/src/rp2_common/pico_printf/printf.c.obj
 .bss.pools     0x20000d30       0x10 CMakeFiles/mandelbrot.dir/C_/Users/vha3/Pico/pico-sdk/src/common/pico_time/time.c.obj
 .bss.sf_clz_func
                0x20000d40        0x4 CMakeFiles/mandelbrot.dir/C_/Users/vha3/Pico/pico-sdk/src/rp2_common/pico_float/float_init_rom.c.obj
                0x20000d40                sf_clz_func
 .bss.target_hi
                0x20000d44       0x10 CMakeFiles/mandelbrot.dir/C_/Users/vha3/Pico/pico-sdk/src/rp2_common/hardware_timer/timer.c.obj
 .bss.total_count
                0x20000d54        0x4 CMakeFiles/mandelbrot.dir/mandelbrot.c.obj
                0x20000d54                total_count
 .bss.uart_char_to_line_feed
                0x20000d58        0x4 CMakeFiles/mandelbrot.dir/C_/Users/vha3/Pico/pico-sdk/src/rp2_common/hardware_uart/uart.c.obj
                0x20000d58                uart_char_to_line_feed
 .bss.vga_data_array
                0x20000d5c    0x25800 CMakeFiles/mandelbrot.dir/mandelbrot.c.obj
                0x20000d5c                vga_data_array
 .bss.x         0x2002655c      0xa00 CMakeFiles/mandelbrot.dir/mandelbrot.c.obj
                0x2002655c                x
 .bss.y         0x20026f5c      0x780 CMakeFiles/mandelbrot.dir/mandelbrot.c.obj
                0x20026f5c                y
 .bss.claimed   0x200276dc        0x1 CMakeFiles/mandelbrot.dir/C_/Users/vha3/Pico/pico-sdk/src/rp2_common/hardware_timer/timer.c.obj
 .bss.irq_hander_chain_free_slot_head
                0x200276dd        0x1 CMakeFiles/mandelbrot.dir/C_/Users/vha3/Pico/pico-sdk/src/rp2_common/hardware_irq/irq.c.obj
 .bss.timer_callbacks_pending
                0x200276de        0x1 CMakeFiles/mandelbrot.dir/C_/Users/vha3/Pico/pico-sdk/src/rp2_common/hardware_timer/timer.c.obj
 *(COMMON)
                0x200276e0                . = ALIGN (0x4)
 *fill*         0x200276df        0x1 
                0x200276e0                __bss_end__ = .

.heap           0x200276e0      0x800
                0x200276e0                __end__ = .
                0x200276e0                end = __end__
 *(.heap*)
 .heap          0x200276e0      0x800 CMakeFiles/mandelbrot.dir/C_/Users/vha3/Pico/pico-sdk/src/rp2_common/pico_standard_link/crt0.S.obj
                0x20027ee0                __HeapLimit = .

.stack1_dummy   0x20040000        0x0
 *(.stack1*)

.stack_dummy    0x20041000      0x800
 *(.stack*)
 .stack         0x20041000      0x800 CMakeFiles/mandelbrot.dir/C_/Users/vha3/Pico/pico-sdk/src/rp2_common/pico_standard_link/crt0.S.obj

.flash_end      0x10005f24        0x0
                0x10005f24                __flash_binary_end = .
                0x20040000                __StackLimit = (ORIGIN (RAM) + LENGTH (RAM))
                0x20041000                __StackOneTop = (ORIGIN (SCRATCH_X) + LENGTH (SCRATCH_X))
                0x20042000                __StackTop = (ORIGIN (SCRATCH_Y) + LENGTH (SCRATCH_Y))
                0x20041000                __StackOneBottom = (__StackOneTop - SIZEOF (.stack1_dummy))
                0x20041800                __StackBottom = (__StackTop - SIZEOF (.stack_dummy))
                0x20042000                PROVIDE (__stack = __StackTop)
                0x00000001                ASSERT ((__StackLimit >= __HeapLimit), region RAM overflowed)
                0x00000001                ASSERT (((__binary_info_header_end - __logical_binary_start) <= 0x100), Binary info must be in first 256 bytes of the binary)
LOAD CMakeFiles/mandelbrot.dir/mandelbrot.c.obj
LOAD CMakeFiles/mandelbrot.dir/C_/Users/vha3/Pico/pico-sdk/src/rp2_common/pico_stdlib/stdlib.c.obj
LOAD CMakeFiles/mandelbrot.dir/C_/Users/vha3/Pico/pico-sdk/src/rp2_common/hardware_gpio/gpio.c.obj
LOAD CMakeFiles/mandelbrot.dir/C_/Users/vha3/Pico/pico-sdk/src/rp2_common/hardware_claim/claim.c.obj
LOAD CMakeFiles/mandelbrot.dir/C_/Users/vha3/Pico/pico-sdk/src/rp2_common/hardware_sync/sync.c.obj
LOAD CMakeFiles/mandelbrot.dir/C_/Users/vha3/Pico/pico-sdk/src/rp2_common/pico_platform/platform.c.obj
LOAD CMakeFiles/mandelbrot.dir/C_/Users/vha3/Pico/pico-sdk/src/rp2_common/hardware_uart/uart.c.obj
LOAD CMakeFiles/mandelbrot.dir/C_/Users/vha3/Pico/pico-sdk/src/rp2_common/hardware_divider/divider.S.obj
LOAD CMakeFiles/mandelbrot.dir/C_/Users/vha3/Pico/pico-sdk/src/common/pico_time/time.c.obj
LOAD CMakeFiles/mandelbrot.dir/C_/Users/vha3/Pico/pico-sdk/src/common/pico_time/timeout_helper.c.obj
LOAD CMakeFiles/mandelbrot.dir/C_/Users/vha3/Pico/pico-sdk/src/rp2_common/hardware_timer/timer.c.obj
LOAD CMakeFiles/mandelbrot.dir/C_/Users/vha3/Pico/pico-sdk/src/common/pico_sync/sem.c.obj
LOAD CMakeFiles/mandelbrot.dir/C_/Users/vha3/Pico/pico-sdk/src/common/pico_sync/lock_core.c.obj
LOAD CMakeFiles/mandelbrot.dir/C_/Users/vha3/Pico/pico-sdk/src/common/pico_sync/mutex.c.obj
LOAD CMakeFiles/mandelbrot.dir/C_/Users/vha3/Pico/pico-sdk/src/common/pico_sync/critical_section.c.obj
LOAD CMakeFiles/mandelbrot.dir/C_/Users/vha3/Pico/pico-sdk/src/common/pico_util/datetime.c.obj
LOAD CMakeFiles/mandelbrot.dir/C_/Users/vha3/Pico/pico-sdk/src/common/pico_util/pheap.c.obj
LOAD CMakeFiles/mandelbrot.dir/C_/Users/vha3/Pico/pico-sdk/src/common/pico_util/queue.c.obj
LOAD CMakeFiles/mandelbrot.dir/C_/Users/vha3/Pico/pico-sdk/src/rp2_common/pico_runtime/runtime.c.obj
LOAD CMakeFiles/mandelbrot.dir/C_/Users/vha3/Pico/pico-sdk/src/rp2_common/hardware_clocks/clocks.c.obj
LOAD CMakeFiles/mandelbrot.dir/C_/Users/vha3/Pico/pico-sdk/src/rp2_common/hardware_watchdog/watchdog.c.obj
LOAD CMakeFiles/mandelbrot.dir/C_/Users/vha3/Pico/pico-sdk/src/rp2_common/hardware_xosc/xosc.c.obj
LOAD CMakeFiles/mandelbrot.dir/C_/Users/vha3/Pico/pico-sdk/src/rp2_common/hardware_pll/pll.c.obj
LOAD CMakeFiles/mandelbrot.dir/C_/Users/vha3/Pico/pico-sdk/src/rp2_common/hardware_vreg/vreg.c.obj
LOAD CMakeFiles/mandelbrot.dir/C_/Users/vha3/Pico/pico-sdk/src/rp2_common/hardware_irq/irq.c.obj
LOAD CMakeFiles/mandelbrot.dir/C_/Users/vha3/Pico/pico-sdk/src/rp2_common/hardware_irq/irq_handler_chain.S.obj
LOAD CMakeFiles/mandelbrot.dir/C_/Users/vha3/Pico/pico-sdk/src/rp2_common/pico_printf/printf.c.obj
LOAD CMakeFiles/mandelbrot.dir/C_/Users/vha3/Pico/pico-sdk/src/rp2_common/pico_bit_ops/bit_ops_aeabi.S.obj
LOAD CMakeFiles/mandelbrot.dir/C_/Users/vha3/Pico/pico-sdk/src/rp2_common/pico_bootrom/bootrom.c.obj
LOAD CMakeFiles/mandelbrot.dir/C_/Users/vha3/Pico/pico-sdk/src/rp2_common/pico_divider/divider.S.obj
LOAD CMakeFiles/mandelbrot.dir/C_/Users/vha3/Pico/pico-sdk/src/rp2_common/pico_double/double_aeabi.S.obj
LOAD CMakeFiles/mandelbrot.dir/C_/Users/vha3/Pico/pico-sdk/src/rp2_common/pico_double/double_init_rom.c.obj
LOAD CMakeFiles/mandelbrot.dir/C_/Users/vha3/Pico/pico-sdk/src/rp2_common/pico_double/double_math.c.obj
LOAD CMakeFiles/mandelbrot.dir/C_/Users/vha3/Pico/pico-sdk/src/rp2_common/pico_double/double_v1_rom_shim.S.obj
LOAD CMakeFiles/mandelbrot.dir/C_/Users/vha3/Pico/pico-sdk/src/rp2_common/pico_int64_ops/pico_int64_ops_aeabi.S.obj
LOAD CMakeFiles/mandelbrot.dir/C_/Users/vha3/Pico/pico-sdk/src/rp2_common/pico_float/float_aeabi.S.obj
LOAD CMakeFiles/mandelbrot.dir/C_/Users/vha3/Pico/pico-sdk/src/rp2_common/pico_float/float_init_rom.c.obj
LOAD CMakeFiles/mandelbrot.dir/C_/Users/vha3/Pico/pico-sdk/src/rp2_common/pico_float/float_math.c.obj
LOAD CMakeFiles/mandelbrot.dir/C_/Users/vha3/Pico/pico-sdk/src/rp2_common/pico_float/float_v1_rom_shim.S.obj
LOAD CMakeFiles/mandelbrot.dir/C_/Users/vha3/Pico/pico-sdk/src/rp2_common/pico_malloc/pico_malloc.c.obj
LOAD CMakeFiles/mandelbrot.dir/C_/Users/vha3/Pico/pico-sdk/src/rp2_common/pico_mem_ops/mem_ops_aeabi.S.obj
LOAD CMakeFiles/mandelbrot.dir/C_/Users/vha3/Pico/pico-sdk/src/rp2_common/pico_standard_link/crt0.S.obj
LOAD CMakeFiles/mandelbrot.dir/C_/Users/vha3/Pico/pico-sdk/src/rp2_common/pico_standard_link/new_delete.cpp.obj
LOAD CMakeFiles/mandelbrot.dir/C_/Users/vha3/Pico/pico-sdk/src/rp2_common/pico_standard_link/binary_info.c.obj
LOAD CMakeFiles/mandelbrot.dir/C_/Users/vha3/Pico/pico-sdk/src/rp2_common/pico_stdio/stdio.c.obj
LOAD CMakeFiles/mandelbrot.dir/C_/Users/vha3/Pico/pico-sdk/src/rp2_common/pico_stdio_uart/stdio_uart.c.obj
LOAD CMakeFiles/mandelbrot.dir/C_/Users/vha3/Pico/pico-sdk/src/rp2_common/hardware_pio/pio.c.obj
LOAD CMakeFiles/mandelbrot.dir/C_/Users/vha3/Pico/pico-sdk/src/rp2_common/hardware_dma/dma.c.obj
LOAD C:\Users\vha3\AppData\Local\Temp\ccSPS44T.o
LOAD c:/progra~2/gnuarm~1/102020~1/bin/../lib/gcc/arm-none-eabi/10.2.1/../../../../arm-none-eabi/lib/thumb/v6-m/nofp\libstdc++.a
LOAD c:/progra~2/gnuarm~1/102020~1/bin/../lib/gcc/arm-none-eabi/10.2.1/../../../../arm-none-eabi/lib/thumb/v6-m/nofp\libm.a
START GROUP
LOAD c:/progra~2/gnuarm~1/102020~1/bin/../lib/gcc/arm-none-eabi/10.2.1/thumb/v6-m/nofp\libgcc.a
LOAD c:/progra~2/gnuarm~1/102020~1/bin/../lib/gcc/arm-none-eabi/10.2.1/../../../../arm-none-eabi/lib/thumb/v6-m/nofp\libc.a
END GROUP
START GROUP
LOAD c:/progra~2/gnuarm~1/102020~1/bin/../lib/gcc/arm-none-eabi/10.2.1/thumb/v6-m/nofp\libgcc.a
LOAD c:/progra~2/gnuarm~1/102020~1/bin/../lib/gcc/arm-none-eabi/10.2.1/../../../../arm-none-eabi/lib/thumb/v6-m/nofp\libc.a
LOAD c:/progra~2/gnuarm~1/102020~1/bin/../lib/gcc/arm-none-eabi/10.2.1/../../../../arm-none-eabi/lib/thumb/v6-m/nofp\libnosys.a
END GROUP
LOAD c:/progra~2/gnuarm~1/102020~1/bin/../lib/gcc/arm-none-eabi/10.2.1/thumb/v6-m/nofp/crtend.o
LOAD c:/progra~2/gnuarm~1/102020~1/bin/../lib/gcc/arm-none-eabi/10.2.1/thumb/v6-m/nofp/crtn.o
OUTPUT(mandelbrot.elf elf32-littlearm)
LOAD linker stubs

.ARM.attributes
                0x00000000       0x28
 .ARM.attributes
                0x00000000       0x1e c:/progra~2/gnuarm~1/102020~1/bin/../lib/gcc/arm-none-eabi/10.2.1/thumb/v6-m/nofp/crti.o
 .ARM.attributes
                0x0000001e       0x2c c:/progra~2/gnuarm~1/102020~1/bin/../lib/gcc/arm-none-eabi/10.2.1/thumb/v6-m/nofp/crtbegin.o
 .ARM.attributes
                0x0000004a       0x2b CMakeFiles/mandelbrot.dir/mandelbrot.c.obj
 .ARM.attributes
                0x00000075       0x2b CMakeFiles/mandelbrot.dir/C_/Users/vha3/Pico/pico-sdk/src/rp2_common/hardware_gpio/gpio.c.obj
 .ARM.attributes
                0x000000a0       0x2b CMakeFiles/mandelbrot.dir/C_/Users/vha3/Pico/pico-sdk/src/rp2_common/hardware_claim/claim.c.obj
 .ARM.attributes
                0x000000cb       0x2b CMakeFiles/mandelbrot.dir/C_/Users/vha3/Pico/pico-sdk/src/rp2_common/hardware_sync/sync.c.obj
 .ARM.attributes
                0x000000f6       0x2b CMakeFiles/mandelbrot.dir/C_/Users/vha3/Pico/pico-sdk/src/rp2_common/pico_platform/platform.c.obj
 .ARM.attributes
                0x00000121       0x2b CMakeFiles/mandelbrot.dir/C_/Users/vha3/Pico/pico-sdk/src/rp2_common/hardware_uart/uart.c.obj
 .ARM.attributes
                0x0000014c       0x2b CMakeFiles/mandelbrot.dir/C_/Users/vha3/Pico/pico-sdk/src/common/pico_time/time.c.obj
 .ARM.attributes
                0x00000177       0x2b CMakeFiles/mandelbrot.dir/C_/Users/vha3/Pico/pico-sdk/src/rp2_common/hardware_timer/timer.c.obj
 .ARM.attributes
                0x000001a2       0x2b CMakeFiles/mandelbrot.dir/C_/Users/vha3/Pico/pico-sdk/src/common/pico_sync/lock_core.c.obj
 .ARM.attributes
                0x000001cd       0x2b CMakeFiles/mandelbrot.dir/C_/Users/vha3/Pico/pico-sdk/src/common/pico_sync/mutex.c.obj
 .ARM.attributes
                0x000001f8       0x2b CMakeFiles/mandelbrot.dir/C_/Users/vha3/Pico/pico-sdk/src/common/pico_util/pheap.c.obj
 .ARM.attributes
                0x00000223       0x2b CMakeFiles/mandelbrot.dir/C_/Users/vha3/Pico/pico-sdk/src/rp2_common/pico_runtime/runtime.c.obj
 .ARM.attributes
                0x0000024e       0x2b CMakeFiles/mandelbrot.dir/C_/Users/vha3/Pico/pico-sdk/src/rp2_common/hardware_clocks/clocks.c.obj
 .ARM.attributes
                0x00000279       0x2b CMakeFiles/mandelbrot.dir/C_/Users/vha3/Pico/pico-sdk/src/rp2_common/hardware_watchdog/watchdog.c.obj
 .ARM.attributes
                0x000002a4       0x2b CMakeFiles/mandelbrot.dir/C_/Users/vha3/Pico/pico-sdk/src/rp2_common/hardware_xosc/xosc.c.obj
 .ARM.attributes
                0x000002cf       0x2b CMakeFiles/mandelbrot.dir/C_/Users/vha3/Pico/pico-sdk/src/rp2_common/hardware_pll/pll.c.obj
 .ARM.attributes
                0x000002fa       0x2b CMakeFiles/mandelbrot.dir/C_/Users/vha3/Pico/pico-sdk/src/rp2_common/hardware_irq/irq.c.obj
 .ARM.attributes
                0x00000325       0x22 CMakeFiles/mandelbrot.dir/C_/Users/vha3/Pico/pico-sdk/src/rp2_common/hardware_irq/irq_handler_chain.S.obj
 .ARM.attributes
                0x00000347       0x2b CMakeFiles/mandelbrot.dir/C_/Users/vha3/Pico/pico-sdk/src/rp2_common/pico_printf/printf.c.obj
 .ARM.attributes
                0x00000372       0x22 CMakeFiles/mandelbrot.dir/C_/Users/vha3/Pico/pico-sdk/src/rp2_common/pico_bit_ops/bit_ops_aeabi.S.obj
 .ARM.attributes
                0x00000394       0x2b CMakeFiles/mandelbrot.dir/C_/Users/vha3/Pico/pico-sdk/src/rp2_common/pico_bootrom/bootrom.c.obj
 .ARM.attributes
                0x000003bf       0x22 CMakeFiles/mandelbrot.dir/C_/Users/vha3/Pico/pico-sdk/src/rp2_common/pico_divider/divider.S.obj
 .ARM.attributes
                0x000003e1       0x22 CMakeFiles/mandelbrot.dir/C_/Users/vha3/Pico/pico-sdk/src/rp2_common/pico_double/double_aeabi.S.obj
 .ARM.attributes
                0x00000403       0x2b CMakeFiles/mandelbrot.dir/C_/Users/vha3/Pico/pico-sdk/src/rp2_common/pico_double/double_init_rom.c.obj
 .ARM.attributes
                0x0000042e       0x22 CMakeFiles/mandelbrot.dir/C_/Users/vha3/Pico/pico-sdk/src/rp2_common/pico_double/double_v1_rom_shim.S.obj
 .ARM.attributes
                0x00000450       0x22 CMakeFiles/mandelbrot.dir/C_/Users/vha3/Pico/pico-sdk/src/rp2_common/pico_int64_ops/pico_int64_ops_aeabi.S.obj
 .ARM.attributes
                0x00000472       0x22 CMakeFiles/mandelbrot.dir/C_/Users/vha3/Pico/pico-sdk/src/rp2_common/pico_float/float_aeabi.S.obj
 .ARM.attributes
                0x00000494       0x2b CMakeFiles/mandelbrot.dir/C_/Users/vha3/Pico/pico-sdk/src/rp2_common/pico_float/float_init_rom.c.obj
 .ARM.attributes
                0x000004bf       0x22 CMakeFiles/mandelbrot.dir/C_/Users/vha3/Pico/pico-sdk/src/rp2_common/pico_float/float_v1_rom_shim.S.obj
 .ARM.attributes
                0x000004e1       0x2b CMakeFiles/mandelbrot.dir/C_/Users/vha3/Pico/pico-sdk/src/rp2_common/pico_malloc/pico_malloc.c.obj
 .ARM.attributes
                0x0000050c       0x22 CMakeFiles/mandelbrot.dir/C_/Users/vha3/Pico/pico-sdk/src/rp2_common/pico_mem_ops/mem_ops_aeabi.S.obj
 .ARM.attributes
                0x0000052e       0x22 CMakeFiles/mandelbrot.dir/C_/Users/vha3/Pico/pico-sdk/src/rp2_common/pico_standard_link/crt0.S.obj
 .ARM.attributes
                0x00000550       0x32 CMakeFiles/mandelbrot.dir/C_/Users/vha3/Pico/pico-sdk/src/rp2_common/pico_standard_link/binary_info.c.obj
 .ARM.attributes
                0x00000582       0x2b CMakeFiles/mandelbrot.dir/C_/Users/vha3/Pico/pico-sdk/src/rp2_common/pico_stdio/stdio.c.obj
 .ARM.attributes
                0x000005ad       0x2b CMakeFiles/mandelbrot.dir/C_/Users/vha3/Pico/pico-sdk/src/rp2_common/pico_stdio_uart/stdio_uart.c.obj
 .ARM.attributes
                0x000005d8       0x2b CMakeFiles/mandelbrot.dir/C_/Users/vha3/Pico/pico-sdk/src/rp2_common/hardware_pio/pio.c.obj
 .ARM.attributes
                0x00000603       0x22 C:\Users\vha3\AppData\Local\Temp\ccSPS44T.o
 .ARM.attributes
                0x00000625       0x1e c:/progra~2/gnuarm~1/102020~1/bin/../lib/gcc/arm-none-eabi/10.2.1/thumb/v6-m/nofp\libgcc.a(_dvmd_tls.o)
 .ARM.attributes
                0x00000643       0x2c c:/progra~2/gnuarm~1/102020~1/bin/../lib/gcc/arm-none-eabi/10.2.1/../../../../arm-none-eabi/lib/thumb/v6-m/nofp\libc.a(lib_a-calloc.o)
 .ARM.attributes
                0x0000066f       0x2c c:/progra~2/gnuarm~1/102020~1/bin/../lib/gcc/arm-none-eabi/10.2.1/../../../../arm-none-eabi/lib/thumb/v6-m/nofp\libc.a(lib_a-callocr.o)
 .ARM.attributes
                0x0000069b       0x2c c:/progra~2/gnuarm~1/102020~1/bin/../lib/gcc/arm-none-eabi/10.2.1/../../../../arm-none-eabi/lib/thumb/v6-m/nofp\libc.a(lib_a-impure.o)
 .ARM.attributes
                0x000006c7       0x2c c:/progra~2/gnuarm~1/102020~1/bin/../lib/gcc/arm-none-eabi/10.2.1/../../../../arm-none-eabi/lib/thumb/v6-m/nofp\libc.a(lib_a-malloc.o)
 .ARM.attributes
                0x000006f3       0x2c c:/progra~2/gnuarm~1/102020~1/bin/../lib/gcc/arm-none-eabi/10.2.1/../../../../arm-none-eabi/lib/thumb/v6-m/nofp\libc.a(lib_a-mallocr.o)
 .ARM.attributes
                0x0000071f       0x2c c:/progra~2/gnuarm~1/102020~1/bin/../lib/gcc/arm-none-eabi/10.2.1/../../../../arm-none-eabi/lib/thumb/v6-m/nofp\libc.a(lib_a-mlock.o)
 .ARM.attributes
                0x0000074b       0x2c c:/progra~2/gnuarm~1/102020~1/bin/../lib/gcc/arm-none-eabi/10.2.1/../../../../arm-none-eabi/lib/thumb/v6-m/nofp\libc.a(lib_a-sbrkr.o)
 .ARM.attributes
                0x00000777       0x2c c:/progra~2/gnuarm~1/102020~1/bin/../lib/gcc/arm-none-eabi/10.2.1/../../../../arm-none-eabi/lib/thumb/v6-m/nofp\libc.a(lib_a-strlen-stub.o)
 .ARM.attributes
                0x000007a3       0x2c c:/progra~2/gnuarm~1/102020~1/bin/../lib/gcc/arm-none-eabi/10.2.1/../../../../arm-none-eabi/lib/thumb/v6-m/nofp\libc.a(lib_a-freer.o)
 .ARM.attributes
                0x000007cf       0x2c c:/progra~2/gnuarm~1/102020~1/bin/../lib/gcc/arm-none-eabi/10.2.1/../../../../arm-none-eabi/lib/thumb/v6-m/nofp\libc.a(lib_a-lock.o)
 .ARM.attributes
                0x000007fb       0x2c c:/progra~2/gnuarm~1/102020~1/bin/../lib/gcc/arm-none-eabi/10.2.1/../../../../arm-none-eabi/lib/thumb/v6-m/nofp\libc.a(lib_a-reent.o)

.comment        0x00000000       0x4d
 .comment       0x00000000       0x4d CMakeFiles/mandelbrot.dir/mandelbrot.c.obj
                                 0x4e (size before relaxing)
 .comment       0x0000004d       0x4e CMakeFiles/mandelbrot.dir/C_/Users/vha3/Pico/pico-sdk/src/rp2_common/hardware_gpio/gpio.c.obj
 .comment       0x0000004d       0x4e CMakeFiles/mandelbrot.dir/C_/Users/vha3/Pico/pico-sdk/src/rp2_common/hardware_claim/claim.c.obj
 .comment       0x0000004d       0x4e CMakeFiles/mandelbrot.dir/C_/Users/vha3/Pico/pico-sdk/src/rp2_common/hardware_sync/sync.c.obj
 .comment       0x0000004d       0x4e CMakeFiles/mandelbrot.dir/C_/Users/vha3/Pico/pico-sdk/src/rp2_common/pico_platform/platform.c.obj
 .comment       0x0000004d       0x4e CMakeFiles/mandelbrot.dir/C_/Users/vha3/Pico/pico-sdk/src/rp2_common/hardware_uart/uart.c.obj
 .comment       0x0000004d       0x4e CMakeFiles/mandelbrot.dir/C_/Users/vha3/Pico/pico-sdk/src/common/pico_time/time.c.obj
 .comment       0x0000004d       0x4e CMakeFiles/mandelbrot.dir/C_/Users/vha3/Pico/pico-sdk/src/rp2_common/hardware_timer/timer.c.obj
 .comment       0x0000004d       0x4e CMakeFiles/mandelbrot.dir/C_/Users/vha3/Pico/pico-sdk/src/common/pico_sync/lock_core.c.obj
 .comment       0x0000004d       0x4e CMakeFiles/mandelbrot.dir/C_/Users/vha3/Pico/pico-sdk/src/common/pico_sync/mutex.c.obj
 .comment       0x0000004d       0x4e CMakeFiles/mandelbrot.dir/C_/Users/vha3/Pico/pico-sdk/src/common/pico_util/pheap.c.obj
 .comment       0x0000004d       0x4e CMakeFiles/mandelbrot.dir/C_/Users/vha3/Pico/pico-sdk/src/rp2_common/pico_runtime/runtime.c.obj
 .comment       0x0000004d       0x4e CMakeFiles/mandelbrot.dir/C_/Users/vha3/Pico/pico-sdk/src/rp2_common/hardware_clocks/clocks.c.obj
 .comment       0x0000004d       0x4e CMakeFiles/mandelbrot.dir/C_/Users/vha3/Pico/pico-sdk/src/rp2_common/hardware_watchdog/watchdog.c.obj
 .comment       0x0000004d       0x4e CMakeFiles/mandelbrot.dir/C_/Users/vha3/Pico/pico-sdk/src/rp2_common/hardware_xosc/xosc.c.obj
 .comment       0x0000004d       0x4e CMakeFiles/mandelbrot.dir/C_/Users/vha3/Pico/pico-sdk/src/rp2_common/hardware_pll/pll.c.obj
 .comment       0x0000004d       0x4e CMakeFiles/mandelbrot.dir/C_/Users/vha3/Pico/pico-sdk/src/rp2_common/hardware_irq/irq.c.obj
 .comment       0x0000004d       0x4e CMakeFiles/mandelbrot.dir/C_/Users/vha3/Pico/pico-sdk/src/rp2_common/pico_printf/printf.c.obj
 .comment       0x0000004d       0x4e CMakeFiles/mandelbrot.dir/C_/Users/vha3/Pico/pico-sdk/src/rp2_common/pico_bootrom/bootrom.c.obj
 .comment       0x0000004d       0x4e CMakeFiles/mandelbrot.dir/C_/Users/vha3/Pico/pico-sdk/src/rp2_common/pico_double/double_init_rom.c.obj
 .comment       0x0000004d       0x4e CMakeFiles/mandelbrot.dir/C_/Users/vha3/Pico/pico-sdk/src/rp2_common/pico_float/float_init_rom.c.obj
 .comment       0x0000004d       0x4e CMakeFiles/mandelbrot.dir/C_/Users/vha3/Pico/pico-sdk/src/rp2_common/pico_malloc/pico_malloc.c.obj
 .comment       0x0000004d       0x4e CMakeFiles/mandelbrot.dir/C_/Users/vha3/Pico/pico-sdk/src/rp2_common/pico_standard_link/binary_info.c.obj
 .comment       0x0000004d       0x4e CMakeFiles/mandelbrot.dir/C_/Users/vha3/Pico/pico-sdk/src/rp2_common/pico_stdio/stdio.c.obj
 .comment       0x0000004d       0x4e CMakeFiles/mandelbrot.dir/C_/Users/vha3/Pico/pico-sdk/src/rp2_common/pico_stdio_uart/stdio_uart.c.obj
 .comment       0x0000004d       0x4e CMakeFiles/mandelbrot.dir/C_/Users/vha3/Pico/pico-sdk/src/rp2_common/hardware_pio/pio.c.obj

.debug_frame    0x00000000      0x2b4
 .debug_frame   0x00000000       0x28 c:/progra~2/gnuarm~1/102020~1/bin/../lib/gcc/arm-none-eabi/10.2.1/../../../../arm-none-eabi/lib/thumb/v6-m/nofp\libc.a(lib_a-calloc.o)
 .debug_frame   0x00000028       0x28 c:/progra~2/gnuarm~1/102020~1/bin/../lib/gcc/arm-none-eabi/10.2.1/../../../../arm-none-eabi/lib/thumb/v6-m/nofp\libc.a(lib_a-callocr.o)
 .debug_frame   0x00000050       0x40 c:/progra~2/gnuarm~1/102020~1/bin/../lib/gcc/arm-none-eabi/10.2.1/../../../../arm-none-eabi/lib/thumb/v6-m/nofp\libc.a(lib_a-malloc.o)
 .debug_frame   0x00000090       0x3c c:/progra~2/gnuarm~1/102020~1/bin/../lib/gcc/arm-none-eabi/10.2.1/../../../../arm-none-eabi/lib/thumb/v6-m/nofp\libc.a(lib_a-mallocr.o)
 .debug_frame   0x000000cc       0x40 c:/progra~2/gnuarm~1/102020~1/bin/../lib/gcc/arm-none-eabi/10.2.1/../../../../arm-none-eabi/lib/thumb/v6-m/nofp\libc.a(lib_a-mlock.o)
 .debug_frame   0x0000010c       0x2c c:/progra~2/gnuarm~1/102020~1/bin/../lib/gcc/arm-none-eabi/10.2.1/../../../../arm-none-eabi/lib/thumb/v6-m/nofp\libc.a(lib_a-sbrkr.o)
 .debug_frame   0x00000138       0x28 c:/progra~2/gnuarm~1/102020~1/bin/../lib/gcc/arm-none-eabi/10.2.1/../../../../arm-none-eabi/lib/thumb/v6-m/nofp\libc.a(lib_a-strlen-stub.o)
 .debug_frame   0x00000160       0x54 c:/progra~2/gnuarm~1/102020~1/bin/../lib/gcc/arm-none-eabi/10.2.1/../../../../arm-none-eabi/lib/thumb/v6-m/nofp\libc.a(lib_a-freer.o)
 .debug_frame   0x000001b4       0xb0 c:/progra~2/gnuarm~1/102020~1/bin/../lib/gcc/arm-none-eabi/10.2.1/../../../../arm-none-eabi/lib/thumb/v6-m/nofp\libc.a(lib_a-lock.o)
 .debug_frame   0x00000264       0x50 c:/progra~2/gnuarm~1/102020~1/bin/../lib/gcc/arm-none-eabi/10.2.1/../../../../arm-none-eabi/lib/thumb/v6-m/nofp\libc.a(lib_a-reent.o)
