Archive member included to satisfy reference by file (symbol)

/home/pdsilva/.pico-sdk/toolchain/14_2_Rel1/bin/../lib/gcc/arm-none-eabi/14.2.1/../../../../arm-none-eabi/lib/thumb/v8-m.main+fp/softfp/libm.a(libm_a-wf_sqrt.o)
                              CMakeFiles/vgaPico2.dir/home/pdsilva/.pico-sdk/sdk/2.2.0/src/rp2_common/pico_float/float_math.c.o (sqrtf)
/home/pdsilva/.pico-sdk/toolchain/14_2_Rel1/bin/../lib/gcc/arm-none-eabi/14.2.1/../../../../arm-none-eabi/lib/thumb/v8-m.main+fp/softfp/libm.a(libm_a-ef_sqrt.o)
                              /home/pdsilva/.pico-sdk/toolchain/14_2_Rel1/bin/../lib/gcc/arm-none-eabi/14.2.1/../../../../arm-none-eabi/lib/thumb/v8-m.main+fp/softfp/libm.a(libm_a-wf_sqrt.o) (__ieee754_sqrtf)
/home/pdsilva/.pico-sdk/toolchain/14_2_Rel1/bin/../lib/gcc/arm-none-eabi/14.2.1/thumb/v8-m.main+fp/softfp/libgcc.a(_arm_addsubdf3.o)
                              CMakeFiles/vgaPico2.dir/home/pdsilva/.pico-sdk/sdk/2.2.0/src/rp2_common/pico_float/float_math.c.o (__aeabi_f2d)
/home/pdsilva/.pico-sdk/toolchain/14_2_Rel1/bin/../lib/gcc/arm-none-eabi/14.2.1/thumb/v8-m.main+fp/softfp/libgcc.a(_aeabi_ldivmod.o)
                              CMakeFiles/vgaPico2.dir/home/pdsilva/.pico-sdk/sdk/2.2.0/src/common/pico_time/time.c.o (__aeabi_ldivmod)
/home/pdsilva/.pico-sdk/toolchain/14_2_Rel1/bin/../lib/gcc/arm-none-eabi/14.2.1/thumb/v8-m.main+fp/softfp/libgcc.a(_aeabi_uldivmod.o)
                              CMakeFiles/vgaPico2.dir/home/pdsilva/.pico-sdk/sdk/2.2.0/src/rp2_common/hardware_clocks/clocks.c.o (__aeabi_uldivmod)
/home/pdsilva/.pico-sdk/toolchain/14_2_Rel1/bin/../lib/gcc/arm-none-eabi/14.2.1/thumb/v8-m.main+fp/softfp/libgcc.a(_udivmoddi4.o)
                              /home/pdsilva/.pico-sdk/toolchain/14_2_Rel1/bin/../lib/gcc/arm-none-eabi/14.2.1/thumb/v8-m.main+fp/softfp/libgcc.a(_aeabi_ldivmod.o) (__udivmoddi4)
/home/pdsilva/.pico-sdk/toolchain/14_2_Rel1/bin/../lib/gcc/arm-none-eabi/14.2.1/thumb/v8-m.main+fp/softfp/libgcc.a(_dvmd_tls.o)
                              /home/pdsilva/.pico-sdk/toolchain/14_2_Rel1/bin/../lib/gcc/arm-none-eabi/14.2.1/thumb/v8-m.main+fp/softfp/libgcc.a(_aeabi_ldivmod.o) (__aeabi_ldiv0)
/home/pdsilva/.pico-sdk/toolchain/14_2_Rel1/bin/../lib/gcc/arm-none-eabi/14.2.1/../../../../arm-none-eabi/lib/thumb/v8-m.main+fp/softfp/libg.a(libc_a-calloc.o)
                              CMakeFiles/vgaPico2.dir/home/pdsilva/.pico-sdk/sdk/2.2.0/src/rp2_common/pico_malloc/malloc.c.o (calloc)
/home/pdsilva/.pico-sdk/toolchain/14_2_Rel1/bin/../lib/gcc/arm-none-eabi/14.2.1/../../../../arm-none-eabi/lib/thumb/v8-m.main+fp/softfp/libg.a(libc_a-callocr.o)
                              /home/pdsilva/.pico-sdk/toolchain/14_2_Rel1/bin/../lib/gcc/arm-none-eabi/14.2.1/../../../../arm-none-eabi/lib/thumb/v8-m.main+fp/softfp/libg.a(libc_a-calloc.o) (_calloc_r)
/home/pdsilva/.pico-sdk/toolchain/14_2_Rel1/bin/../lib/gcc/arm-none-eabi/14.2.1/../../../../arm-none-eabi/lib/thumb/v8-m.main+fp/softfp/libg.a(libc_a-malloc.o)
                              CMakeFiles/vgaPico2.dir/home/pdsilva/.pico-sdk/sdk/2.2.0/src/rp2_common/pico_malloc/malloc.c.o (malloc)
/home/pdsilva/.pico-sdk/toolchain/14_2_Rel1/bin/../lib/gcc/arm-none-eabi/14.2.1/../../../../arm-none-eabi/lib/thumb/v8-m.main+fp/softfp/libg.a(libc_a-mallocr.o)
                              /home/pdsilva/.pico-sdk/toolchain/14_2_Rel1/bin/../lib/gcc/arm-none-eabi/14.2.1/../../../../arm-none-eabi/lib/thumb/v8-m.main+fp/softfp/libg.a(libc_a-callocr.o) (_malloc_r)
/home/pdsilva/.pico-sdk/toolchain/14_2_Rel1/bin/../lib/gcc/arm-none-eabi/14.2.1/../../../../arm-none-eabi/lib/thumb/v8-m.main+fp/softfp/libg.a(libc_a-mlock.o)
                              /home/pdsilva/.pico-sdk/toolchain/14_2_Rel1/bin/../lib/gcc/arm-none-eabi/14.2.1/../../../../arm-none-eabi/lib/thumb/v8-m.main+fp/softfp/libg.a(libc_a-mallocr.o) (__malloc_lock)
/home/pdsilva/.pico-sdk/toolchain/14_2_Rel1/bin/../lib/gcc/arm-none-eabi/14.2.1/../../../../arm-none-eabi/lib/thumb/v8-m.main+fp/softfp/libg.a(libc_a-rand.o)
                              CMakeFiles/vgaPico2.dir/vga16_graphics_demo.c.o (rand)
/home/pdsilva/.pico-sdk/toolchain/14_2_Rel1/bin/../lib/gcc/arm-none-eabi/14.2.1/../../../../arm-none-eabi/lib/thumb/v8-m.main+fp/softfp/libg.a(libc_a-realloc.o)
                              CMakeFiles/vgaPico2.dir/home/pdsilva/.pico-sdk/sdk/2.2.0/src/rp2_common/pico_malloc/malloc.c.o (realloc)
/home/pdsilva/.pico-sdk/toolchain/14_2_Rel1/bin/../lib/gcc/arm-none-eabi/14.2.1/../../../../arm-none-eabi/lib/thumb/v8-m.main+fp/softfp/libg.a(libc_a-reallocr.o)
                              /home/pdsilva/.pico-sdk/toolchain/14_2_Rel1/bin/../lib/gcc/arm-none-eabi/14.2.1/../../../../arm-none-eabi/lib/thumb/v8-m.main+fp/softfp/libg.a(libc_a-realloc.o) (_realloc_r)
/home/pdsilva/.pico-sdk/toolchain/14_2_Rel1/bin/../lib/gcc/arm-none-eabi/14.2.1/../../../../arm-none-eabi/lib/thumb/v8-m.main+fp/softfp/libg.a(libc_a-sscanf.o)
[...]
Memory Configuration

Name             Origin             Length             Attributes
FLASH            0x10000000         0x00400000         xr
RAM              0x20000000         0x00080000         xrw
SCRATCH_X        0x20080000         0x00001000         xrw
SCRATCH_Y        0x20081000         0x00001000         xrw
*default*        0x00000000         0xffffffff

Linker script and memory map

LOAD /home/pdsilva/.pico-sdk/toolchain/14_2_Rel1/bin/../lib/gcc/arm-none-eabi/14.2.1/thumb/v8-m.main+fp/softfp/crti.o
LOAD /home/pdsilva/.pico-sdk/toolchain/14_2_Rel1/bin/../lib/gcc/arm-none-eabi/14.2.1/thumb/v8-m.main+fp/softfp/crtbegin.o
LOAD /home/pdsilva/.pico-sdk/toolchain/14_2_Rel1/bin/../lib/gcc/arm-none-eabi/14.2.1/../../../../arm-none-eabi/lib/thumb/v8-m.main+fp/softfp/crt0.o

.flash_begin    0x10000000        0x0
                0x10000000                        __flash_binary_start = .

.text           0x10000000     0xcd84
                0x10000000                        __logical_binary_start = .
 *(.vectors)
 .vectors       0x10000000      0x124 CMakeFiles/vgaPico2.dir/home/pdsilva/.pico-sdk/sdk/2.2.0/src/rp2_common/pico_crt0/crt0.S.o
                0x10000000                __vectors
                0x10000000                __VECTOR_TABLE
                0x10000110                isr_securefault
                0x10000110                isr_irq30
                0x10000110                __unhandled_user_irq
                0x10000110                isr_irq49
                0x10000110                isr_irq13
                0x10000110                isr_irq43
                0x10000110                isr_irq45
                0x10000110                isr_irq27
                0x10000110                isr_irq32
                0x10000110                isr_irq31
                0x10000110                isr_irq5
                0x10000110                isr_irq11
                0x10000110                isr_irq23
                0x10000110                isr_usagefault
                0x10000110                isr_irq48
                0x10000110                isr_irq35
                0x10000110                isr_irq18
                0x10000110                isr_irq50
                0x10000110                isr_irq40
                0x10000110                isr_irq28
                0x10000110                isr_irq19
                0x10000110                isr_irq36
                0x10000110                isr_irq41
                0x10000110                isr_irq0
                0x10000110                isr_irq6
                0x10000110                isr_memmanage
                0x10000110                isr_irq37
                0x10000110                isr_irq42
                0x10000110                isr_irq22
                0x10000110                isr_irq17
                0x10000110                isr_irq38
                0x10000110                isr_irq14
                0x10000110                __vectors_end
                0x10000110                __default_isrs_start
                0x10000110                isr_irq2
                0x10000110                isr_irq10
                0x10000110                isr_irq8
                0x10000110                isr_debugmonitor
                0x10000110                isr_irq24
                0x10000110                isr_irq46
                0x10000110                isr_irq1
                0x10000110                isr_irq47
                0x10000110                isr_irq51
                0x10000110                isr_irq7
                0x10000110                isr_irq21
                0x10000110                isr_irq39
                0x10000110                isr_irq20
                0x10000110                isr_irq15
                0x10000110                isr_irq25
                0x10000110                isr_irq34
                0x10000110                isr_irq4
                0x10000110                isr_busfault
                0x10000110                isr_irq16
                0x10000110                isr_irq44
                0x10000110                isr_irq29
                0x10000110                isr_irq26
                0x10000110                isr_irq33
                0x10000110                isr_irq3
                0x10000110                isr_irq12
                0x10000110                isr_irq9
                0x10000116                unhandled_user_irq_num_in_r0
                0x10000118                isr_invalid
                0x1000011a                isr_nmi
                0x1000011c                isr_hardfault
                0x1000011e                isr_svcall
                0x10000120                isr_pendsv
                0x10000122                isr_systick
                0x10000124                __default_isrs_end
 *(.binary_info_header)
 .binary_info_header
                0x10000124       0x14 CMakeFiles/vgaPico2.dir/home/pdsilva/.pico-sdk/sdk/2.2.0/src/rp2_common/pico_crt0/crt0.S.o
                0x10000138                        __binary_info_header_end = .
 *(.embedded_block)
 .embedded_block
                0x10000138       0x14 CMakeFiles/vgaPico2.dir/home/pdsilva/.pico-sdk/sdk/2.2.0/src/rp2_common/pico_crt0/crt0.S.o
                0x1000014c                        __embedded_block_end = .
 *(.reset)
 .reset         0x1000014c       0x98 CMakeFiles/vgaPico2.dir/home/pdsilva/.pico-sdk/sdk/2.2.0/src/rp2_common/pico_crt0/crt0.S.o
                0x1000014c                _entry_point
 *(.init)
 .init          0x100001e4        0x4 /home/pdsilva/.pico-sdk/toolchain/14_2_Rel1/bin/../lib/gcc/arm-none-eabi/14.2.1/thumb/v8-m.main+fp/softfp/crti.o
                0x100001e4                _init
 *libgcc.a:cmse_nonsecure_call.o()
 *(EXCLUDE_FILE(*libm.a: *libc.a:*lib_a-mem*.o *libgcc.a:) .text*)
 .text.register_tm_clones
                0x100001e8       0x28 /home/pdsilva/.pico-sdk/toolchain/14_2_Rel1/bin/../lib/gcc/arm-none-eabi/14.2.1/thumb/v8-m.main+fp/softfp/crtbegin.o
 .text.frame_dummy
                0x10000210       0x24 /home/pdsilva/.pico-sdk/toolchain/14_2_Rel1/bin/../lib/gcc/arm-none-eabi/14.2.1/thumb/v8-m.main+fp/softfp/crtbegin.o
 .text.protothread_toggle25
                0x10000234       0x90 CMakeFiles/vgaPico2.dir/vga16_graphics_demo.c.o
 .text.protothread_graphics
                0x100002c4      0x960 CMakeFiles/vgaPico2.dir/vga16_graphics_demo.c.o
 .text.pt_serialin_polled.constprop.0
                0x10000c24      0x224 CMakeFiles/vgaPico2.dir/vga16_graphics_demo.c.o
 .text.protothread_sched.constprop.0.isra.0
                0x10000e48      0x12c CMakeFiles/vgaPico2.dir/vga16_graphics_demo.c.o
 .text.protothread_sched1.constprop.0.isra.0
                0x10000f74      0x12c CMakeFiles/vgaPico2.dir/vga16_graphics_demo.c.o
 .text.core1_main
                0x100010a0       0x90 CMakeFiles/vgaPico2.dir/vga16_graphics_demo.c.o
                0x100010a0                core1_main
 .text.pt_serialout_polled
                0x10001130       0x98 CMakeFiles/vgaPico2.dir/vga16_graphics_demo.c.o
                0x10001130                pt_serialout_polled
 .text.protothread_serial
                0x100011c8       0xc4 CMakeFiles/vgaPico2.dir/vga16_graphics_demo.c.o
 .text.startup.main
                0x1000128c      0x104 CMakeFiles/vgaPico2.dir/vga16_graphics_demo.c.o
                0x1000128c                main
 .text.drawHLine.part.0
                0x10001390       0xd8 CMakeFiles/vgaPico2.dir/vga16_graphics_v2.c.o
 .text.drawChar.part.0
                0x10001468      0x444 CMakeFiles/vgaPico2.dir/vga16_graphics_v2.c.o
 *fill*         0x100018ac        0x4 
 .text.initVGA  0x100018b0      0x258 CMakeFiles/vgaPico2.dir/vga16_graphics_v2.c.o
                0x100018b0                initVGA
 .text.drawPixel
                0x10001b08       0x48 CMakeFiles/vgaPico2.dir/vga16_graphics_v2.c.o
                0x10001b08                drawPixel
 .text.drawVLine
                0x10001b50       0x68 CMakeFiles/vgaPico2.dir/vga16_graphics_v2.c.o
                0x10001b50                drawVLine
 .text.drawHLine
                0x10001bb8       0xe4 CMakeFiles/vgaPico2.dir/vga16_graphics_v2.c.o
                0x10001bb8                drawHLine
 .text.drawLine
                0x10001c9c      0x1f0 CMakeFiles/vgaPico2.dir/vga16_graphics_v2.c.o
                0x10001c9c                drawLine
 .text.drawRect
                0x10001e8c      0x11c CMakeFiles/vgaPico2.dir/vga16_graphics_v2.c.o
                0x10001e8c                drawRect
 .text.drawCircle
                0x10001fa8      0x410 CMakeFiles/vgaPico2.dir/vga16_graphics_v2.c.o
                0x10001fa8                drawCircle
 .text.fillCircle
                0x100023b8      0x2cc CMakeFiles/vgaPico2.dir/vga16_graphics_v2.c.o
                0x100023b8                fillCircle
 .text.drawRoundRect
                0x10002684      0x4b0 CMakeFiles/vgaPico2.dir/vga16_graphics_v2.c.o
                0x10002684                drawRoundRect
 .text.fillRoundRect
                0x10002b34      0x378 CMakeFiles/vgaPico2.dir/vga16_graphics_v2.c.o
                0x10002b34                fillRoundRect
 .text.fillRect
                0x10002eac      0x1d4 CMakeFiles/vgaPico2.dir/vga16_graphics_v2.c.o
                0x10002eac                fillRect
 .text.setCursor
                0x10003080       0x14 CMakeFiles/vgaPico2.dir/vga16_graphics_v2.c.o
                0x10003080                setCursor
 .text.setTextSize
                0x10003094       0x10 CMakeFiles/vgaPico2.dir/vga16_graphics_v2.c.o
                0x10003094                setTextSize
 .text.setTextColor
                0x100030a4       0x14 CMakeFiles/vgaPico2.dir/vga16_graphics_v2.c.o
                0x100030a4                setTextColor
 .text.setTextColor2
                0x100030b8       0x14 CMakeFiles/vgaPico2.dir/vga16_graphics_v2.c.o
                0x100030b8                setTextColor2
 .text.writeString
                0x100030cc       0xdc CMakeFiles/vgaPico2.dir/vga16_graphics_v2.c.o
                0x100030cc                writeString
 .text.drawCharBig
                0x100031a8      0x398 CMakeFiles/vgaPico2.dir/vga16_graphics_v2.c.o
                0x100031a8                drawCharBig
 .text.writeStringBig
                0x10003540       0x58 CMakeFiles/vgaPico2.dir/vga16_graphics_v2.c.o
                0x10003540                writeStringBig
 .text.writeStringBold
                0x10003598      0x134 CMakeFiles/vgaPico2.dir/vga16_graphics_v2.c.o
                0x10003598                writeStringBold
 .text.clearRect
                0x100036cc       0x4c CMakeFiles/vgaPico2.dir/vga16_graphics_v2.c.o
                0x100036cc                clearRect
 .text.clearLowFrame
                0x10003718       0x1c CMakeFiles/vgaPico2.dir/vga16_graphics_v2.c.o
                0x10003718                clearLowFrame
 .text.crosshair
                0x10003734      0x2dc CMakeFiles/vgaPico2.dir/vga16_graphics_v2.c.o
                0x10003734                crosshair
 .text.gpio_set_function
                0x10003a10       0x3c CMakeFiles/vgaPico2.dir/home/pdsilva/.pico-sdk/sdk/2.2.0/src/rp2_common/hardware_gpio/gpio.c.o
                0x10003a10                gpio_set_function
 .text.gpio_init
                0x10003a4c       0x48 CMakeFiles/vgaPico2.dir/home/pdsilva/.pico-sdk/sdk/2.2.0/src/rp2_common/hardware_gpio/gpio.c.o
                0x10003a4c                gpio_init
 .text.panic    0x10003a94       0x30 CMakeFiles/vgaPico2.dir/home/pdsilva/.pico-sdk/sdk/2.2.0/src/rp2_common/pico_platform_panic/panic.c.o
                0x10003a94                panic
 .text.hw_claim_lock
                0x10003ac4       0x24 CMakeFiles/vgaPico2.dir/home/pdsilva/.pico-sdk/sdk/2.2.0/src/common/hardware_claim/claim.c.o
                0x10003ac4                hw_claim_lock
 .text.hw_claim_unlock
                0x10003ae8       0x14 CMakeFiles/vgaPico2.dir/home/pdsilva/.pico-sdk/sdk/2.2.0/src/common/hardware_claim/claim.c.o
                0x10003ae8                hw_claim_unlock
 .text.hw_claim_or_assert
                0x10003afc       0x58 CMakeFiles/vgaPico2.dir/home/pdsilva/.pico-sdk/sdk/2.2.0/src/common/hardware_claim/claim.c.o
                0x10003afc                hw_claim_or_assert
 .text.hw_claim_unused_from_range
                0x10003b54       0x80 CMakeFiles/vgaPico2.dir/home/pdsilva/.pico-sdk/sdk/2.2.0/src/common/hardware_claim/claim.c.o
                0x10003b54                hw_claim_unused_from_range
 .text.next_striped_spin_lock_num
                0x10003bd4       0x18 CMakeFiles/vgaPico2.dir/home/pdsilva/.pico-sdk/sdk/2.2.0/src/rp2_common/hardware_sync/sync.c.o
                0x10003bd4                next_striped_spin_lock_num
 .text.spinlock_set_extexclall
                0x10003bec       0x10 CMakeFiles/vgaPico2.dir/home/pdsilva/.pico-sdk/sdk/2.2.0/src/rp2_common/hardware_sync_spin_lock/sync_spin_lock.c.o
 .text.spin_locks_reset
                0x10003bfc       0x18 CMakeFiles/vgaPico2.dir/home/pdsilva/.pico-sdk/sdk/2.2.0/src/rp2_common/hardware_sync_spin_lock/sync_spin_lock.c.o
                0x10003bfc                spin_locks_reset
 .text.runtime_init_per_core_irq_priorities
                0x10003c14       0x40 CMakeFiles/vgaPico2.dir/home/pdsilva/.pico-sdk/sdk/2.2.0/src/rp2_common/hardware_irq/irq.c.o
                0x10003c14                runtime_init_per_core_irq_priorities
 .text.irq_set_enabled
                0x10003c54       0x2c CMakeFiles/vgaPico2.dir/home/pdsilva/.pico-sdk/sdk/2.2.0/src/rp2_common/hardware_irq/irq.c.o
                0x10003c54                irq_set_enabled
 .text.irq_is_enabled
                0x10003c80       0x20 CMakeFiles/vgaPico2.dir/home/pdsilva/.pico-sdk/sdk/2.2.0/src/rp2_common/hardware_irq/irq.c.o
                0x10003c80                irq_is_enabled
 .text.irq_set_exclusive_handler
                0x10003ca0       0x60 CMakeFiles/vgaPico2.dir/home/pdsilva/.pico-sdk/sdk/2.2.0/src/rp2_common/hardware_irq/irq.c.o
                0x10003ca0                irq_set_exclusive_handler
 .text.lock_init
                0x10003d00        0xc CMakeFiles/vgaPico2.dir/home/pdsilva/.pico-sdk/sdk/2.2.0/src/common/pico_sync/lock_core.c.o
                0x10003d00                lock_init
 .text.runtime_init_mutex
                0x10003d0c       0x4c CMakeFiles/vgaPico2.dir/home/pdsilva/.pico-sdk/sdk/2.2.0/src/common/pico_sync/mutex.c.o
                0x10003d0c                runtime_init_mutex
 .text.sleep_until_callback
                0x10003d58       0x3c CMakeFiles/vgaPico2.dir/home/pdsilva/.pico-sdk/sdk/2.2.0/src/common/pico_time/time.c.o
 *fill*         0x10003d94        0x4 
 .text.alarm_pool_irq_handler
                0x10003d98      0x2f0 CMakeFiles/vgaPico2.dir/home/pdsilva/.pico-sdk/sdk/2.2.0/src/common/pico_time/time.c.o
 .text.runtime_init_default_alarm_pool
                0x10004088      0x100 CMakeFiles/vgaPico2.dir/home/pdsilva/.pico-sdk/sdk/2.2.0/src/common/pico_time/time.c.o
                0x10004088                runtime_init_default_alarm_pool
 .text.alarm_pool_add_alarm_at_force_in_context
                0x10004188       0xc8 CMakeFiles/vgaPico2.dir/home/pdsilva/.pico-sdk/sdk/2.2.0/src/common/pico_time/time.c.o
                0x10004188                alarm_pool_add_alarm_at_force_in_context
 .text.alarm_pool_cancel_alarm
                0x10004250       0x80 CMakeFiles/vgaPico2.dir/home/pdsilva/.pico-sdk/sdk/2.2.0/src/common/pico_time/time.c.o
                0x10004250                alarm_pool_cancel_alarm
 .text.best_effort_wfe_or_timeout
                0x100042d0       0xd4 CMakeFiles/vgaPico2.dir/home/pdsilva/.pico-sdk/sdk/2.2.0/src/common/pico_time/time.c.o
                0x100042d0                best_effort_wfe_or_timeout
 .text.timer_hardware_alarm_claim
                0x100043a4       0x24 CMakeFiles/vgaPico2.dir/home/pdsilva/.pico-sdk/sdk/2.2.0/src/rp2_common/hardware_timer/timer.c.o
                0x100043a4                timer_hardware_alarm_claim
 .text.timer_time_us_64
                0x100043c8       0x10 CMakeFiles/vgaPico2.dir/home/pdsilva/.pico-sdk/sdk/2.2.0/src/rp2_common/hardware_timer/timer.c.o
                0x100043c8                timer_time_us_64
 .text.time_us_64
                0x100043d8       0x14 CMakeFiles/vgaPico2.dir/home/pdsilva/.pico-sdk/sdk/2.2.0/src/rp2_common/hardware_timer/timer.c.o
                0x100043d8                time_us_64
 .text.clock_configure_undivided
                0x100043ec       0xd0 CMakeFiles/vgaPico2.dir/home/pdsilva/.pico-sdk/sdk/2.2.0/src/rp2_common/hardware_clocks/clocks.c.o
                0x100043ec                clock_configure_undivided
 .text.clock_get_hz
                0x100044bc        0xc CMakeFiles/vgaPico2.dir/home/pdsilva/.pico-sdk/sdk/2.2.0/src/rp2_common/hardware_clocks/clocks.c.o
                0x100044bc                clock_get_hz
 .text.set_sys_clock_pll
                0x100044c8      0x184 CMakeFiles/vgaPico2.dir/home/pdsilva/.pico-sdk/sdk/2.2.0/src/rp2_common/hardware_clocks/clocks.c.o
                0x100044c8                set_sys_clock_pll
 .text.check_sys_clock_khz
                0x1000464c      0x19c CMakeFiles/vgaPico2.dir/home/pdsilva/.pico-sdk/sdk/2.2.0/src/rp2_common/hardware_clocks/clocks.c.o
                0x1000464c                check_sys_clock_khz
 .text.pll_init
                0x100047e8       0x8c CMakeFiles/vgaPico2.dir/home/pdsilva/.pico-sdk/sdk/2.2.0/src/rp2_common/hardware_pll/pll.c.o
                0x100047e8                pll_init
 .text.tick_start
                0x10004874       0x18 CMakeFiles/vgaPico2.dir/home/pdsilva/.pico-sdk/sdk/2.2.0/src/rp2_common/hardware_ticks/ticks.c.o
                0x10004874                tick_start
 .text.rom_func_lookup
                0x1000488c       0x18 CMakeFiles/vgaPico2.dir/home/pdsilva/.pico-sdk/sdk/2.2.0/src/rp2_common/pico_bootrom/bootrom.c.o
                0x1000488c                rom_func_lookup
 .text.runtime_init_bootrom_locking_enable
                0x100048a4       0x14 CMakeFiles/vgaPico2.dir/home/pdsilva/.pico-sdk/sdk/2.2.0/src/rp2_common/pico_bootrom/bootrom_lock.c.o
                0x100048a4                runtime_init_bootrom_locking_enable
 .text.runtime_init_boot_locks_reset
                0x100048b8       0x1c CMakeFiles/vgaPico2.dir/home/pdsilva/.pico-sdk/sdk/2.2.0/src/rp2_common/hardware_boot_lock/boot_lock.c.o
                0x100048b8                runtime_init_boot_locks_reset
 .text.xosc_init
                0x100048d4       0x30 CMakeFiles/vgaPico2.dir/home/pdsilva/.pico-sdk/sdk/2.2.0/src/rp2_common/hardware_xosc/xosc.c.o
                0x100048d4                xosc_init
 .text.first_per_core_initializer
                0x10004904        0x4 CMakeFiles/vgaPico2.dir/home/pdsilva/.pico-sdk/sdk/2.2.0/src/rp2_common/pico_runtime/runtime.c.o
 .text.hard_assertion_failure
                0x10004908        0xc CMakeFiles/vgaPico2.dir/home/pdsilva/.pico-sdk/sdk/2.2.0/src/rp2_common/pico_runtime/runtime.c.o
                0x10004908                hard_assertion_failure
 .text.runtime_run_initializers
                0x10004914       0x20 CMakeFiles/vgaPico2.dir/home/pdsilva/.pico-sdk/sdk/2.2.0/src/rp2_common/pico_runtime/runtime.c.o
                0x10004914                runtime_run_initializers
 .text.runtime_run_per_core_initializers
                0x10004934       0x20 CMakeFiles/vgaPico2.dir/home/pdsilva/.pico-sdk/sdk/2.2.0/src/rp2_common/pico_runtime/runtime.c.o
                0x10004934                runtime_run_per_core_initializers
 .text.runtime_init_early_resets
                0x10004954       0x34 CMakeFiles/vgaPico2.dir/home/pdsilva/.pico-sdk/sdk/2.2.0/src/rp2_common/pico_runtime_init/runtime_init.c.o
                0x10004954                runtime_init_early_resets
 .text.runtime_init_usb_power_down
                0x10004988       0x1c CMakeFiles/vgaPico2.dir/home/pdsilva/.pico-sdk/sdk/2.2.0/src/rp2_common/pico_runtime_init/runtime_init.c.o
                0x10004988                runtime_init_usb_power_down
 .text.runtime_init_per_core_enable_coprocessors
                0x100049a4       0x1c CMakeFiles/vgaPico2.dir/home/pdsilva/.pico-sdk/sdk/2.2.0/src/rp2_common/pico_runtime_init/runtime_init.c.o
                0x100049a4                runtime_init_per_core_enable_coprocessors
 .text.runtime_init_post_clock_resets
                0x100049c0       0x20 CMakeFiles/vgaPico2.dir/home/pdsilva/.pico-sdk/sdk/2.2.0/src/rp2_common/pico_runtime_init/runtime_init.c.o
                0x100049c0                runtime_init_post_clock_resets
 .text.runtime_init_bootrom_reset
                0x100049e0       0x14 CMakeFiles/vgaPico2.dir/home/pdsilva/.pico-sdk/sdk/2.2.0/src/rp2_common/pico_runtime_init/runtime_init.c.o
                0x100049e0                runtime_init_bootrom_reset
 .text.runtime_init_per_core_bootrom_reset
                0x100049f4       0x14 CMakeFiles/vgaPico2.dir/home/pdsilva/.pico-sdk/sdk/2.2.0/src/rp2_common/pico_runtime_init/runtime_init.c.o
                0x100049f4                runtime_init_per_core_bootrom_reset
 .text.runtime_init_spin_locks_reset
                0x10004a08        0x4 CMakeFiles/vgaPico2.dir/home/pdsilva/.pico-sdk/sdk/2.2.0/src/rp2_common/pico_runtime_init/runtime_init.c.o
                0x10004a08                runtime_init_spin_locks_reset
 .text.runtime_init_install_ram_vector_table
                0x10004a0c       0x68 CMakeFiles/vgaPico2.dir/home/pdsilva/.pico-sdk/sdk/2.2.0/src/rp2_common/pico_runtime_init/runtime_init.c.o
                0x10004a0c                runtime_init_install_ram_vector_table
 .text.runtime_init_clocks
                0x10004a74       0xdc CMakeFiles/vgaPico2.dir/home/pdsilva/.pico-sdk/sdk/2.2.0/src/rp2_common/pico_runtime_init/runtime_init_clocks.c.o
                0x10004a74                runtime_init_clocks
 .text.__rp2350_dcp_engaged_state_save_restore
                0x10004b50       0x3a CMakeFiles/vgaPico2.dir/home/pdsilva/.pico-sdk/sdk/2.2.0/src/rp2_common/pico_double/double_aeabi_dcp.S.o
 *fill*         0x10004b8a        0x2 
 .text.__wrap___aeabi_dadd
                0x10004b8c       0x28 CMakeFiles/vgaPico2.dir/home/pdsilva/.pico-sdk/sdk/2.2.0/src/rp2_common/pico_double/double_aeabi_dcp.S.o
                0x10004b94                __wrap___aeabi_dadd
 .text.__wrap___aeabi_dsub
                0x10004bb4       0x28 CMakeFiles/vgaPico2.dir/home/pdsilva/.pico-sdk/sdk/2.2.0/src/rp2_common/pico_double/double_aeabi_dcp.S.o
                0x10004bbc                __wrap___aeabi_dsub
 .text.__wrap___aeabi_dmul
                0x10004bdc       0x4c CMakeFiles/vgaPico2.dir/home/pdsilva/.pico-sdk/sdk/2.2.0/src/rp2_common/pico_double/double_aeabi_dcp.S.o
                0x10004be4                __wrap___aeabi_dmul
 .text.__wrap___aeabi_ddiv
                0x10004c28       0x9c CMakeFiles/vgaPico2.dir/home/pdsilva/.pico-sdk/sdk/2.2.0/src/rp2_common/pico_double/double_aeabi_dcp.S.o
                0x10004c30                __wrap___aeabi_ddiv
 .text.__wrap___aeabi_d2f
                0x10004cc4       0x1c CMakeFiles/vgaPico2.dir/home/pdsilva/.pico-sdk/sdk/2.2.0/src/rp2_common/pico_double/double_aeabi_dcp.S.o
                0x10004ccc                double2float
                0x10004ccc                __wrap___aeabi_d2f
 .text.__wrap___aeabi_i2d
                0x10004ce0       0x24 CMakeFiles/vgaPico2.dir/home/pdsilva/.pico-sdk/sdk/2.2.0/src/rp2_common/pico_double/double_aeabi_dcp.S.o
                0x10004ce8                __wrap___aeabi_i2d
                0x10004ce8                int2double
 .text.__wrap___aeabi_ui2d
                0x10004d04       0x24 CMakeFiles/vgaPico2.dir/home/pdsilva/.pico-sdk/sdk/2.2.0/src/rp2_common/pico_double/double_aeabi_dcp.S.o
                0x10004d0c                __wrap___aeabi_ui2d
                0x10004d0c                uint2double
 .text.__wrap___aeabi_d2iz
                0x10004d28       0x24 CMakeFiles/vgaPico2.dir/home/pdsilva/.pico-sdk/sdk/2.2.0/src/rp2_common/pico_double/double_aeabi_dcp.S.o
                0x10004d30                __wrap___aeabi_d2iz
                0x10004d30                double2int_z
 .text.__wrap___aeabi_d2uiz
                0x10004d4c       0x24 CMakeFiles/vgaPico2.dir/home/pdsilva/.pico-sdk/sdk/2.2.0/src/rp2_common/pico_double/double_aeabi_dcp.S.o
                0x10004d54                double2uint_z
                0x10004d54                double2uint
                0x10004d54                __wrap___aeabi_d2uiz
 .text.__wrap___aeabi_dcmpun
                0x10004d70       0x24 CMakeFiles/vgaPico2.dir/home/pdsilva/.pico-sdk/sdk/2.2.0/src/rp2_common/pico_double/double_aeabi_dcp.S.o
                0x10004d78                __wrap___aeabi_dcmpun
 .text.__wrap___aeabi_dcmpeq
                0x10004d94       0x24 CMakeFiles/vgaPico2.dir/home/pdsilva/.pico-sdk/sdk/2.2.0/src/rp2_common/pico_double/double_aeabi_dcp.S.o
                0x10004d9c                __wrap___aeabi_dcmpeq
 .text.__wrap___aeabi_dcmplt
                0x10004db8       0x28 CMakeFiles/vgaPico2.dir/home/pdsilva/.pico-sdk/sdk/2.2.0/src/rp2_common/pico_double/double_aeabi_dcp.S.o
                0x10004dc0                __wrap___aeabi_dcmplt
 .text.__wrap___aeabi_dcmple
                0x10004de0       0x28 CMakeFiles/vgaPico2.dir/home/pdsilva/.pico-sdk/sdk/2.2.0/src/rp2_common/pico_double/double_aeabi_dcp.S.o
                0x10004de8                __wrap___aeabi_dcmple
 .text.__wrap___aeabi_dcmpge
                0x10004e08       0x28 CMakeFiles/vgaPico2.dir/home/pdsilva/.pico-sdk/sdk/2.2.0/src/rp2_common/pico_double/double_aeabi_dcp.S.o
                0x10004e10                __wrap___aeabi_dcmpge
 .text.__wrap___aeabi_dcmpgt
                0x10004e30       0x28 CMakeFiles/vgaPico2.dir/home/pdsilva/.pico-sdk/sdk/2.2.0/src/rp2_common/pico_double/double_aeabi_dcp.S.o
                0x10004e38                __wrap___aeabi_dcmpgt
 .text.__wrap_conv_tod
                0x10004e58      0x20c CMakeFiles/vgaPico2.dir/home/pdsilva/.pico-sdk/sdk/2.2.0/src/rp2_common/pico_double/double_conv_m33.S.o
                0x10004e58                __wrap___aeabi_l2d
                0x10004e58                int642double
                0x10004e5a                fix642double
                0x10004efe                uint642double
                0x10004efe                __wrap___aeabi_ul2d
                0x10004f00                ufix642double
                0x10004f94                fix2double
                0x10005004                ufix2double
 .text.__wrap_conv_dtoi64_z
                0x10005064       0xa0 CMakeFiles/vgaPico2.dir/home/pdsilva/.pico-sdk/sdk/2.2.0/src/rp2_common/pico_double/double_conv_m33.S.o
                0x10005064                __wrap___aeabi_d2lz
                0x10005064                double2int64_z
                0x10005066                double2fix64_z
 .text.__wrap_malloc
                0x10005104       0x38 CMakeFiles/vgaPico2.dir/home/pdsilva/.pico-sdk/sdk/2.2.0/src/rp2_common/pico_malloc/malloc.c.o
                0x10005104                __wrap_malloc
 .text.__wrap_realloc
                0x1000513c       0x3c CMakeFiles/vgaPico2.dir/home/pdsilva/.pico-sdk/sdk/2.2.0/src/rp2_common/pico_malloc/malloc.c.o
                0x1000513c                __wrap_realloc
 .text.__wrap_free
                0x10005178       0x20 CMakeFiles/vgaPico2.dir/home/pdsilva/.pico-sdk/sdk/2.2.0/src/rp2_common/pico_malloc/malloc.c.o
                0x10005178                __wrap_free
 .text._out_buffer
                0x10005198        0x8 CMakeFiles/vgaPico2.dir/home/pdsilva/.pico-sdk/sdk/2.2.0/src/rp2_common/pico_printf/printf.c.o
 .text._out_null
                0x100051a0        0x4 CMakeFiles/vgaPico2.dir/home/pdsilva/.pico-sdk/sdk/2.2.0/src/rp2_common/pico_printf/printf.c.o
 .text._out_rev
                0x100051a4       0x9c CMakeFiles/vgaPico2.dir/home/pdsilva/.pico-sdk/sdk/2.2.0/src/rp2_common/pico_printf/printf.c.o
 .text._ntoa_format
                0x10005240      0x1d4 CMakeFiles/vgaPico2.dir/home/pdsilva/.pico-sdk/sdk/2.2.0/src/rp2_common/pico_printf/printf.c.o
 .text._out_char
                0x10005414        0x8 CMakeFiles/vgaPico2.dir/home/pdsilva/.pico-sdk/sdk/2.2.0/src/rp2_common/pico_printf/printf.c.o
 .text._out_fct
                0x1000541c        0xc CMakeFiles/vgaPico2.dir/home/pdsilva/.pico-sdk/sdk/2.2.0/src/rp2_common/pico_printf/printf.c.o
 .text._ftoa    0x10005428      0x4bc CMakeFiles/vgaPico2.dir/home/pdsilva/.pico-sdk/sdk/2.2.0/src/rp2_common/pico_printf/printf.c.o
 *fill*         0x100058e4        0x4 
 .text._etoa    0x100058e8      0x574 CMakeFiles/vgaPico2.dir/home/pdsilva/.pico-sdk/sdk/2.2.0/src/rp2_common/pico_printf/printf.c.o
 .text._vsnprintf
                0x10005e5c      0x9e4 CMakeFiles/vgaPico2.dir/home/pdsilva/.pico-sdk/sdk/2.2.0/src/rp2_common/pico_printf/printf.c.o
 .text.__wrap_sprintf
                0x10006840       0x2c CMakeFiles/vgaPico2.dir/home/pdsilva/.pico-sdk/sdk/2.2.0/src/rp2_common/pico_printf/printf.c.o
                0x10006840                __wrap_sprintf
 .text.vfctprintf
                0x1000686c       0x28 CMakeFiles/vgaPico2.dir/home/pdsilva/.pico-sdk/sdk/2.2.0/src/rp2_common/pico_printf/printf.c.o
                0x1000686c                vfctprintf
 .text.weak_raw_printf
                0x10006894       0x48 CMakeFiles/vgaPico2.dir/home/pdsilva/.pico-sdk/sdk/2.2.0/src/rp2_common/pico_printf/printf.c.o
                0x10006894                weak_raw_printf
 .text.weak_raw_vprintf
                0x100068dc       0x30 CMakeFiles/vgaPico2.dir/home/pdsilva/.pico-sdk/sdk/2.2.0/src/rp2_common/pico_printf/printf.c.o
                0x100068dc                weak_raw_vprintf
 .text._exit    0x1000690c        0x4 CMakeFiles/vgaPico2.dir/home/pdsilva/.pico-sdk/sdk/2.2.0/src/rp2_common/pico_clib_interface/newlib_interface.c.o
                0x1000690c                _exit
 .text._sbrk    0x10006910       0x2c CMakeFiles/vgaPico2.dir/home/pdsilva/.pico-sdk/sdk/2.2.0/src/rp2_common/pico_clib_interface/newlib_interface.c.o
                0x10006910                _sbrk
 .text.exit     0x1000693c        0x8 CMakeFiles/vgaPico2.dir/home/pdsilva/.pico-sdk/sdk/2.2.0/src/rp2_common/pico_clib_interface/newlib_interface.c.o
                0x1000693c                exit
 .text.__assert_func
                0x10006944       0x34 CMakeFiles/vgaPico2.dir/home/pdsilva/.pico-sdk/sdk/2.2.0/src/rp2_common/pico_clib_interface/newlib_interface.c.o
                0x10006944                __assert_func
 .text.runtime_init
                0x10006978       0x24 CMakeFiles/vgaPico2.dir/home/pdsilva/.pico-sdk/sdk/2.2.0/src/rp2_common/pico_clib_interface/newlib_interface.c.o
                0x10006978                runtime_init
 .text.stdio_out_chars_no_crlf
                0x1000699c        0x8 CMakeFiles/vgaPico2.dir/home/pdsilva/.pico-sdk/sdk/2.2.0/src/rp2_common/pico_stdio/stdio.c.o
 .text.stdio_out_chars_crlf
                0x100069a4       0xb0 CMakeFiles/vgaPico2.dir/home/pdsilva/.pico-sdk/sdk/2.2.0/src/rp2_common/pico_stdio/stdio.c.o
 .text.stdio_buffered_printer
                0x10006a54       0x60 CMakeFiles/vgaPico2.dir/home/pdsilva/.pico-sdk/sdk/2.2.0/src/rp2_common/pico_stdio/stdio.c.o
 .text.stdio_put_string
                0x10006ab4       0xec CMakeFiles/vgaPico2.dir/home/pdsilva/.pico-sdk/sdk/2.2.0/src/rp2_common/pico_stdio/stdio.c.o
                0x10006ab4                stdio_put_string
 .text.stdio_init_all
                0x10006ba0        0x4 CMakeFiles/vgaPico2.dir/home/pdsilva/.pico-sdk/sdk/2.2.0/src/rp2_common/pico_stdio/stdio.c.o
                0x10006ba0                stdio_init_all
 .text.__wrap_putchar
                0x10006ba4       0x84 CMakeFiles/vgaPico2.dir/home/pdsilva/.pico-sdk/sdk/2.2.0/src/rp2_common/pico_stdio/stdio.c.o
                0x10006ba4                stdio_putchar
                0x10006ba4                __wrap_putchar
 .text.__wrap_puts
                0x10006c28       0x3c CMakeFiles/vgaPico2.dir/home/pdsilva/.pico-sdk/sdk/2.2.0/src/rp2_common/pico_stdio/stdio.c.o
                0x10006c28                __wrap_puts
                0x10006c28                stdio_puts
 .text.__wrap_vprintf
                0x10006c64       0xc4 CMakeFiles/vgaPico2.dir/home/pdsilva/.pico-sdk/sdk/2.2.0/src/rp2_common/pico_stdio/stdio.c.o
                0x10006c64                __wrap_vprintf
                0x10006c64                stdio_vprintf
 .text.__wrap_printf
                0x10006d28       0x1c CMakeFiles/vgaPico2.dir/home/pdsilva/.pico-sdk/sdk/2.2.0/src/rp2_common/pico_stdio/stdio.c.o
                0x10006d28                stdio_printf
                0x10006d28                __wrap_printf
 .text.pio_sm_claim
                0x10006d44       0x48 CMakeFiles/vgaPico2.dir/home/pdsilva/.pico-sdk/sdk/2.2.0/src/rp2_common/hardware_pio/pio.c.o
                0x10006d44                pio_sm_claim
 .text.pio_add_program
                0x10006d8c       0xf4 CMakeFiles/vgaPico2.dir/home/pdsilva/.pico-sdk/sdk/2.2.0/src/rp2_common/hardware_pio/pio.c.o
                0x10006d8c                pio_add_program
 .text.pio_sm_set_consecutive_pindirs
                0x10006e80       0x8c CMakeFiles/vgaPico2.dir/home/pdsilva/.pico-sdk/sdk/2.2.0/src/rp2_common/hardware_pio/pio.c.o
                0x10006e80                pio_sm_set_consecutive_pindirs
 .text.pio_sm_init
                0x10006f0c       0xa8 CMakeFiles/vgaPico2.dir/home/pdsilva/.pico-sdk/sdk/2.2.0/src/rp2_common/hardware_pio/pio.c.o
                0x10006f0c                pio_sm_init
 .text.dma_claim_unused_channel
                0x10006fb4       0x20 CMakeFiles/vgaPico2.dir/home/pdsilva/.pico-sdk/sdk/2.2.0/src/rp2_common/hardware_dma/dma.c.o
                0x10006fb4                dma_claim_unused_channel
 .text.core1_trampoline
                0x10006fd4        0x4 CMakeFiles/vgaPico2.dir/home/pdsilva/.pico-sdk/sdk/2.2.0/src/rp2_common/pico_multicore/multicore.c.o
 .text.core1_wrapper
                0x10006fd8       0x10 CMakeFiles/vgaPico2.dir/home/pdsilva/.pico-sdk/sdk/2.2.0/src/rp2_common/pico_multicore/multicore.c.o
                0x10006fd8                core1_wrapper
 .text.multicore_reset_core1
                0x10006fe8       0x68 CMakeFiles/vgaPico2.dir/home/pdsilva/.pico-sdk/sdk/2.2.0/src/rp2_common/pico_multicore/multicore.c.o
                0x10006fe8                multicore_reset_core1
 .text.multicore_launch_core1_raw
                0x10007050       0x84 CMakeFiles/vgaPico2.dir/home/pdsilva/.pico-sdk/sdk/2.2.0/src/rp2_common/pico_multicore/multicore.c.o
                0x10007050                multicore_launch_core1_raw
 .text.multicore_launch_core1
                0x100070d4       0x48 CMakeFiles/vgaPico2.dir/home/pdsilva/.pico-sdk/sdk/2.2.0/src/rp2_common/pico_multicore/multicore.c.o
                0x100070d4                multicore_launch_core1
 .text._calloc_r
                0x1000711c       0x70 /home/pdsilva/.pico-sdk/toolchain/14_2_Rel1/bin/../lib/gcc/arm-none-eabi/14.2.1/../../../../arm-none-eabi/lib/thumb/v8-m.main+fp/softfp/libg.a(libc_a-callocr.o)
                0x1000711c                _calloc_r
 .text.malloc   0x1000718c       0x10 /home/pdsilva/.pico-sdk/toolchain/14_2_Rel1/bin/../lib/gcc/arm-none-eabi/14.2.1/../../../../arm-none-eabi/lib/thumb/v8-m.main+fp/softfp/libg.a(libc_a-malloc.o)
                0x1000718c                malloc
 .text.free     0x1000719c       0x10 /home/pdsilva/.pico-sdk/toolchain/14_2_Rel1/bin/../lib/gcc/arm-none-eabi/14.2.1/../../../../arm-none-eabi/lib/thumb/v8-m.main+fp/softfp/libg.a(libc_a-malloc.o)
                0x1000719c                free
 .text._malloc_r
                0x100071ac      0x578 /home/pdsilva/.pico-sdk/toolchain/14_2_Rel1/bin/../lib/gcc/arm-none-eabi/14.2.1/../../../../arm-none-eabi/lib/thumb/v8-m.main+fp/softfp/libg.a(libc_a-mallocr.o)
                0x100071ac                _malloc_r
 .text.__malloc_lock
                0x10007724        0xc /home/pdsilva/.pico-sdk/toolchain/14_2_Rel1/bin/../lib/gcc/arm-none-eabi/14.2.1/../../../../arm-none-eabi/lib/thumb/v8-m.main+fp/softfp/libg.a(libc_a-mlock.o)
                0x10007724                __malloc_lock
 .text.__malloc_unlock
                0x10007730        0xc /home/pdsilva/.pico-sdk/toolchain/14_2_Rel1/bin/../lib/gcc/arm-none-eabi/14.2.1/../../../../arm-none-eabi/lib/thumb/v8-m.main+fp/softfp/libg.a(libc_a-mlock.o)
                0x10007730                __malloc_unlock
 .text.rand     0x1000773c       0x40 /home/pdsilva/.pico-sdk/toolchain/14_2_Rel1/bin/../lib/gcc/arm-none-eabi/14.2.1/../../../../arm-none-eabi/lib/thumb/v8-m.main+fp/softfp/libg.a(libc_a-rand.o)
                0x1000773c                rand
 .text.realloc  0x1000777c       0x10 /home/pdsilva/.pico-sdk/toolchain/14_2_Rel1/bin/../lib/gcc/arm-none-eabi/14.2.1/../../../../arm-none-eabi/lib/thumb/v8-m.main+fp/softfp/libg.a(libc_a-realloc.o)
                0x1000777c                realloc
 .text._realloc_r
                0x1000778c      0x374 /home/pdsilva/.pico-sdk/toolchain/14_2_Rel1/bin/../lib/gcc/arm-none-eabi/14.2.1/../../../../arm-none-eabi/lib/thumb/v8-m.main+fp/softfp/libg.a(libc_a-reallocr.o)
                0x1000778c                _realloc_r
 .text.sscanf   0x10007b00       0x58 /home/pdsilva/.pico-sdk/toolchain/14_2_Rel1/bin/../lib/gcc/arm-none-eabi/14.2.1/../../../../arm-none-eabi/lib/thumb/v8-m.main+fp/softfp/libg.a(libc_a-sscanf.o)
                0x10007b00                sscanf
 .text.__seofread
                0x10007b58        0x4 /home/pdsilva/.pico-sdk/toolchain/14_2_Rel1/bin/../lib/gcc/arm-none-eabi/14.2.1/../../../../arm-none-eabi/lib/thumb/v8-m.main+fp/softfp/libg.a(libc_a-stdio.o)
                0x10007b58                __seofread
 .text.memmove  0x10007b5c       0xfc /home/pdsilva/.pico-sdk/toolchain/14_2_Rel1/bin/../lib/gcc/arm-none-eabi/14.2.1/../../../../arm-none-eabi/lib/thumb/v8-m.main+fp/softfp/libg.a(libc_a-memmove.o)
                0x10007b5c                memmove
 .text.memset   0x10007c58       0x9c /home/pdsilva/.pico-sdk/toolchain/14_2_Rel1/bin/../lib/gcc/arm-none-eabi/14.2.1/../../../../arm-none-eabi/lib/thumb/v8-m.main+fp/softfp/libg.a(libc_a-memset.o)
                0x10007c58                memset
 .text._sbrk_r  0x10007cf4       0x24 /home/pdsilva/.pico-sdk/toolchain/14_2_Rel1/bin/../lib/gcc/arm-none-eabi/14.2.1/../../../../arm-none-eabi/lib/thumb/v8-m.main+fp/softfp/libg.a(libc_a-sbrkr.o)
                0x10007cf4                _sbrk_r
 .text.__errno  0x10007d18        0xc /home/pdsilva/.pico-sdk/toolchain/14_2_Rel1/bin/../lib/gcc/arm-none-eabi/14.2.1/../../../../arm-none-eabi/lib/thumb/v8-m.main+fp/softfp/libg.a(libc_a-errno.o)
                0x10007d18                __errno
 .text.__retarget_lock_acquire_recursive
                0x10007d24        0x4 /home/pdsilva/.pico-sdk/toolchain/14_2_Rel1/bin/../lib/gcc/arm-none-eabi/14.2.1/../../../../arm-none-eabi/lib/thumb/v8-m.main+fp/softfp/libg.a(libc_a-lock.o)
                0x10007d24                __retarget_lock_acquire_recursive
 .text.__retarget_lock_release_recursive
                0x10007d28        0x4 /home/pdsilva/.pico-sdk/toolchain/14_2_Rel1/bin/../lib/gcc/arm-none-eabi/14.2.1/../../../../arm-none-eabi/lib/thumb/v8-m.main+fp/softfp/libg.a(libc_a-lock.o)
                0x10007d28                __retarget_lock_release_recursive
 .text.sysconf  0x10007d2c       0x1c /home/pdsilva/.pico-sdk/toolchain/14_2_Rel1/bin/../lib/gcc/arm-none-eabi/14.2.1/../../../../arm-none-eabi/lib/thumb/v8-m.main+fp/softfp/libg.a(libc_a-sysconf.o)
                0x10007d2c                sysconf
 .text          0x10007d48      0x1bc /home/pdsilva/.pico-sdk/toolchain/14_2_Rel1/bin/../lib/gcc/arm-none-eabi/14.2.1/../../../../arm-none-eabi/lib/thumb/v8-m.main+fp/softfp/libg.a(libc_a-strcmp.o)
                0x10007d48                strcmp
 .text          0x10007f04       0xec /home/pdsilva/.pico-sdk/toolchain/14_2_Rel1/bin/../lib/gcc/arm-none-eabi/14.2.1/../../../../arm-none-eabi/lib/thumb/v8-m.main+fp/softfp/libg.a(libc_a-memcpy.o)
                0x10007f04                memcpy
 .text.strlen   0x10007ff0       0x5c /home/pdsilva/.pico-sdk/toolchain/14_2_Rel1/bin/../lib/gcc/arm-none-eabi/14.2.1/../../../../arm-none-eabi/lib/thumb/v8-m.main+fp/softfp/libg.a(libc_a-strlen-stub.o)
                0x10007ff0                strlen
 .text._malloc_trim_r
                0x1000804c       0xb8 /home/pdsilva/.pico-sdk/toolchain/14_2_Rel1/bin/../lib/gcc/arm-none-eabi/14.2.1/../../../../arm-none-eabi/lib/thumb/v8-m.main+fp/softfp/libg.a(libc_a-freer.o)
                0x1000804c                _malloc_trim_r
 .text._free_r  0x10008104      0x1e8 /home/pdsilva/.pico-sdk/toolchain/14_2_Rel1/bin/../lib/gcc/arm-none-eabi/14.2.1/../../../../arm-none-eabi/lib/thumb/v8-m.main+fp/softfp/libg.a(libc_a-freer.o)
                0x10008104                _free_r
 .text._strtoul_l.isra.0
                0x100082ec      0x128 /home/pdsilva/.pico-sdk/toolchain/14_2_Rel1/bin/../lib/gcc/arm-none-eabi/14.2.1/../../../../arm-none-eabi/lib/thumb/v8-m.main+fp/softfp/libg.a(libc_a-strtoul.o)
 .text._strtoul_r
                0x10008414        0x4 /home/pdsilva/.pico-sdk/toolchain/14_2_Rel1/bin/../lib/gcc/arm-none-eabi/14.2.1/../../../../arm-none-eabi/lib/thumb/v8-m.main+fp/softfp/libg.a(libc_a-strtoul.o)
                0x10008414                _strtoul_r
 .text._sungetc_r
                0x10008418       0x7c /home/pdsilva/.pico-sdk/toolchain/14_2_Rel1/bin/../lib/gcc/arm-none-eabi/14.2.1/../../../../arm-none-eabi/lib/thumb/v8-m.main+fp/softfp/libg.a(libc_a-svfiscanf.o)
                0x10008418                _sungetc_r
 .text.__ssrefill_r
                0x10008494       0x38 /home/pdsilva/.pico-sdk/toolchain/14_2_Rel1/bin/../lib/gcc/arm-none-eabi/14.2.1/../../../../arm-none-eabi/lib/thumb/v8-m.main+fp/softfp/libg.a(libc_a-svfiscanf.o)
                0x10008494                __ssrefill_r
 .text._sfread_r
                0x100084cc       0xa4 /home/pdsilva/.pico-sdk/toolchain/14_2_Rel1/bin/../lib/gcc/arm-none-eabi/14.2.1/../../../../arm-none-eabi/lib/thumb/v8-m.main+fp/softfp/libg.a(libc_a-svfiscanf.o)
                0x100084cc                _sfread_r
 .text.__ssvfscanf_r
                0x10008570     0x18e0 /home/pdsilva/.pico-sdk/toolchain/14_2_Rel1/bin/../lib/gcc/arm-none-eabi/14.2.1/../../../../arm-none-eabi/lib/thumb/v8-m.main+fp/softfp/libg.a(libc_a-svfscanf.o)
                0x10008570                __ssvfscanf_r
 .text.__sccl   0x10009e50       0xa0 /home/pdsilva/.pico-sdk/toolchain/14_2_Rel1/bin/../lib/gcc/arm-none-eabi/14.2.1/../../../../arm-none-eabi/lib/thumb/v8-m.main+fp/softfp/libg.a(libc_a-sccl.o)
                0x10009e50                __sccl
 .text.__submore
                0x10009ef0       0x74 /home/pdsilva/.pico-sdk/toolchain/14_2_Rel1/bin/../lib/gcc/arm-none-eabi/14.2.1/../../../../arm-none-eabi/lib/thumb/v8-m.main+fp/softfp/libg.a(libc_a-ungetc.o)
                0x10009ef0                __submore
 .text.strncmp  0x10009f64       0x74 /home/pdsilva/.pico-sdk/toolchain/14_2_Rel1/bin/../lib/gcc/arm-none-eabi/14.2.1/../../../../arm-none-eabi/lib/thumb/v8-m.main+fp/softfp/libg.a(libc_a-strncmp.o)
                0x10009f64                strncmp
 .text.stpncpy  0x10009fd8       0x6c /home/pdsilva/.pico-sdk/toolchain/14_2_Rel1/bin/../lib/gcc/arm-none-eabi/14.2.1/../../../../arm-none-eabi/lib/thumb/v8-m.main+fp/softfp/libg.a(libc_a-stpncpy.o)
                0x10009fd8                stpncpy
 .text.__locale_mb_cur_max
                0x1000a044        0xc /home/pdsilva/.pico-sdk/toolchain/14_2_Rel1/bin/../lib/gcc/arm-none-eabi/14.2.1/../../../../arm-none-eabi/lib/thumb/v8-m.main+fp/softfp/libg.a(libc_a-locale.o)
                0x1000a044                __locale_mb_cur_max
 .text._localeconv_r
                0x1000a050        0x8 /home/pdsilva/.pico-sdk/toolchain/14_2_Rel1/bin/../lib/gcc/arm-none-eabi/14.2.1/../../../../arm-none-eabi/lib/thumb/v8-m.main+fp/softfp/libg.a(libc_a-localeconv.o)
                0x1000a050                _localeconv_r
 .text.nanf     0x1000a058        0x8 /home/pdsilva/.pico-sdk/toolchain/14_2_Rel1/bin/../lib/gcc/arm-none-eabi/14.2.1/../../../../arm-none-eabi/lib/thumb/v8-m.main+fp/softfp/libg.a(libm_a-sf_nan.o)
                0x1000a058                nanf
 .text.__ascii_mbtowc
                0x1000a060       0x2c /home/pdsilva/.pico-sdk/toolchain/14_2_Rel1/bin/../lib/gcc/arm-none-eabi/14.2.1/../../../../arm-none-eabi/lib/thumb/v8-m.main+fp/softfp/libg.a(libc_a-mbtowc_r.o)
                0x1000a060                __ascii_mbtowc
 *fill*         0x1000a08c        0x4 
 .text._strtod_l
                0x1000a090     0x1068 /home/pdsilva/.pico-sdk/toolchain/14_2_Rel1/bin/../lib/gcc/arm-none-eabi/14.2.1/../../../../arm-none-eabi/lib/thumb/v8-m.main+fp/softfp/libg.a(libc_a-strtod.o)
                0x1000a090                _strtod_l
 .text._strtod_r
                0x1000b0f8        0xc /home/pdsilva/.pico-sdk/toolchain/14_2_Rel1/bin/../lib/gcc/arm-none-eabi/14.2.1/../../../../arm-none-eabi/lib/thumb/v8-m.main+fp/softfp/libg.a(libc_a-strtod.o)
                0x1000b0f8                _strtod_r
 .text._strtol_l.part.0
                0x1000b104      0x1c8 /home/pdsilva/.pico-sdk/toolchain/14_2_Rel1/bin/../lib/gcc/arm-none-eabi/14.2.1/../../../../arm-none-eabi/lib/thumb/v8-m.main+fp/softfp/libg.a(libc_a-strtol.o)
 .text._strtol_r
                0x1000b2cc       0x1c /home/pdsilva/.pico-sdk/toolchain/14_2_Rel1/bin/../lib/gcc/arm-none-eabi/14.2.1/../../../../arm-none-eabi/lib/thumb/v8-m.main+fp/softfp/libg.a(libc_a-strtol.o)
                0x1000b2cc                _strtol_r
 .text.__ascii_wctomb
                0x1000b2e8       0x1c /home/pdsilva/.pico-sdk/toolchain/14_2_Rel1/bin/../lib/gcc/arm-none-eabi/14.2.1/../../../../arm-none-eabi/lib/thumb/v8-m.main+fp/softfp/libg.a(libc_a-wctomb_r.o)
                0x1000b2e8                __ascii_wctomb
 .text._strtoll_l.isra.0
                0x1000b304      0x2b8 /home/pdsilva/.pico-sdk/toolchain/14_2_Rel1/bin/../lib/gcc/arm-none-eabi/14.2.1/../../../../arm-none-eabi/lib/thumb/v8-m.main+fp/softfp/libg.a(libc_a-strtoll.o)
 .text._strtoll_r
                0x1000b5bc        0x4 /home/pdsilva/.pico-sdk/toolchain/14_2_Rel1/bin/../lib/gcc/arm-none-eabi/14.2.1/../../../../arm-none-eabi/lib/thumb/v8-m.main+fp/softfp/libg.a(libc_a-strtoll.o)
                0x1000b5bc                _strtoll_r
 .text._strtoull_l.isra.0
                0x1000b5c0      0x188 /home/pdsilva/.pico-sdk/toolchain/14_2_Rel1/bin/../lib/gcc/arm-none-eabi/14.2.1/../../../../arm-none-eabi/lib/thumb/v8-m.main+fp/softfp/libg.a(libc_a-strtoull.o)
 .text._strtoull_r
                0x1000b748        0x4 /home/pdsilva/.pico-sdk/toolchain/14_2_Rel1/bin/../lib/gcc/arm-none-eabi/14.2.1/../../../../arm-none-eabi/lib/thumb/v8-m.main+fp/softfp/libg.a(libc_a-strtoull.o)
                0x1000b748                _strtoull_r
 .text._mbrtowc_r
                0x1000b74c       0x54 /home/pdsilva/.pico-sdk/toolchain/14_2_Rel1/bin/../lib/gcc/arm-none-eabi/14.2.1/../../../../arm-none-eabi/lib/thumb/v8-m.main+fp/softfp/libg.a(libc_a-mbrtowc.o)
                0x1000b74c                _mbrtowc_r
 .text.iswspace
                0x1000b7a0        0x8 /home/pdsilva/.pico-sdk/toolchain/14_2_Rel1/bin/../lib/gcc/arm-none-eabi/14.2.1/../../../../arm-none-eabi/lib/thumb/v8-m.main+fp/softfp/libg.a(libc_a-iswspace.o)
                0x1000b7a0                iswspace
 .text.iswspace_l
                0x1000b7a8       0x28 /home/pdsilva/.pico-sdk/toolchain/14_2_Rel1/bin/../lib/gcc/arm-none-eabi/14.2.1/../../../../arm-none-eabi/lib/thumb/v8-m.main+fp/softfp/libg.a(libc_a-iswspace_l.o)
                0x1000b7a8                iswspace_l
 .text.__jp2uc  0x1000b7d0      0x14c /home/pdsilva/.pico-sdk/toolchain/14_2_Rel1/bin/../lib/gcc/arm-none-eabi/14.2.1/../../../../arm-none-eabi/lib/thumb/v8-m.main+fp/softfp/libg.a(libc_a-jp2uc.o)
 .text._jp2uc_l
                0x1000b91c       0x64 /home/pdsilva/.pico-sdk/toolchain/14_2_Rel1/bin/../lib/gcc/arm-none-eabi/14.2.1/../../../../arm-none-eabi/lib/thumb/v8-m.main+fp/softfp/libg.a(libc_a-jp2uc.o)
                0x1000b91c                _jp2uc_l
 .text.nan      0x1000b980        0xc /home/pdsilva/.pico-sdk/toolchain/14_2_Rel1/bin/../lib/gcc/arm-none-eabi/14.2.1/../../../../arm-none-eabi/lib/thumb/v8-m.main+fp/softfp/libg.a(libm_a-s_nan.o)
                0x1000b980                nan
 .text.rshift   0x1000b98c       0xac /home/pdsilva/.pico-sdk/toolchain/14_2_Rel1/bin/../lib/gcc/arm-none-eabi/14.2.1/../../../../arm-none-eabi/lib/thumb/v8-m.main+fp/softfp/libg.a(libc_a-gdtoa-gethex.o)
 .text.__gethex
                0x1000ba38      0x608 /home/pdsilva/.pico-sdk/toolchain/14_2_Rel1/bin/../lib/gcc/arm-none-eabi/14.2.1/../../../../arm-none-eabi/lib/thumb/v8-m.main+fp/softfp/libg.a(libc_a-gdtoa-gethex.o)
                0x1000ba38                __gethex
 .text.__match  0x1000c040       0x34 /home/pdsilva/.pico-sdk/toolchain/14_2_Rel1/bin/../lib/gcc/arm-none-eabi/14.2.1/../../../../arm-none-eabi/lib/thumb/v8-m.main+fp/softfp/libg.a(libc_a-gdtoa-hexnan.o)
                0x1000c040                __match
 .text.__hexnan
                0x1000c074      0x1c4 /home/pdsilva/.pico-sdk/toolchain/14_2_Rel1/bin/../lib/gcc/arm-none-eabi/14.2.1/../../../../arm-none-eabi/lib/thumb/v8-m.main+fp/softfp/libg.a(libc_a-gdtoa-hexnan.o)
                0x1000c074                __hexnan
 .text._Balloc  0x1000c238       0x4c /home/pdsilva/.pico-sdk/toolchain/14_2_Rel1/bin/../lib/gcc/arm-none-eabi/14.2.1/../../../../arm-none-eabi/lib/thumb/v8-m.main+fp/softfp/libg.a(libc_a-mprec.o)
                0x1000c238                _Balloc
 .text._Bfree   0x1000c284       0x14 /home/pdsilva/.pico-sdk/toolchain/14_2_Rel1/bin/../lib/gcc/arm-none-eabi/14.2.1/../../../../arm-none-eabi/lib/thumb/v8-m.main+fp/softfp/libg.a(libc_a-mprec.o)
                0x1000c284                _Bfree
 .text.__multadd
                0x1000c298       0xa4 /home/pdsilva/.pico-sdk/toolchain/14_2_Rel1/bin/../lib/gcc/arm-none-eabi/14.2.1/../../../../arm-none-eabi/lib/thumb/v8-m.main+fp/softfp/libg.a(libc_a-mprec.o)
                0x1000c298                __multadd
 .text.__s2b    0x1000c33c       0xb0 /home/pdsilva/.pico-sdk/toolchain/14_2_Rel1/bin/../lib/gcc/arm-none-eabi/14.2.1/../../../../arm-none-eabi/lib/thumb/v8-m.main+fp/softfp/libg.a(libc_a-mprec.o)
                0x1000c33c                __s2b
 .text.__hi0bits
                0x1000c3ec       0x54 /home/pdsilva/.pico-sdk/toolchain/14_2_Rel1/bin/../lib/gcc/arm-none-eabi/14.2.1/../../../../arm-none-eabi/lib/thumb/v8-m.main+fp/softfp/libg.a(libc_a-mprec.o)
                0x1000c3ec                __hi0bits
 .text.__lo0bits
                0x1000c440       0x80 /home/pdsilva/.pico-sdk/toolchain/14_2_Rel1/bin/../lib/gcc/arm-none-eabi/14.2.1/../../../../arm-none-eabi/lib/thumb/v8-m.main+fp/softfp/libg.a(libc_a-mprec.o)
                0x1000c440                __lo0bits
 .text.__i2b    0x1000c4c0       0x5c /home/pdsilva/.pico-sdk/toolchain/14_2_Rel1/bin/../lib/gcc/arm-none-eabi/14.2.1/../../../../arm-none-eabi/lib/thumb/v8-m.main+fp/softfp/libg.a(libc_a-mprec.o)
                0x1000c4c0                __i2b
 .text.__multiply
                0x1000c51c      0x168 /home/pdsilva/.pico-sdk/toolchain/14_2_Rel1/bin/../lib/gcc/arm-none-eabi/14.2.1/../../../../arm-none-eabi/lib/thumb/v8-m.main+fp/softfp/libg.a(libc_a-mprec.o)
                0x1000c51c                __multiply
 .text.__pow5mult
                0x1000c684       0xc0 /home/pdsilva/.pico-sdk/toolchain/14_2_Rel1/bin/../lib/gcc/arm-none-eabi/14.2.1/../../../../arm-none-eabi/lib/thumb/v8-m.main+fp/softfp/libg.a(libc_a-mprec.o)
                0x1000c684                __pow5mult
 .text.__lshift
                0x1000c744       0xe4 /home/pdsilva/.pico-sdk/toolchain/14_2_Rel1/bin/../lib/gcc/arm-none-eabi/14.2.1/../../../../arm-none-eabi/lib/thumb/v8-m.main+fp/softfp/libg.a(libc_a-mprec.o)
                0x1000c744                __lshift
 .text.__mcmp   0x1000c828       0x44 /home/pdsilva/.pico-sdk/toolchain/14_2_Rel1/bin/../lib/gcc/arm-none-eabi/14.2.1/../../../../arm-none-eabi/lib/thumb/v8-m.main+fp/softfp/libg.a(libc_a-mprec.o)
                0x1000c828                __mcmp
 .text.__mdiff  0x1000c86c      0x170 /home/pdsilva/.pico-sdk/toolchain/14_2_Rel1/bin/../lib/gcc/arm-none-eabi/14.2.1/../../../../arm-none-eabi/lib/thumb/v8-m.main+fp/softfp/libg.a(libc_a-mprec.o)
                0x1000c86c                __mdiff
 .text.__ulp    0x1000c9dc       0x4c /home/pdsilva/.pico-sdk/toolchain/14_2_Rel1/bin/../lib/gcc/arm-none-eabi/14.2.1/../../../../arm-none-eabi/lib/thumb/v8-m.main+fp/softfp/libg.a(libc_a-mprec.o)
                0x1000c9dc                __ulp
 .text.__b2d    0x1000ca28       0xc0 /home/pdsilva/.pico-sdk/toolchain/14_2_Rel1/bin/../lib/gcc/arm-none-eabi/14.2.1/../../../../arm-none-eabi/lib/thumb/v8-m.main+fp/softfp/libg.a(libc_a-mprec.o)
                0x1000ca28                __b2d
 .text.__d2b    0x1000cae8       0xbc /home/pdsilva/.pico-sdk/toolchain/14_2_Rel1/bin/../lib/gcc/arm-none-eabi/14.2.1/../../../../arm-none-eabi/lib/thumb/v8-m.main+fp/softfp/libg.a(libc_a-mprec.o)
                0x1000cae8                __d2b
 .text.__ratio  0x1000cba4       0x5c /home/pdsilva/.pico-sdk/toolchain/14_2_Rel1/bin/../lib/gcc/arm-none-eabi/14.2.1/../../../../arm-none-eabi/lib/thumb/v8-m.main+fp/softfp/libg.a(libc_a-mprec.o)
                0x1000cba4                __ratio
 .text.__copybits
                0x1000cc00       0x5c /home/pdsilva/.pico-sdk/toolchain/14_2_Rel1/bin/../lib/gcc/arm-none-eabi/14.2.1/../../../../arm-none-eabi/lib/thumb/v8-m.main+fp/softfp/libg.a(libc_a-mprec.o)
                0x1000cc00                __copybits
 .text.__any_on
                0x1000cc5c       0x5c /home/pdsilva/.pico-sdk/toolchain/14_2_Rel1/bin/../lib/gcc/arm-none-eabi/14.2.1/../../../../arm-none-eabi/lib/thumb/v8-m.main+fp/softfp/libg.a(libc_a-mprec.o)
                0x1000cc5c                __any_on
 .text.category
                0x1000ccb8       0x60 /home/pdsilva/.pico-sdk/toolchain/14_2_Rel1/bin/../lib/gcc/arm-none-eabi/14.2.1/../../../../arm-none-eabi/lib/thumb/v8-m.main+fp/softfp/libg.a(libc_a-categories.o)
                0x1000ccb8                category
 *(.fini)
 .fini          0x1000cd18        0x4 /home/pdsilva/.pico-sdk/toolchain/14_2_Rel1/bin/../lib/gcc/arm-none-eabi/14.2.1/thumb/v8-m.main+fp/softfp/crti.o
                0x1000cd18                _fini
 *fill*         0x1000cd1c        0x4 
 .fini.__stub   0x1000cd20       0x20 linker stubs
 *crtbegin.o(.ctors)
 *crtbegin?.o(.ctors)
 *(EXCLUDE_FILE(*crtend.o *crtend?.o) .ctors)
 *(SORT_BY_NAME(.ctors.*))
 *(.ctors)
 *crtbegin.o(.dtors)
 *crtbegin?.o(.dtors)
 *(EXCLUDE_FILE(*crtend.o *crtend?.o) .dtors)
 *(SORT_BY_NAME(.dtors.*))
 *(.dtors)
                0x1000cd40                        . = ALIGN (0x4)
                0x1000cd40                        PROVIDE (__preinit_array_start = .)
 *(SORT_BY_NAME(.preinit_array.*))
 .preinit_array.00050
                0x1000cd40        0x4 CMakeFiles/vgaPico2.dir/home/pdsilva/.pico-sdk/sdk/2.2.0/src/rp2_common/pico_runtime_init/runtime_init.c.o
                0x1000cd40                __pre_init_runtime_init_bootrom_reset
 .preinit_array.00100
                0x1000cd44        0x4 CMakeFiles/vgaPico2.dir/home/pdsilva/.pico-sdk/sdk/2.2.0/src/rp2_common/pico_runtime_init/runtime_init.c.o
                0x1000cd44                __pre_init_runtime_init_early_resets
 .preinit_array.00101
                0x1000cd48        0x4 CMakeFiles/vgaPico2.dir/home/pdsilva/.pico-sdk/sdk/2.2.0/src/rp2_common/pico_runtime_init/runtime_init.c.o
                0x1000cd48                __pre_init_runtime_init_usb_power_down
 .preinit_array.00500
                0x1000cd4c        0x4 CMakeFiles/vgaPico2.dir/home/pdsilva/.pico-sdk/sdk/2.2.0/src/rp2_common/pico_runtime_init/runtime_init.c.o
                0x1000cd4c                __pre_init_runtime_init_clocks
 .preinit_array.00600
                0x1000cd50        0x4 CMakeFiles/vgaPico2.dir/home/pdsilva/.pico-sdk/sdk/2.2.0/src/rp2_common/pico_runtime_init/runtime_init.c.o
                0x1000cd50                __pre_init_runtime_init_post_clock_resets
 .preinit_array.01000
                0x1000cd54        0x4 CMakeFiles/vgaPico2.dir/home/pdsilva/.pico-sdk/sdk/2.2.0/src/rp2_common/hardware_boot_lock/boot_lock.c.o
                0x1000cd54                __pre_init_runtime_init_boot_locks_reset
 .preinit_array.01000
                0x1000cd58        0x4 CMakeFiles/vgaPico2.dir/home/pdsilva/.pico-sdk/sdk/2.2.0/src/rp2_common/pico_runtime_init/runtime_init.c.o
                0x1000cd58                __pre_init_runtime_init_spin_locks_reset
 .preinit_array.01010
                0x1000cd5c        0x4 CMakeFiles/vgaPico2.dir/home/pdsilva/.pico-sdk/sdk/2.2.0/src/rp2_common/pico_bootrom/bootrom_lock.c.o
                0x1000cd5c                __pre_init_runtime_init_bootrom_locking_enable
 .preinit_array.01100
                0x1000cd60        0x4 CMakeFiles/vgaPico2.dir/home/pdsilva/.pico-sdk/sdk/2.2.0/src/common/pico_sync/mutex.c.o
                0x1000cd60                __pre_init_runtime_init_mutex
 .preinit_array.10080
                0x1000cd64        0x4 CMakeFiles/vgaPico2.dir/home/pdsilva/.pico-sdk/sdk/2.2.0/src/rp2_common/pico_runtime_init/runtime_init.c.o
                0x1000cd64                __pre_init_runtime_init_install_ram_vector_table
 .preinit_array.11000
                0x1000cd68        0x4 CMakeFiles/vgaPico2.dir/home/pdsilva/.pico-sdk/sdk/2.2.0/src/common/pico_time/time.c.o
                0x1000cd68                __pre_init_runtime_init_default_alarm_pool
 .preinit_array.YYYYY
                0x1000cd6c        0x4 CMakeFiles/vgaPico2.dir/home/pdsilva/.pico-sdk/sdk/2.2.0/src/rp2_common/pico_runtime/runtime.c.o
                0x1000cd6c                __pre_init_first_per_core_initializer
 .preinit_array.ZZZZZ.00051
                0x1000cd70        0x4 CMakeFiles/vgaPico2.dir/home/pdsilva/.pico-sdk/sdk/2.2.0/src/rp2_common/pico_runtime_init/runtime_init.c.o
                0x1000cd70                __pre_init_runtime_init_per_core_bootrom_reset
 .preinit_array.ZZZZZ.00200
                0x1000cd74        0x4 CMakeFiles/vgaPico2.dir/home/pdsilva/.pico-sdk/sdk/2.2.0/src/rp2_common/pico_runtime_init/runtime_init.c.o
                0x1000cd74                __pre_init_runtime_init_per_core_enable_coprocessors
 .preinit_array.ZZZZZ.01000
                0x1000cd78        0x4 CMakeFiles/vgaPico2.dir/home/pdsilva/.pico-sdk/sdk/2.2.0/src/rp2_common/hardware_sync_spin_lock/sync_spin_lock.c.o
                0x1000cd78                __pre_init_spinlock_set_extexclall
 .preinit_array.ZZZZZ.01200
                0x1000cd7c        0x4 CMakeFiles/vgaPico2.dir/home/pdsilva/.pico-sdk/sdk/2.2.0/src/rp2_common/hardware_irq/irq.c.o
                0x1000cd7c                __pre_init_runtime_init_per_core_irq_priorities
 *(.preinit_array)
                0x1000cd80                        PROVIDE (__preinit_array_end = .)
                0x1000cd80                        . = ALIGN (0x4)
                0x1000cd80                        PROVIDE (__init_array_start = .)
 *(SORT_BY_NAME(.init_array.*))
 *(.init_array)
 .init_array    0x1000cd80        0x4 /home/pdsilva/.pico-sdk/toolchain/14_2_Rel1/bin/../lib/gcc/arm-none-eabi/14.2.1/thumb/v8-m.main+fp/softfp/crtbegin.o
                0x1000cd84                        PROVIDE (__init_array_end = .)
                0x1000cd84                        . = ALIGN (0x4)
                [!provide]                        PROVIDE (__fini_array_start = .)
 *(SORT_BY_NAME(.fini_array.*))
 *(.fini_array)
                [!provide]                        PROVIDE (__fini_array_end = .)
 *(.eh_frame*)
 .eh_frame      0x1000cd84        0x0 /home/pdsilva/.pico-sdk/toolchain/14_2_Rel1/bin/../lib/gcc/arm-none-eabi/14.2.1/thumb/v8-m.main+fp/softfp/crtbegin.o
                0x1000cd84                        . = ALIGN (0x4)

.glue_7         0x1000cd84        0x0
 .glue_7        0x1000cd84        0x0 linker stubs

.glue_7t        0x1000cd84        0x0
 .glue_7t       0x1000cd84        0x0 linker stubs

.vfp11_veneer   0x1000cd84        0x0
 .vfp11_veneer  0x1000cd84        0x0 linker stubs

.v4_bx          0x1000cd84        0x0
 .v4_bx         0x1000cd84        0x0 linker stubs

.iplt           0x1000cd84        0x0
 .iplt          0x1000cd84        0x0 /home/pdsilva/.pico-sdk/toolchain/14_2_Rel1/bin/../lib/gcc/arm-none-eabi/14.2.1/thumb/v8-m.main+fp/softfp/crtbegin.o

.boot2          0x1000cd84        0x0
                0x1000cd84                        __boot2_start__ = .
 *(.boot2)
                0x1000cd84                        __boot2_end__ = .
                0x00000001                        ASSERT (((__boot2_end__ - __boot2_start__) <= 0x100), ERROR: Pico second stage bootloader must be no more than 256 bytes in size)

.rodata         0x1000cd88     0x8284
 *(EXCLUDE_FILE(*libm.a: *libc.a:*lib_a-mem*.o *libgcc.a:) .rodata*)
 .rodata.protothread_graphics.str1.4
                0x1000cd88      0x64e CMakeFiles/vgaPico2.dir/vga16_graphics_demo.c.o
                                0x316 (size before relaxing)
 .rodata.protothread_serial.str1.4
                0x1000d3d6       0x2b CMakeFiles/vgaPico2.dir/vga16_graphics_demo.c.o
 .rodata.main.str1.4
                0x1000d3d6       0x56 CMakeFiles/vgaPico2.dir/vga16_graphics_demo.c.o
 *fill*         0x1000d3d6        0x2 
 .rodata.bigFont
                0x1000d3d8      0x800 CMakeFiles/vgaPico2.dir/vga16_graphics_v2.c.o
                0x1000d3d8                bigFont
 .rodata.font   0x1000dbd8      0x4fb CMakeFiles/vgaPico2.dir/vga16_graphics_v2.c.o
 *fill*         0x1000e0d3        0x1 
 .rodata.rgb_program
                0x1000e0d4        0x8 CMakeFiles/vgaPico2.dir/vga16_graphics_v2.c.o
 .rodata.rgb_program_instructions
                0x1000e0dc       0x12 CMakeFiles/vgaPico2.dir/vga16_graphics_v2.c.o
 *fill*         0x1000e0ee        0x2 
 .rodata.vsync_program
                0x1000e0f0        0x8 CMakeFiles/vgaPico2.dir/vga16_graphics_v2.c.o
 .rodata.vsync_program_instructions
                0x1000e0f8       0x1c CMakeFiles/vgaPico2.dir/vga16_graphics_v2.c.o
 .rodata.hsync_program
                0x1000e114        0x8 CMakeFiles/vgaPico2.dir/vga16_graphics_v2.c.o
 .rodata.hsync_program_instructions
                0x1000e11c       0x12 CMakeFiles/vgaPico2.dir/vga16_graphics_v2.c.o
 .rodata.panic.str1.4
                0x1000e12e       0x12 CMakeFiles/vgaPico2.dir/home/pdsilva/.pico-sdk/sdk/2.2.0/src/rp2_common/pico_platform_panic/panic.c.o
 .rodata.timer_hardware_alarm_claim.str1.4
                0x1000e12e       0x22 CMakeFiles/vgaPico2.dir/home/pdsilva/.pico-sdk/sdk/2.2.0/src/rp2_common/hardware_timer/timer.c.o
 .rodata.hard_assertion_failure.str1.4
                0x1000e12e        0xc CMakeFiles/vgaPico2.dir/home/pdsilva/.pico-sdk/sdk/2.2.0/src/rp2_common/pico_runtime/runtime.c.o
 .rodata.__wrap_malloc.str1.4
                0x1000e12e        0xe CMakeFiles/vgaPico2.dir/home/pdsilva/.pico-sdk/sdk/2.2.0/src/rp2_common/pico_malloc/malloc.c.o
 .rodata.str1.4
                0x1000e12e       0x44 CMakeFiles/vgaPico2.dir/home/pdsilva/.pico-sdk/sdk/2.2.0/src/rp2_common/pico_standard_binary_info/standard_binary_info.c.o
 *fill*         0x1000e12e        0x2 
 .rodata.__bi_84
                0x1000e130        0xc CMakeFiles/vgaPico2.dir/home/pdsilva/.pico-sdk/sdk/2.2.0/src/rp2_common/pico_standard_binary_info/standard_binary_info.c.o
 .rodata.__bi_78
                0x1000e13c        0xc CMakeFiles/vgaPico2.dir/home/pdsilva/.pico-sdk/sdk/2.2.0/src/rp2_common/pico_standard_binary_info/standard_binary_info.c.o
 .rodata.__bi_60
                0x1000e148        0xc CMakeFiles/vgaPico2.dir/home/pdsilva/.pico-sdk/sdk/2.2.0/src/rp2_common/pico_standard_binary_info/standard_binary_info.c.o
 .rodata.__bi_54
                0x1000e154        0xc CMakeFiles/vgaPico2.dir/home/pdsilva/.pico-sdk/sdk/2.2.0/src/rp2_common/pico_standard_binary_info/standard_binary_info.c.o
 .rodata.__bi_48
                0x1000e160        0xc CMakeFiles/vgaPico2.dir/home/pdsilva/.pico-sdk/sdk/2.2.0/src/rp2_common/pico_standard_binary_info/standard_binary_info.c.o
 .rodata.__bi_42
                0x1000e16c        0xc CMakeFiles/vgaPico2.dir/home/pdsilva/.pico-sdk/sdk/2.2.0/src/rp2_common/pico_standard_binary_info/standard_binary_info.c.o
 .rodata.__bi_34
                0x1000e178        0xc CMakeFiles/vgaPico2.dir/home/pdsilva/.pico-sdk/sdk/2.2.0/src/rp2_common/pico_standard_binary_info/standard_binary_info.c.o
 .rodata.__bi_26
                0x1000e184        0xc CMakeFiles/vgaPico2.dir/home/pdsilva/.pico-sdk/sdk/2.2.0/src/rp2_common/pico_standard_binary_info/standard_binary_info.c.o
 .rodata._ftoa.str1.4
                0x1000e190       0x15 CMakeFiles/vgaPico2.dir/home/pdsilva/.pico-sdk/sdk/2.2.0/src/rp2_common/pico_printf/printf.c.o
 .rodata.pow10.0
                0x1000e190       0x50 CMakeFiles/vgaPico2.dir/home/pdsilva/.pico-sdk/sdk/2.2.0/src/rp2_common/pico_printf/printf.c.o
 .rodata.__assert_func.str1.4
                0x1000e1e0       0x43 CMakeFiles/vgaPico2.dir/home/pdsilva/.pico-sdk/sdk/2.2.0/src/rp2_common/pico_clib_interface/newlib_interface.c.o
 .rodata.crlf_str.0
                0x1000e1e0        0x2 CMakeFiles/vgaPico2.dir/home/pdsilva/.pico-sdk/sdk/2.2.0/src/rp2_common/pico_stdio/stdio.c.o
 .rodata.pio_sm_claim.str1.4
                0x1000e1e2       0x62 CMakeFiles/vgaPico2.dir/home/pdsilva/.pico-sdk/sdk/2.2.0/src/rp2_common/hardware_pio/pio.c.o
 .rodata.dma_claim_unused_channel.str1.4
                0x1000e1e2       0x1e CMakeFiles/vgaPico2.dir/home/pdsilva/.pico-sdk/sdk/2.2.0/src/rp2_common/hardware_dma/dma.c.o
 *fill*         0x1000e1e2        0x2 
 .rodata._ctype_
                0x1000e1e4      0x101 /home/pdsilva/.pico-sdk/toolchain/14_2_Rel1/bin/../lib/gcc/arm-none-eabi/14.2.1/../../../../arm-none-eabi/lib/thumb/v8-m.main+fp/softfp/libg.a(libc_a-ctype_.o)
                0x1000e1e4                _ctype_
 .rodata.__ssvfscanf_r.str1.4
                0x1000e2e5        0x9 /home/pdsilva/.pico-sdk/toolchain/14_2_Rel1/bin/../lib/gcc/arm-none-eabi/14.2.1/../../../../arm-none-eabi/lib/thumb/v8-m.main+fp/softfp/libg.a(libc_a-svfscanf.o)
 *fill*         0x1000e2e5        0x3 
 .rodata.basefix.0
                0x1000e2e8       0x22 /home/pdsilva/.pico-sdk/toolchain/14_2_Rel1/bin/../lib/gcc/arm-none-eabi/14.2.1/../../../../arm-none-eabi/lib/thumb/v8-m.main+fp/softfp/libg.a(libc_a-svfscanf.o)
 .rodata.str1.4
                0x1000e30a       0x4c /home/pdsilva/.pico-sdk/toolchain/14_2_Rel1/bin/../lib/gcc/arm-none-eabi/14.2.1/../../../../arm-none-eabi/lib/thumb/v8-m.main+fp/softfp/libg.a(libc_a-locale.o)
 .rodata._strtod_l.str1.4
                0x1000e30a       0x15 /home/pdsilva/.pico-sdk/toolchain/14_2_Rel1/bin/../lib/gcc/arm-none-eabi/14.2.1/../../../../arm-none-eabi/lib/thumb/v8-m.main+fp/softfp/libg.a(libc_a-strtod.o)
 *fill*         0x1000e30a        0x2 
 .rodata.fpinan.0
                0x1000e30c       0x14 /home/pdsilva/.pico-sdk/toolchain/14_2_Rel1/bin/../lib/gcc/arm-none-eabi/14.2.1/../../../../arm-none-eabi/lib/thumb/v8-m.main+fp/softfp/libg.a(libc_a-strtod.o)
 .rodata.fpi.1  0x1000e320       0x14 /home/pdsilva/.pico-sdk/toolchain/14_2_Rel1/bin/../lib/gcc/arm-none-eabi/14.2.1/../../../../arm-none-eabi/lib/thumb/v8-m.main+fp/softfp/libg.a(libc_a-strtod.o)
 *fill*         0x1000e334        0x4 
 .rodata.tinytens
                0x1000e338       0x28 /home/pdsilva/.pico-sdk/toolchain/14_2_Rel1/bin/../lib/gcc/arm-none-eabi/14.2.1/../../../../arm-none-eabi/lib/thumb/v8-m.main+fp/softfp/libg.a(libc_a-strtod.o)
 .rodata._mbrtowc_r.str1.4
                0x1000e360        0x1 /home/pdsilva/.pico-sdk/toolchain/14_2_Rel1/bin/../lib/gcc/arm-none-eabi/14.2.1/../../../../arm-none-eabi/lib/thumb/v8-m.main+fp/softfp/libg.a(libc_a-mbrtowc.o)
 .rodata._jp2uc_l.str1.4
                0x1000e360       0x12 /home/pdsilva/.pico-sdk/toolchain/14_2_Rel1/bin/../lib/gcc/arm-none-eabi/14.2.1/../../../../arm-none-eabi/lib/thumb/v8-m.main+fp/softfp/libg.a(libc_a-jp2uc.o)
 .rodata.d02f4  0x1000e360     0x1a7c /home/pdsilva/.pico-sdk/toolchain/14_2_Rel1/bin/../lib/gcc/arm-none-eabi/14.2.1/../../../../arm-none-eabi/lib/thumb/v8-m.main+fp/softfp/libg.a(libc_a-jp2uc.o)
 .rodata.b02cf  0x1000fddc     0x172a /home/pdsilva/.pico-sdk/toolchain/14_2_Rel1/bin/../lib/gcc/arm-none-eabi/14.2.1/../../../../arm-none-eabi/lib/thumb/v8-m.main+fp/softfp/libg.a(libc_a-jp2uc.o)
 *fill*         0x10011506        0x2 
 .rodata.a8     0x10011508       0x40 /home/pdsilva/.pico-sdk/toolchain/14_2_Rel1/bin/../lib/gcc/arm-none-eabi/14.2.1/../../../../arm-none-eabi/lib/thumb/v8-m.main+fp/softfp/libg.a(libc_a-jp2uc.o)
 .rodata.a7     0x10011548       0xa2 /home/pdsilva/.pico-sdk/toolchain/14_2_Rel1/bin/../lib/gcc/arm-none-eabi/14.2.1/../../../../arm-none-eabi/lib/thumb/v8-m.main+fp/softfp/libg.a(libc_a-jp2uc.o)
 *fill*         0x100115ea        0x2 
 .rodata.a6     0x100115ec       0x70 /home/pdsilva/.pico-sdk/toolchain/14_2_Rel1/bin/../lib/gcc/arm-none-eabi/14.2.1/../../../../arm-none-eabi/lib/thumb/v8-m.main+fp/softfp/libg.a(libc_a-jp2uc.o)
 .rodata.a3     0x1001165c       0x5b /home/pdsilva/.pico-sdk/toolchain/14_2_Rel1/bin/../lib/gcc/arm-none-eabi/14.2.1/../../../../arm-none-eabi/lib/thumb/v8-m.main+fp/softfp/libg.a(libc_a-jp2uc.o)
 *fill*         0x100116b7        0x1 
 .rodata.a2     0x100116b8       0xbc /home/pdsilva/.pico-sdk/toolchain/14_2_Rel1/bin/../lib/gcc/arm-none-eabi/14.2.1/../../../../arm-none-eabi/lib/thumb/v8-m.main+fp/softfp/libg.a(libc_a-jp2uc.o)
 .rodata.a1     0x10011774       0xbc /home/pdsilva/.pico-sdk/toolchain/14_2_Rel1/bin/../lib/gcc/arm-none-eabi/14.2.1/../../../../arm-none-eabi/lib/thumb/v8-m.main+fp/softfp/libg.a(libc_a-jp2uc.o)
 .rodata.__gethex.str1.4
                0x10011830       0x79 /home/pdsilva/.pico-sdk/toolchain/14_2_Rel1/bin/../lib/gcc/arm-none-eabi/14.2.1/../../../../arm-none-eabi/lib/thumb/v8-m.main+fp/softfp/libg.a(libc_a-gdtoa-gethex.o)
 .rodata.__hexdig
                0x10011830      0x100 /home/pdsilva/.pico-sdk/toolchain/14_2_Rel1/bin/../lib/gcc/arm-none-eabi/14.2.1/../../../../arm-none-eabi/lib/thumb/v8-m.main+fp/softfp/libg.a(libc_a-gdtoa-gethex.o)
                0x10011830                __hexdig
 .rodata.__multadd.str1.4
                0x10011930       0x6e /home/pdsilva/.pico-sdk/toolchain/14_2_Rel1/bin/../lib/gcc/arm-none-eabi/14.2.1/../../../../arm-none-eabi/lib/thumb/v8-m.main+fp/softfp/libg.a(libc_a-mprec.o)
 .rodata.p05.0  0x10011930        0xc /home/pdsilva/.pico-sdk/toolchain/14_2_Rel1/bin/../lib/gcc/arm-none-eabi/14.2.1/../../../../arm-none-eabi/lib/thumb/v8-m.main+fp/softfp/libg.a(libc_a-mprec.o)
 *fill*         0x1001193c        0x4 
 .rodata.__mprec_bigtens
                0x10011940       0x28 /home/pdsilva/.pico-sdk/toolchain/14_2_Rel1/bin/../lib/gcc/arm-none-eabi/14.2.1/../../../../arm-none-eabi/lib/thumb/v8-m.main+fp/softfp/libg.a(libc_a-mprec.o)
                0x10011940                __mprec_bigtens
 .rodata.__mprec_tens
                0x10011968       0xc8 /home/pdsilva/.pico-sdk/toolchain/14_2_Rel1/bin/../lib/gcc/arm-none-eabi/14.2.1/../../../../arm-none-eabi/lib/thumb/v8-m.main+fp/softfp/libg.a(libc_a-mprec.o)
                0x10011968                __mprec_tens
 .rodata.categories
                0x10011a30     0x35dc /home/pdsilva/.pico-sdk/toolchain/14_2_Rel1/bin/../lib/gcc/arm-none-eabi/14.2.1/../../../../arm-none-eabi/lib/thumb/v8-m.main+fp/softfp/libg.a(libc_a-categories.o)
 *(.srodata*)
                0x1001500c                        . = ALIGN (0x4)
 *(SORT_BY_ALIGNMENT(SORT_BY_NAME(.flashdata*)))
                0x1001500c                        . = ALIGN (0x4)

.ARM.extab
 *(.ARM.extab* .gnu.linkonce.armextab.*)
                0x1001500c                        __exidx_start = .

.ARM.exidx      0x1001500c        0x8
 *(.ARM.exidx* .gnu.linkonce.armexidx.*)
 .ARM.exidx     0x1001500c        0x8 /home/pdsilva/.pico-sdk/toolchain/14_2_Rel1/bin/../lib/gcc/arm-none-eabi/14.2.1/../../../../arm-none-eabi/lib/thumb/v8-m.main+fp/softfp/libg.a(libc_a-strcmp.o)
 .ARM.exidx     0x10015014        0x0 /home/pdsilva/.pico-sdk/toolchain/14_2_Rel1/bin/../lib/gcc/arm-none-eabi/14.2.1/../../../../arm-none-eabi/lib/thumb/v8-m.main+fp/softfp/libg.a(libc_a-memcpy.o)
                                  0x8 (size before relaxing)
 .ARM.exidx.text.__udivmoddi4
                0x10015014        0x0 /home/pdsilva/.pico-sdk/toolchain/14_2_Rel1/bin/../lib/gcc/arm-none-eabi/14.2.1/thumb/v8-m.main+fp/softfp/libgcc.a(_udivmoddi4.o)
                                  0x8 (size before relaxing)
                0x10015014                        __exidx_end = .
                0x10015014                        . = ALIGN (0x4)
                0x10015014                        __binary_info_start = .

.binary_info    0x10015014       0x20
 *(.binary_info.keep.*)
 .binary_info.keep.__bi_ptr84
                0x10015014        0x4 CMakeFiles/vgaPico2.dir/home/pdsilva/.pico-sdk/sdk/2.2.0/src/rp2_common/pico_standard_binary_info/standard_binary_info.c.o
 .binary_info.keep.__bi_ptr78
                0x10015018        0x4 CMakeFiles/vgaPico2.dir/home/pdsilva/.pico-sdk/sdk/2.2.0/src/rp2_common/pico_standard_binary_info/standard_binary_info.c.o
 .binary_info.keep.__bi_ptr60
                0x1001501c        0x4 CMakeFiles/vgaPico2.dir/home/pdsilva/.pico-sdk/sdk/2.2.0/src/rp2_common/pico_standard_binary_info/standard_binary_info.c.o
 .binary_info.keep.__bi_ptr54
                0x10015020        0x4 CMakeFiles/vgaPico2.dir/home/pdsilva/.pico-sdk/sdk/2.2.0/src/rp2_common/pico_standard_binary_info/standard_binary_info.c.o
 .binary_info.keep.__bi_ptr48
                0x10015024        0x4 CMakeFiles/vgaPico2.dir/home/pdsilva/.pico-sdk/sdk/2.2.0/src/rp2_common/pico_standard_binary_info/standard_binary_info.c.o
 .binary_info.keep.__bi_ptr42
                0x10015028        0x4 CMakeFiles/vgaPico2.dir/home/pdsilva/.pico-sdk/sdk/2.2.0/src/rp2_common/pico_standard_binary_info/standard_binary_info.c.o
 .binary_info.keep.__bi_ptr34
                0x1001502c        0x4 CMakeFiles/vgaPico2.dir/home/pdsilva/.pico-sdk/sdk/2.2.0/src/rp2_common/pico_standard_binary_info/standard_binary_info.c.o
 .binary_info.keep.__bi_ptr26
                0x10015030        0x4 CMakeFiles/vgaPico2.dir/home/pdsilva/.pico-sdk/sdk/2.2.0/src/rp2_common/pico_standard_binary_info/standard_binary_info.c.o
 *(.binary_info.*)
                0x10015034                        __binary_info_end = .
                0x10015034                        . = ALIGN (0x4)

.ram_vector_table
                0x20000000      0x110
 *(.ram_vector_table)
 .ram_vector_table
                0x20000000      0x110 CMakeFiles/vgaPico2.dir/home/pdsilva/.pico-sdk/sdk/2.2.0/src/rp2_common/pico_runtime_init/runtime_init.c.o
                0x20000000                ram_vector_table

.uninitialized_data
                0x20000110        0x0
                0x20000110                        . = ALIGN (0x4)
 *(.uninitialized_data*)

.data           0x20000110      0xc24 load address 0x10015034
                0x20000110                        __data_start__ = .
 *(vtable)
 *(.time_critical*)
 .time_critical.mutex_enter_blocking
                0x20000110       0x80 CMakeFiles/vgaPico2.dir/home/pdsilva/.pico-sdk/sdk/2.2.0/src/common/pico_sync/mutex.c.o
                0x20000110                mutex_enter_blocking
 .time_critical.mutex_enter_block_until
                0x20000190       0x6c CMakeFiles/vgaPico2.dir/home/pdsilva/.pico-sdk/sdk/2.2.0/src/common/pico_sync/mutex.c.o
                0x20000190                mutex_enter_block_until
 .time_critical.mutex_try_enter_block_until
                0x200001fc       0x68 CMakeFiles/vgaPico2.dir/home/pdsilva/.pico-sdk/sdk/2.2.0/src/common/pico_sync/mutex.c.o
                0x200001fc                mutex_try_enter_block_until
 .time_critical.mutex_exit
                0x20000264       0x3c CMakeFiles/vgaPico2.dir/home/pdsilva/.pico-sdk/sdk/2.2.0/src/common/pico_sync/mutex.c.o
                0x20000264                mutex_exit
 *(.text*)
 .text          0x200002a0       0x30 /home/pdsilva/.pico-sdk/toolchain/14_2_Rel1/bin/../lib/gcc/arm-none-eabi/14.2.1/thumb/v8-m.main+fp/softfp/libgcc.a(_aeabi_uldivmod.o)
                0x200002a0                __aeabi_uldivmod
 .text.__udivmoddi4
                0x200002d0      0x34c /home/pdsilva/.pico-sdk/toolchain/14_2_Rel1/bin/../lib/gcc/arm-none-eabi/14.2.1/thumb/v8-m.main+fp/softfp/libgcc.a(_udivmoddi4.o)
                0x200002d0                __udivmoddi4
 .text          0x2000061c        0x4 /home/pdsilva/.pico-sdk/toolchain/14_2_Rel1/bin/../lib/gcc/arm-none-eabi/14.2.1/thumb/v8-m.main+fp/softfp/libgcc.a(_dvmd_tls.o)
                0x2000061c                __aeabi_ldiv0
                0x2000061c                __aeabi_idiv0
 .text.__stub   0x20000620        0x8 linker stubs
                0x20000628                        . = ALIGN (0x4)
 *(.rodata*)
                0x20000628                        . = ALIGN (0x4)
 *(.data*)
 .data.round_rect_color.2
                0x20000628        0x2 CMakeFiles/vgaPico2.dir/vga16_graphics_demo.c.o
 .data.round_rect_x.3
                0x2000062a        0x2 CMakeFiles/vgaPico2.dir/vga16_graphics_demo.c.o
 .data.filled_round_rect_color.4
                0x2000062c        0x2 CMakeFiles/vgaPico2.dir/vga16_graphics_demo.c.o
 .data.filled_round_rect_x.5
                0x2000062e        0x2 CMakeFiles/vgaPico2.dir/vga16_graphics_demo.c.o
 .data.rect_color.6
                0x20000630        0x2 CMakeFiles/vgaPico2.dir/vga16_graphics_demo.c.o
 .data.rect_x.7
                0x20000632        0x2 CMakeFiles/vgaPico2.dir/vga16_graphics_demo.c.o
 .data.filled_rect_color.8
                0x20000634        0x2 CMakeFiles/vgaPico2.dir/vga16_graphics_demo.c.o
 .data.filled_rect_x.9
                0x20000636        0x2 CMakeFiles/vgaPico2.dir/vga16_graphics_demo.c.o
 .data.circle_color.10
                0x20000638        0x2 CMakeFiles/vgaPico2.dir/vga16_graphics_demo.c.o
 .data.circle_x.11
                0x2000063a        0x2 CMakeFiles/vgaPico2.dir/vga16_graphics_demo.c.o
 .data.filled_circle_color.12
                0x2000063c        0x2 CMakeFiles/vgaPico2.dir/vga16_graphics_demo.c.o
 .data.restart_graphics
                0x2000063e        0x1 CMakeFiles/vgaPico2.dir/vga16_graphics_demo.c.o
                0x2000063e                restart_graphics
 *fill*         0x2000063f        0x1 
 .data.address_pointer
                0x20000640        0x4 CMakeFiles/vgaPico2.dir/vga16_graphics_v2.c.o
                0x20000640                address_pointer
 .data.striped_spin_lock_num
                0x20000644        0x1 CMakeFiles/vgaPico2.dir/home/pdsilva/.pico-sdk/sdk/2.2.0/src/rp2_common/hardware_sync/sync.c.o
 *fill*         0x20000645        0x3 
 .data.default_alarm_pool
                0x20000648       0x18 CMakeFiles/vgaPico2.dir/home/pdsilva/.pico-sdk/sdk/2.2.0/src/common/pico_time/time.c.o
 .data.__malloc_sbrk_base
                0x20000660        0x4 /home/pdsilva/.pico-sdk/toolchain/14_2_Rel1/bin/../lib/gcc/arm-none-eabi/14.2.1/../../../../arm-none-eabi/lib/thumb/v8-m.main+fp/softfp/libg.a(libc_a-mallocr.o)
                0x20000660                __malloc_sbrk_base
 .data.__malloc_trim_threshold
                0x20000664        0x4 /home/pdsilva/.pico-sdk/toolchain/14_2_Rel1/bin/../lib/gcc/arm-none-eabi/14.2.1/../../../../arm-none-eabi/lib/thumb/v8-m.main+fp/softfp/libg.a(libc_a-mallocr.o)
                0x20000664                __malloc_trim_threshold
 .data.__malloc_av_
                0x20000668      0x408 /home/pdsilva/.pico-sdk/toolchain/14_2_Rel1/bin/../lib/gcc/arm-none-eabi/14.2.1/../../../../arm-none-eabi/lib/thumb/v8-m.main+fp/softfp/libg.a(libc_a-mallocr.o)
                0x20000668                __malloc_av_
 .data._impure_ptr
                0x20000a70        0x4 /home/pdsilva/.pico-sdk/toolchain/14_2_Rel1/bin/../lib/gcc/arm-none-eabi/14.2.1/../../../../arm-none-eabi/lib/thumb/v8-m.main+fp/softfp/libg.a(libc_a-impure.o)
                0x20000a70                _impure_ptr
 *fill*         0x20000a74        0x4 
 .data._impure_data
                0x20000a78      0x140 /home/pdsilva/.pico-sdk/toolchain/14_2_Rel1/bin/../lib/gcc/arm-none-eabi/14.2.1/../../../../arm-none-eabi/lib/thumb/v8-m.main+fp/softfp/libg.a(libc_a-impure.o)
                0x20000a78                _impure_data
 .data.__global_locale
                0x20000bb8      0x16c /home/pdsilva/.pico-sdk/toolchain/14_2_Rel1/bin/../lib/gcc/arm-none-eabi/14.2.1/../../../../arm-none-eabi/lib/thumb/v8-m.main+fp/softfp/libg.a(libc_a-locale.o)
                0x20000bb8                __global_locale
 *(.sdata*)
                0x20000d24                        . = ALIGN (0x4)
 *(.after_data.*)
                0x20000d24                        . = ALIGN (0x4)
                0x20000d24                        PROVIDE (__mutex_array_start = .)
 *(SORT_BY_NAME(.mutex_array.*))
 *(.mutex_array)
 .mutex_array   0x20000d24        0x8 CMakeFiles/vgaPico2.dir/home/pdsilva/.pico-sdk/sdk/2.2.0/src/rp2_common/pico_malloc/malloc.c.o
 .mutex_array   0x20000d2c        0x8 CMakeFiles/vgaPico2.dir/home/pdsilva/.pico-sdk/sdk/2.2.0/src/rp2_common/pico_stdio/stdio.c.o
                0x20000d34                        PROVIDE (__mutex_array_end = .)
 *(.jcr)
                0x20000d34                        . = ALIGN (0x4)

.tm_clone_table
                0x20000d34        0x0 load address 0x10015c58
 .tm_clone_table
                0x20000d34        0x0 /home/pdsilva/.pico-sdk/toolchain/14_2_Rel1/bin/../lib/gcc/arm-none-eabi/14.2.1/thumb/v8-m.main+fp/softfp/crtbegin.o
 .tm_clone_table
                0x20000d34        0x0 /home/pdsilva/.pico-sdk/toolchain/14_2_Rel1/bin/../lib/gcc/arm-none-eabi/14.2.1/thumb/v8-m.main+fp/softfp/crtend.o

.igot.plt       0x20000d34        0x0 load address 0x10015c58
 .igot.plt      0x20000d34        0x0 /home/pdsilva/.pico-sdk/toolchain/14_2_Rel1/bin/../lib/gcc/arm-none-eabi/14.2.1/thumb/v8-m.main+fp/softfp/crtbegin.o

.tdata          0x20000d34        0x0 load address 0x10015c58
                0x20000d34                        . = ALIGN (0x4)
 *(.tdata .tdata.* .gnu.linkonce.td.*)
                0x20000d34                        __tdata_end = .
                0x20000d34                        PROVIDE (__data_end__ = .)
                0x10015034                        __etext = LOADADDR (.data)

.tbss           0x20000d34        0x0 load address 0x10015c58
                0x20000d34                        . = ALIGN (0x4)
                0x20000d34                        __bss_start__ = .
                0x20000d34                        __tls_base = .
 *(.tbss .tbss.* .gnu.linkonce.tb.*)
 *(.tcommon)
                0x20000d34                        __tls_end = .

.bss            0x20000d38    0x26000 load address 0x10015c58
                0x20000d38                        . = ALIGN (0x4)
                0x20000d38                        __tbss_end = .
 *(SORT_BY_ALIGNMENT(SORT_BY_NAME(.bss*)))
 .bss.default_alarm_pool_entries
                0x20000d38      0x180 CMakeFiles/vgaPico2.dir/home/pdsilva/.pico-sdk/sdk/2.2.0/src/common/pico_time/time.c.o
 .bss.e_time.22
                0x20000eb8        0x8 CMakeFiles/vgaPico2.dir/vga16_graphics_demo.c.o
 .bss.pt_interval_marker.17
                0x20000ec0        0x8 CMakeFiles/vgaPico2.dir/vga16_graphics_demo.c.o
 .bss.sched_thread_time
                0x20000ec8       0x50 CMakeFiles/vgaPico2.dir/vga16_graphics_demo.c.o
                0x20000ec8                sched_thread_time
 .bss.sched_thread_time1
                0x20000f18       0x50 CMakeFiles/vgaPico2.dir/vga16_graphics_demo.c.o
                0x20000f18                sched_thread_time1
 .bss.thread_time
                0x20000f68        0x8 CMakeFiles/vgaPico2.dir/vga16_graphics_demo.c.o
                0x20000f68                thread_time
 .bss.thread_time1
                0x20000f70        0x8 CMakeFiles/vgaPico2.dir/vga16_graphics_demo.c.o
                0x20000f70                thread_time1
 .bss.time_thread.0
                0x20000f78        0x8 CMakeFiles/vgaPico2.dir/vga16_graphics_demo.c.o
 .bss.__lock___malloc_recursive_mutex
                0x20000f80        0x1 /home/pdsilva/.pico-sdk/toolchain/14_2_Rel1/bin/../lib/gcc/arm-none-eabi/14.2.1/../../../../arm-none-eabi/lib/thumb/v8-m.main+fp/softfp/libg.a(libc_a-lock.o)
                0x20000f80                __lock___malloc_recursive_mutex
 *fill*         0x20000f81        0x3 
 .bss.__malloc_current_mallinfo
                0x20000f84       0x28 /home/pdsilva/.pico-sdk/toolchain/14_2_Rel1/bin/../lib/gcc/arm-none-eabi/14.2.1/../../../../arm-none-eabi/lib/thumb/v8-m.main+fp/softfp/libg.a(libc_a-mallocr.o)
                0x20000f84                __malloc_current_mallinfo
 .bss.__malloc_max_sbrked_mem
                0x20000fac        0x4 /home/pdsilva/.pico-sdk/toolchain/14_2_Rel1/bin/../lib/gcc/arm-none-eabi/14.2.1/../../../../arm-none-eabi/lib/thumb/v8-m.main+fp/softfp/libg.a(libc_a-mallocr.o)
                0x20000fac                __malloc_max_sbrked_mem
 .bss.__malloc_max_total_mem
                0x20000fb0        0x4 /home/pdsilva/.pico-sdk/toolchain/14_2_Rel1/bin/../lib/gcc/arm-none-eabi/14.2.1/../../../../arm-none-eabi/lib/thumb/v8-m.main+fp/softfp/libg.a(libc_a-mallocr.o)
                0x20000fb0                __malloc_max_total_mem
 .bss.__malloc_top_pad
                0x20000fb4        0x4 /home/pdsilva/.pico-sdk/toolchain/14_2_Rel1/bin/../lib/gcc/arm-none-eabi/14.2.1/../../../../arm-none-eabi/lib/thumb/v8-m.main+fp/softfp/libg.a(libc_a-mallocr.o)
                0x20000fb4                __malloc_top_pad
 .bss.__sf      0x20000fb8      0x138 /home/pdsilva/.pico-sdk/toolchain/14_2_Rel1/bin/../lib/gcc/arm-none-eabi/14.2.1/../../../../arm-none-eabi/lib/thumb/v8-m.main+fp/softfp/libg.a(libc_a-findfp.o)
                0x20000fb8                __sf
 .bss._sw_spin_locks
                0x200010f0       0x20 CMakeFiles/vgaPico2.dir/home/pdsilva/.pico-sdk/sdk/2.2.0/src/rp2_common/hardware_sync_spin_lock/sync_spin_lock.c.o
                0x200010f0                _sw_spin_locks
 .bss._used_instruction_space
                0x20001110        0xc CMakeFiles/vgaPico2.dir/home/pdsilva/.pico-sdk/sdk/2.2.0/src/rp2_common/hardware_pio/pio.c.o
 .bss.bkgnd_color
                0x2000111c        0x4 CMakeFiles/vgaPico2.dir/vga16_graphics_demo.c.o
                0x2000111c                bkgnd_color
 .bss.claimed   0x20001120        0x2 CMakeFiles/vgaPico2.dir/home/pdsilva/.pico-sdk/sdk/2.2.0/src/rp2_common/hardware_timer/timer.c.o
 *fill*         0x20001122        0x2 
 .bss.claimed   0x20001124        0x2 CMakeFiles/vgaPico2.dir/home/pdsilva/.pico-sdk/sdk/2.2.0/src/rp2_common/hardware_pio/pio.c.o
 *fill*         0x20001126        0x2 
 .bss.configured_freq
                0x20001128       0x28 CMakeFiles/vgaPico2.dir/home/pdsilva/.pico-sdk/sdk/2.2.0/src/rp2_common/hardware_clocks/clocks.c.o
 .bss.drivers   0x20001150        0x4 CMakeFiles/vgaPico2.dir/home/pdsilva/.pico-sdk/sdk/2.2.0/src/rp2_common/pico_stdio/stdio.c.o
 .bss.errno     0x20001154        0x4 /home/pdsilva/.pico-sdk/toolchain/14_2_Rel1/bin/../lib/gcc/arm-none-eabi/14.2.1/../../../../arm-none-eabi/lib/thumb/v8-m.main+fp/softfp/libg.a(libc_a-reent.o)
                0x20001154                errno
 .bss.filter    0x20001158        0x4 CMakeFiles/vgaPico2.dir/home/pdsilva/.pico-sdk/sdk/2.2.0/src/rp2_common/pico_stdio/stdio.c.o
 .bss.heap_end.0
                0x2000115c        0x4 CMakeFiles/vgaPico2.dir/home/pdsilva/.pico-sdk/sdk/2.2.0/src/rp2_common/pico_clib_interface/newlib_interface.c.o
 .bss.i.18      0x20001160        0x4 CMakeFiles/vgaPico2.dir/vga16_graphics_demo.c.o
 .bss.i.19      0x20001164        0x4 CMakeFiles/vgaPico2.dir/vga16_graphics_demo.c.o
 .bss.lazy_vsnprintf
                0x20001168        0x4 CMakeFiles/vgaPico2.dir/home/pdsilva/.pico-sdk/sdk/2.2.0/src/rp2_common/pico_printf/printf.c.o
 .bss.lockout_victim_initialized
                0x2000116c        0x2 CMakeFiles/vgaPico2.dir/home/pdsilva/.pico-sdk/sdk/2.2.0/src/rp2_common/pico_multicore/multicore.c.o
 *fill*         0x2000116e        0x2 
 .bss.num_send_chars.23
                0x20001170        0x4 CMakeFiles/vgaPico2.dir/vga16_graphics_demo.c.o
 .bss.object.0  0x20001174       0x18 /home/pdsilva/.pico-sdk/toolchain/14_2_Rel1/bin/../lib/gcc/arm-none-eabi/14.2.1/thumb/v8-m.main+fp/softfp/crtbegin.o
 .bss.pools     0x2000118c       0x20 CMakeFiles/vgaPico2.dir/home/pdsilva/.pico-sdk/sdk/2.2.0/src/common/pico_time/time.c.o
 .bss.pt_current_char_count.21
                0x200011ac        0x4 CMakeFiles/vgaPico2.dir/vga16_graphics_demo.c.o
 .bss.pt_executed
                0x200011b0        0x4 CMakeFiles/vgaPico2.dir/vga16_graphics_demo.c.o
                0x200011b0                pt_executed
 .bss.pt_executed1
                0x200011b4        0x4 CMakeFiles/vgaPico2.dir/vga16_graphics_demo.c.o
                0x200011b4                pt_executed1
 .bss.pt_sched  0x200011b8        0x4 CMakeFiles/vgaPico2.dir/vga16_graphics_demo.c.o
 .bss.pt_sched1
                0x200011bc        0x4 CMakeFiles/vgaPico2.dir/vga16_graphics_demo.c.o
 .bss.pt_sched_method
                0x200011c0        0x4 CMakeFiles/vgaPico2.dir/vga16_graphics_demo.c.o
                0x200011c0                pt_sched_method
 .bss.pt_serial_in_buffer
                0x200011c4       0xff CMakeFiles/vgaPico2.dir/vga16_graphics_demo.c.o
                0x200011c4                pt_serial_in_buffer
 *fill*         0x200012c3        0x1 
 .bss.pt_serial_out_buffer
                0x200012c4       0xff CMakeFiles/vgaPico2.dir/vga16_graphics_demo.c.o
                0x200012c4                pt_serial_out_buffer
 *fill*         0x200013c3        0x1 
 .bss.pt_serialin
                0x200013c4        0x4 CMakeFiles/vgaPico2.dir/vga16_graphics_demo.c.o
 .bss.pt_serialout
                0x200013c8        0x4 CMakeFiles/vgaPico2.dir/vga16_graphics_demo.c.o
 .bss.pt_task_count
                0x200013cc        0x4 CMakeFiles/vgaPico2.dir/vga16_graphics_demo.c.o
                0x200013cc                pt_task_count
 .bss.pt_task_count1
                0x200013d0        0x4 CMakeFiles/vgaPico2.dir/vga16_graphics_demo.c.o
                0x200013d0                pt_task_count1
 .bss.pt_thread_list
                0x200013d4       0x78 CMakeFiles/vgaPico2.dir/vga16_graphics_demo.c.o
 .bss.pt_thread_list1
                0x2000144c       0x78 CMakeFiles/vgaPico2.dir/vga16_graphics_demo.c.o
 .bss.sched_count
                0x200014c4        0x4 CMakeFiles/vgaPico2.dir/vga16_graphics_demo.c.o
                0x200014c4                sched_count
 .bss.sched_count1
                0x200014c8        0x4 CMakeFiles/vgaPico2.dir/vga16_graphics_demo.c.o
                0x200014c8                sched_count1
 .bss.sched_thread_stats
                0x200014cc       0x28 CMakeFiles/vgaPico2.dir/vga16_graphics_demo.c.o
                0x200014cc                sched_thread_stats
 .bss.sched_thread_stats1
                0x200014f4       0x28 CMakeFiles/vgaPico2.dir/vga16_graphics_demo.c.o
                0x200014f4                sched_thread_stats1
 .bss.sleep_notifier
                0x2000151c        0x4 CMakeFiles/vgaPico2.dir/home/pdsilva/.pico-sdk/sdk/2.2.0/src/common/pico_time/time.c.o
 .bss.time.15   0x20001520        0x4 CMakeFiles/vgaPico2.dir/vga16_graphics_demo.c.o
 .bss.uart_char_to_line_feed
                0x20001524        0x4 CMakeFiles/vgaPico2.dir/home/pdsilva/.pico-sdk/sdk/2.2.0/src/rp2_common/hardware_uart/uart.c.o
                0x20001524                uart_char_to_line_feed
 .bss.vga_data_array
                0x20001528    0x25800 CMakeFiles/vgaPico2.dir/vga16_graphics_v2.c.o
                0x20001528                vga_data_array
 .bss._claimed  0x20026d28        0x2 CMakeFiles/vgaPico2.dir/home/pdsilva/.pico-sdk/sdk/2.2.0/src/rp2_common/hardware_dma/dma.c.o
 .bss.cursor_x  0x20026d2a        0x2 CMakeFiles/vgaPico2.dir/vga16_graphics_v2.c.o
                0x20026d2a                cursor_x
 .bss.cursor_y  0x20026d2c        0x2 CMakeFiles/vgaPico2.dir/vga16_graphics_v2.c.o
                0x20026d2c                cursor_y
 .bss.filled_circle_x.13
                0x20026d2e        0x2 CMakeFiles/vgaPico2.dir/vga16_graphics_demo.c.o
 .bss.textsize  0x20026d30        0x2 CMakeFiles/vgaPico2.dir/vga16_graphics_v2.c.o
                0x20026d30                textsize
 .bss.LED_state.16
                0x20026d32        0x1 CMakeFiles/vgaPico2.dir/vga16_graphics_demo.c.o
 .bss.ch.20     0x20026d33        0x1 CMakeFiles/vgaPico2.dir/vga16_graphics_demo.c.o
 .bss.textbgcolor
                0x20026d34        0x1 CMakeFiles/vgaPico2.dir/vga16_graphics_v2.c.o
                0x20026d34                textbgcolor
 .bss.textcolor
                0x20026d35        0x1 CMakeFiles/vgaPico2.dir/vga16_graphics_v2.c.o
                0x20026d35                textcolor
 *(COMMON)
                [!provide]                        PROVIDE (__global_pointer$ = (. + 0x800))
 *(.sbss*)
                0x20026d38                        . = ALIGN (0x4)
 *fill*         0x20026d36        0x2 
                0x20026d38                        __bss_end__ = .

.heap           0x20026d38      0x800 load address 0x10015c58
                0x20026d38                        __end__ = .
                0x20026d38                        end = __end__
 *(.heap*)
 .heap          0x20026d38      0x800 CMakeFiles/vgaPico2.dir/home/pdsilva/.pico-sdk/sdk/2.2.0/src/rp2_common/pico_crt0/crt0.S.o
                0x20080000                        __HeapLimit = (ORIGIN (RAM) + LENGTH (RAM))

.scratch_x      0x20080000        0x0 load address 0x10015c58
                0x20080000                        __scratch_x_start__ = .
 *(.scratch_x.*)
                0x20080000                        . = ALIGN (0x4)
                0x20080000                        __scratch_x_end__ = .
                0x10015c58                        __scratch_x_source__ = LOADADDR (.scratch_x)

.scratch_y      0x20081000        0x0 load address 0x10015c58
                0x20081000                        __scratch_y_start__ = .
 *(.scratch_y.*)
                0x20081000                        . = ALIGN (0x4)
                0x20081000                        __scratch_y_end__ = .
                0x10015c58                        __scratch_y_source__ = LOADADDR (.scratch_y)

.stack1_dummy   0x20080000      0x800
 *(.stack1*)
 .stack1        0x20080000      0x800 CMakeFiles/vgaPico2.dir/home/pdsilva/.pico-sdk/sdk/2.2.0/src/rp2_common/pico_multicore/multicore.c.o

.stack_dummy    0x20081000      0x800
 *(.stack*)